hwloc/linux: failed to find sysfs cpu topology directory, aborting linux discovery.
hwloc/linux: failed to find sysfs cpu topology directory, aborting linux discovery.
hwloc/linux: failed to find sysfs cpu topology directory, aborting linux discovery.
hwloc/linux: failed to find sysfs cpu topology directory, aborting linux discovery.
[1791437447.960073] [Rog-GA401:7    :0]       tcp_iface.c:893  UCX  ERROR scandir(/sys/class/net) failed: No such file or directory
 MaterialProperties initialized
 Cosmology initialized
 Source terms initialized
  Finished with Grid_initDomain, no restart
 Ready to call Hydro_init
 Hydro initialized
 Gravity initialized
 Initial dt verified
 *** Wrote checkpoint file to flash_run_hdf5_chk_0000 ****
 *** Wrote plotfile to flash_run_hdf5_plt_cnt_0000 ****
 Initial plotfile written
 Driver init all done
       n          t         dt  (         x,          y,          z) |  dt_hydro  dt_Diff  
       1 1.0000E-06 1.2000E-06  (-1.302E-03,  5.339E-02,   0.00    ) |  3.094E-04 2.713E-03
       2 2.2000E-06 1.4400E-06  (-1.302E-03,  5.339E-02,   0.00    ) |  3.094E-04 2.713E-03
       3 3.6400E-06 1.7280E-06  (-1.302E-03,  5.339E-02,   0.00    ) |  3.094E-04 2.713E-03
       4 5.3680E-06 2.0736E-06  (-1.302E-03,  5.339E-02,   0.00    ) |  3.094E-04 2.713E-03
       5 7.4416E-06 2.4883E-06  (-1.302E-03,  5.339E-02,   0.00    ) |  3.094E-04 2.713E-03
       6 9.9299E-06 2.9860E-06  (-1.302E-03,  5.339E-02,   0.00    ) |  3.094E-04 2.713E-03
       7 1.2916E-05 3.5832E-06  (-1.302E-03,  5.339E-02,   0.00    ) |  3.094E-04 2.713E-03
       8 1.6499E-05 4.2998E-06  (-1.302E-03,  5.339E-02,   0.00    ) |  3.094E-04 2.713E-03
       9 2.0799E-05 5.1598E-06  (-1.302E-03,  5.339E-02,   0.00    ) |  3.094E-04 2.713E-03
      10 2.5959E-05 6.1917E-06  (-1.302E-03,  5.339E-02,   0.00    ) |  3.094E-04 2.713E-03
      11 3.2150E-05 7.4301E-06  (-1.302E-03,  5.339E-02,   0.00    ) |  3.094E-04 2.713E-03
      12 3.9581E-05 8.9161E-06  (-1.302E-03,  5.339E-02,   0.00    ) |  3.094E-04 2.713E-03
      13 4.8497E-05 1.0699E-05  (-1.302E-03,  5.339E-02,   0.00    ) |  3.094E-04 2.713E-03
      14 5.9196E-05 1.2839E-05  (-1.302E-03,  5.339E-02,   0.00    ) |  3.094E-04 2.713E-03
      15 7.2035E-05 1.5407E-05  (-1.302E-03,  5.339E-02,   0.00    ) |  3.094E-04 2.713E-03
      16 8.7442E-05 1.8488E-05  (-1.302E-03,  5.339E-02,   0.00    ) |  3.094E-04 2.713E-03
      17 1.0593E-04 2.2186E-05  (-1.302E-03,  5.339E-02,   0.00    ) |  3.094E-04 2.713E-03
      18 1.2812E-04 2.6623E-05  (-1.302E-03,  5.339E-02,   0.00    ) |  3.094E-04 2.713E-03
      19 1.5474E-04 3.1948E-05  (-1.302E-03,  5.339E-02,   0.00    ) |  3.094E-04 2.713E-03
      20 1.8669E-04 3.8338E-05  (-1.302E-03,  5.339E-02,   0.00    ) |  3.094E-04 2.713E-03
      21 2.2503E-04 4.6005E-05  (-1.302E-03,  5.339E-02,   0.00    ) |  3.094E-04 2.713E-03
      22 2.7103E-04 5.5206E-05  (-1.302E-03,  5.339E-02,   0.00    ) |  3.094E-04 2.713E-03
      23 3.2624E-04 6.6247E-05  (-1.302E-03,  5.339E-02,   0.00    ) |  3.094E-04 2.713E-03
      24 3.9248E-04 7.9497E-05  (-1.302E-03,  5.339E-02,   0.00    ) |  3.095E-04 2.713E-03
      25 4.7198E-04 9.5396E-05  (-1.302E-03,  5.339E-02,   0.00    ) |  3.095E-04 2.713E-03
      26 5.6738E-04 1.1448E-04  ( 1.302E-03,  5.339E-02,   0.00    ) |  3.095E-04 2.713E-03
      27 6.8185E-04 1.3737E-04  (-1.302E-03,  5.339E-02,   0.00    ) |  3.095E-04 2.713E-03
      28 8.1922E-04 1.6484E-04  ( 1.302E-03,  5.339E-02,   0.00    ) |  3.095E-04 2.713E-03
      29 9.8407E-04 1.9781E-04  ( 1.302E-03,  5.339E-02,   0.00    ) |  3.095E-04 2.713E-03
      30 1.1819E-03 2.3738E-04  ( 1.302E-03,  5.339E-02,   0.00    ) |  3.095E-04 2.713E-03
      31 1.4193E-03 2.8485E-04  (-1.302E-03,  5.339E-02,   0.00    ) |  3.095E-04 2.713E-03
      32 1.7041E-03 3.0947E-04  (-1.302E-03,  5.339E-02,   0.00    ) |  3.095E-04 2.713E-03
      33 2.0136E-03 3.0947E-04  (-1.302E-03,  5.339E-02,   0.00    ) |  3.095E-04 2.713E-03
      34 2.3230E-03 3.0947E-04  (-1.302E-03,  5.339E-02,   0.00    ) |  3.095E-04 2.713E-03
      35 2.6325E-03 3.0947E-04  (-1.302E-03,  5.339E-02,   0.00    ) |  3.095E-04 2.713E-03
      36 2.9420E-03 3.0948E-04  (-1.302E-03,  5.339E-02,   0.00    ) |  3.095E-04 2.713E-03
      37 3.2515E-03 3.0948E-04  (-1.302E-03,  5.339E-02,   0.00    ) |  3.095E-04 2.713E-03
      38 3.5609E-03 3.0948E-04  (-1.302E-03,  5.339E-02,   0.00    ) |  3.095E-04 2.713E-03
      39 3.8704E-03 3.0948E-04  (-1.302E-03,  5.339E-02,   0.00    ) |  3.095E-04 2.713E-03
      40 4.1799E-03 3.0948E-04  (-1.302E-03,  5.339E-02,   0.00    ) |  3.095E-04 2.713E-03
      41 4.4894E-03 3.0948E-04  (-1.302E-03,  5.339E-02,   0.00    ) |  3.095E-04 2.713E-03
      42 4.7989E-03 3.0948E-04  (-1.302E-03,  5.339E-02,   0.00    ) |  3.095E-04 2.713E-03
      43 5.1083E-03 3.0948E-04  (-1.302E-03,  5.339E-02,   0.00    ) |  3.095E-04 2.713E-03
      44 5.4178E-03 3.0948E-04  (-1.302E-03,  5.339E-02,   0.00    ) |  3.095E-04 2.713E-03
      45 5.7273E-03 3.0948E-04  (-1.302E-03,  5.339E-02,   0.00    ) |  3.095E-04 2.713E-03
      46 6.0368E-03 3.0948E-04  (-1.302E-03,  5.339E-02,   0.00    ) |  3.095E-04 2.713E-03
      47 6.3463E-03 3.0948E-04  (-1.302E-03,  5.339E-02,   0.00    ) |  3.095E-04 2.713E-03
      48 6.6558E-03 3.0948E-04  (-1.302E-03,  5.339E-02,   0.00    ) |  3.095E-04 2.713E-03
      49 6.9653E-03 3.0948E-04  (-1.302E-03,  5.339E-02,   0.00    ) |  3.095E-04 2.713E-03
      50 7.2747E-03 3.0948E-04  (-1.302E-03,  5.339E-02,   0.00    ) |  3.095E-04 2.713E-03
      51 7.5842E-03 3.0948E-04  (-1.302E-03,  5.339E-02,   0.00    ) |  3.095E-04 2.713E-03
      52 7.8937E-03 3.0948E-04  (-1.302E-03,  5.339E-02,   0.00    ) |  3.095E-04 2.713E-03
      53 8.2032E-03 3.0948E-04  (-1.302E-03,  5.339E-02,   0.00    ) |  3.095E-04 2.713E-03
      54 8.5127E-03 3.0949E-04  (-1.302E-03,  5.339E-02,   0.00    ) |  3.095E-04 2.713E-03
      55 8.8222E-03 3.0949E-04  (-1.302E-03,  5.339E-02,   0.00    ) |  3.095E-04 2.713E-03
      56 9.1316E-03 3.0949E-04  (-1.302E-03,  5.339E-02,   0.00    ) |  3.095E-04 2.713E-03
      57 9.4411E-03 3.0949E-04  (-1.302E-03,  5.339E-02,   0.00    ) |  3.095E-04 2.713E-03
      58 9.7506E-03 3.0949E-04  (-1.302E-03,  5.339E-02,   0.00    ) |  3.095E-04 2.713E-03
      59 1.0060E-02 3.0949E-04  (-1.302E-03,  5.339E-02,   0.00    ) |  3.095E-04 2.713E-03
      60 1.0370E-02 3.0949E-04  (-1.302E-03,  5.339E-02,   0.00    ) |  3.095E-04 2.713E-03
      61 1.0679E-02 3.0949E-04  (-1.302E-03,  5.339E-02,   0.00    ) |  3.095E-04 2.713E-03
      62 1.0989E-02 3.0949E-04  (-1.302E-03,  5.339E-02,   0.00    ) |  3.095E-04 2.713E-03
      63 1.1298E-02 3.0949E-04  (-1.302E-03,  5.339E-02,   0.00    ) |  3.095E-04 2.713E-03
      64 1.1608E-02 3.0949E-04  (-1.302E-03,  5.339E-02,   0.00    ) |  3.095E-04 2.713E-03
      65 1.1917E-02 3.0949E-04  (-1.302E-03,  5.339E-02,   0.00    ) |  3.095E-04 2.713E-03
      66 1.2227E-02 3.0949E-04  (-1.302E-03,  5.339E-02,   0.00    ) |  3.095E-04 2.713E-03
      67 1.2536E-02 3.0949E-04  (-1.302E-03,  5.339E-02,   0.00    ) |  3.095E-04 2.713E-03
      68 1.2846E-02 3.0950E-04  (-1.302E-03,  5.339E-02,   0.00    ) |  3.095E-04 2.713E-03
      69 1.3155E-02 3.0950E-04  (-1.302E-03,  5.339E-02,   0.00    ) |  3.095E-04 2.713E-03
      70 1.3465E-02 3.0950E-04  (-1.302E-03,  5.339E-02,   0.00    ) |  3.095E-04 2.713E-03
      71 1.3774E-02 3.0950E-04  (-1.302E-03,  5.339E-02,   0.00    ) |  3.095E-04 2.713E-03
      72 1.4084E-02 3.0950E-04  (-1.302E-03,  5.339E-02,   0.00    ) |  3.095E-04 2.713E-03
      73 1.4393E-02 3.0950E-04  (-1.302E-03,  5.339E-02,   0.00    ) |  3.095E-04 2.713E-03
      74 1.4703E-02 3.0950E-04  (-1.302E-03,  5.339E-02,   0.00    ) |  3.095E-04 2.713E-03
      75 1.5012E-02 3.0950E-04  (-1.302E-03,  5.339E-02,   0.00    ) |  3.095E-04 2.713E-03
      76 1.5322E-02 3.0950E-04  (-1.302E-03,  5.339E-02,   0.00    ) |  3.095E-04 2.713E-03
      77 1.5631E-02 3.0951E-04  (-1.302E-03,  5.339E-02,   0.00    ) |  3.095E-04 2.713E-03
      78 1.5941E-02 3.0951E-04  (-1.302E-03,  5.339E-02,   0.00    ) |  3.095E-04 2.713E-03
      79 1.6250E-02 3.0951E-04  (-1.302E-03,  5.339E-02,   0.00    ) |  3.095E-04 2.713E-03
      80 1.6560E-02 3.0951E-04  (-1.302E-03,  5.339E-02,   0.00    ) |  3.095E-04 2.713E-03
      81 1.6869E-02 3.0951E-04  (-1.302E-03,  5.339E-02,   0.00    ) |  3.095E-04 2.713E-03
      82 1.7179E-02 3.0951E-04  (-1.302E-03,  5.339E-02,   0.00    ) |  3.095E-04 2.713E-03
      83 1.7488E-02 3.0951E-04  (-1.302E-03,  5.339E-02,   0.00    ) |  3.095E-04 2.713E-03
      84 1.7798E-02 3.0951E-04  (-1.302E-03,  5.339E-02,   0.00    ) |  3.095E-04 2.713E-03
      85 1.8107E-02 3.0951E-04  (-1.302E-03,  5.339E-02,   0.00    ) |  3.095E-04 2.713E-03
      86 1.8417E-02 3.0951E-04  (-1.302E-03,  5.339E-02,   0.00    ) |  3.095E-04 2.713E-03
      87 1.8726E-02 3.0951E-04  (-1.302E-03,  5.339E-02,   0.00    ) |  3.095E-04 2.713E-03
      88 1.9036E-02 3.0951E-04  (-1.302E-03,  5.339E-02,   0.00    ) |  3.095E-04 2.713E-03
      89 1.9345E-02 3.0951E-04  (-1.302E-03,  5.339E-02,   0.00    ) |  3.095E-04 2.713E-03
      90 1.9655E-02 3.0950E-04  (-1.302E-03,  5.339E-02,   0.00    ) |  3.095E-04 2.713E-03
      91 1.9964E-02 3.0950E-04  (-1.302E-03,  5.339E-02,   0.00    ) |  3.095E-04 2.713E-03
      92 2.0274E-02 3.0950E-04  (-1.302E-03,  5.339E-02,   0.00    ) |  3.095E-04 2.713E-03
      93 2.0583E-02 3.0950E-04  (-1.302E-03,  5.339E-02,   0.00    ) |  3.095E-04 2.713E-03
      94 2.0893E-02 3.0950E-04  (-1.302E-03,  5.339E-02,   0.00    ) |  3.095E-04 2.713E-03
      95 2.1202E-02 3.0949E-04  (-1.302E-03,  5.339E-02,   0.00    ) |  3.095E-04 2.713E-03
      96 2.1512E-02 3.0949E-04  (-1.302E-03,  5.339E-02,   0.00    ) |  3.095E-04 2.713E-03
      97 2.1821E-02 3.0949E-04  (-1.302E-03,  5.339E-02,   0.00    ) |  3.095E-04 2.713E-03
      98 2.2131E-02 3.0949E-04  (-1.302E-03,  5.339E-02,   0.00    ) |  3.095E-04 2.713E-03
      99 2.2440E-02 3.0948E-04  (-1.302E-03,  5.339E-02,   0.00    ) |  3.095E-04 2.713E-03
     100 2.2750E-02 3.0948E-04  (-1.302E-03,  5.339E-02,   0.00    ) |  3.095E-04 2.713E-03
     101 2.3059E-02 3.0947E-04  (-1.302E-03,  5.339E-02,   0.00    ) |  3.095E-04 2.713E-03
     102 2.3369E-02 3.0947E-04  (-1.302E-03,  5.339E-02,   0.00    ) |  3.095E-04 2.713E-03
     103 2.3678E-02 3.0947E-04  (-1.302E-03,  5.339E-02,   0.00    ) |  3.095E-04 2.713E-03
     104 2.3987E-02 3.0946E-04  (-1.302E-03,  5.339E-02,   0.00    ) |  3.095E-04 2.713E-03
     105 2.4297E-02 3.0946E-04  (-1.302E-03,  5.339E-02,   0.00    ) |  3.095E-04 2.713E-03
     106 2.4606E-02 3.0945E-04  (-1.302E-03,  5.339E-02,   0.00    ) |  3.095E-04 2.713E-03
     107 2.4916E-02 3.0945E-04  (-1.302E-03,  5.339E-02,   0.00    ) |  3.094E-04 2.713E-03
 *** Wrote plotfile to flash_run_hdf5_plt_cnt_0001 ****
     108 2.5225E-02 3.0944E-04  (-1.302E-03,  5.339E-02,   0.00    ) |  3.094E-04 2.713E-03
     109 2.5535E-02 3.0943E-04  (-1.302E-03,  5.339E-02,   0.00    ) |  3.094E-04 2.713E-03
     110 2.5844E-02 3.0943E-04  (-1.302E-03,  5.339E-02,   0.00    ) |  3.094E-04 2.713E-03
     111 2.6154E-02 3.0942E-04  (-1.302E-03,  5.339E-02,   0.00    ) |  3.094E-04 2.713E-03
     112 2.6463E-02 3.0942E-04  (-1.302E-03,  5.339E-02,   0.00    ) |  3.094E-04 2.713E-03
     113 2.6772E-02 3.0941E-04  (-1.302E-03,  5.339E-02,   0.00    ) |  3.094E-04 2.713E-03
     114 2.7082E-02 3.0940E-04  (-1.302E-03,  5.339E-02,   0.00    ) |  3.094E-04 2.713E-03
     115 2.7391E-02 3.0940E-04  (-1.302E-03,  5.339E-02,   0.00    ) |  3.094E-04 2.713E-03
     116 2.7701E-02 3.0939E-04  (-1.302E-03,  5.339E-02,   0.00    ) |  3.094E-04 2.713E-03
     117 2.8010E-02 3.0938E-04  (-1.302E-03,  5.339E-02,   0.00    ) |  3.094E-04 2.713E-03
     118 2.8319E-02 3.0938E-04  (-1.302E-03,  5.339E-02,   0.00    ) |  3.094E-04 2.713E-03
     119 2.8629E-02 3.0937E-04  (-1.302E-03,  5.339E-02,   0.00    ) |  3.094E-04 2.713E-03
     120 2.8938E-02 3.0936E-04  (-1.302E-03,  5.339E-02,   0.00    ) |  3.094E-04 2.713E-03
     121 2.9247E-02 3.0936E-04  (-1.302E-03,  5.339E-02,   0.00    ) |  3.094E-04 2.713E-03
     122 2.9557E-02 3.0935E-04  (-1.302E-03,  5.339E-02,   0.00    ) |  3.094E-04 2.713E-03
     123 2.9866E-02 3.0934E-04  (-1.302E-03,  5.339E-02,   0.00    ) |  3.093E-04 2.713E-03
     124 3.0176E-02 3.0934E-04  (-1.302E-03,  5.339E-02,   0.00    ) |  3.093E-04 2.713E-03
     125 3.0485E-02 3.0933E-04  (-1.302E-03,  5.339E-02,   0.00    ) |  3.093E-04 2.713E-03
     126 3.0794E-02 3.0932E-04  (-1.302E-03,  5.339E-02,   0.00    ) |  3.093E-04 2.713E-03
     127 3.1104E-02 3.0932E-04  (-1.302E-03,  5.339E-02,   0.00    ) |  3.093E-04 2.713E-03
     128 3.1413E-02 3.0931E-04  (-1.302E-03,  5.339E-02,   0.00    ) |  3.093E-04 2.713E-03
     129 3.1722E-02 3.0930E-04  (-1.302E-03,  5.339E-02,   0.00    ) |  3.093E-04 2.713E-03
     130 3.2031E-02 3.0930E-04  (-1.302E-03,  5.339E-02,   0.00    ) |  3.093E-04 2.713E-03
     131 3.2341E-02 3.0929E-04  (-1.302E-03,  5.339E-02,   0.00    ) |  3.093E-04 2.713E-03
     132 3.2650E-02 3.0928E-04  (-1.302E-03,  5.339E-02,   0.00    ) |  3.093E-04 2.713E-03
     133 3.2959E-02 3.0928E-04  (-1.302E-03,  5.339E-02,   0.00    ) |  3.093E-04 2.713E-03
     134 3.3269E-02 3.0927E-04  (-1.302E-03,  5.339E-02,   0.00    ) |  3.093E-04 2.713E-03
     135 3.3578E-02 3.0926E-04  (-1.302E-03,  5.339E-02,   0.00    ) |  3.093E-04 2.713E-03
     136 3.3887E-02 3.0925E-04  (-1.302E-03,  5.339E-02,   0.00    ) |  3.093E-04 2.713E-03
     137 3.4196E-02 3.0925E-04  (-1.302E-03,  5.339E-02,   0.00    ) |  3.092E-04 2.713E-03
     138 3.4506E-02 3.0924E-04  (-1.302E-03,  5.339E-02,   0.00    ) |  3.092E-04 2.713E-03
     139 3.4815E-02 3.0923E-04  (-1.302E-03,  5.339E-02,   0.00    ) |  3.092E-04 2.713E-03
     140 3.5124E-02 3.0923E-04  (-1.302E-03,  5.339E-02,   0.00    ) |  3.092E-04 2.713E-03
     141 3.5433E-02 3.0922E-04  (-1.302E-03,  5.339E-02,   0.00    ) |  3.092E-04 2.713E-03
     142 3.5743E-02 3.0922E-04  (-1.302E-03,  5.339E-02,   0.00    ) |  3.092E-04 2.713E-03
     143 3.6052E-02 3.0921E-04  (-1.302E-03,  5.339E-02,   0.00    ) |  3.092E-04 2.713E-03
     144 3.6361E-02 3.0920E-04  (-1.302E-03,  5.339E-02,   0.00    ) |  3.092E-04 2.713E-03
     145 3.6670E-02 3.0920E-04  (-1.302E-03,  5.339E-02,   0.00    ) |  3.092E-04 2.713E-03
     146 3.6979E-02 3.0919E-04  (-1.302E-03,  5.339E-02,   0.00    ) |  3.092E-04 2.713E-03
     147 3.7289E-02 3.0918E-04  (-1.302E-03,  5.339E-02,   0.00    ) |  3.092E-04 2.713E-03
     148 3.7598E-02 3.0918E-04  (-1.302E-03,  5.339E-02,   0.00    ) |  3.092E-04 2.713E-03
     149 3.7907E-02 3.0917E-04  (-1.302E-03,  5.339E-02,   0.00    ) |  3.092E-04 2.713E-03
     150 3.8216E-02 3.0917E-04  (-1.302E-03,  5.339E-02,   0.00    ) |  3.092E-04 2.713E-03
     151 3.8525E-02 3.0916E-04  (-1.302E-03,  5.339E-02,   0.00    ) |  3.092E-04 2.713E-03
     152 3.8834E-02 3.0915E-04  (-1.302E-03,  5.339E-02,   0.00    ) |  3.092E-04 2.713E-03
     153 3.9144E-02 3.0915E-04  (-1.302E-03,  5.339E-02,   0.00    ) |  3.091E-04 2.713E-03
     154 3.9453E-02 3.0914E-04  (-1.302E-03,  5.339E-02,   0.00    ) |  3.091E-04 2.713E-03
     155 3.9762E-02 3.0914E-04  (-1.302E-03,  5.339E-02,   0.00    ) |  3.091E-04 2.713E-03
     156 4.0071E-02 3.0913E-04  (-1.302E-03,  5.339E-02,   0.00    ) |  3.091E-04 2.713E-03
     157 4.0380E-02 3.0913E-04  (-1.302E-03,  5.339E-02,   0.00    ) |  3.091E-04 2.713E-03
     158 4.0689E-02 3.0912E-04  (-1.302E-03,  5.339E-02,   0.00    ) |  3.091E-04 2.713E-03
     159 4.0998E-02 3.0911E-04  (-1.302E-03,  5.339E-02,   0.00    ) |  3.091E-04 2.713E-03
     160 4.1308E-02 3.0911E-04  (-1.302E-03,  5.339E-02,   0.00    ) |  3.091E-04 2.713E-03
     161 4.1617E-02 3.0910E-04  (-1.302E-03,  5.339E-02,   0.00    ) |  3.091E-04 2.713E-03
     162 4.1926E-02 3.0910E-04  (-1.302E-03,  5.339E-02,   0.00    ) |  3.091E-04 2.713E-03
     163 4.2235E-02 3.0909E-04  (-1.302E-03,  5.339E-02,   0.00    ) |  3.091E-04 2.713E-03
     164 4.2544E-02 3.0909E-04  (-1.302E-03,  5.339E-02,   0.00    ) |  3.091E-04 2.713E-03
     165 4.2853E-02 3.0908E-04  (-1.302E-03,  5.339E-02,   0.00    ) |  3.091E-04 2.713E-03
     166 4.3162E-02 3.0908E-04  (-1.302E-03,  5.339E-02,   0.00    ) |  3.091E-04 2.713E-03
     167 4.3471E-02 3.0907E-04  (-1.302E-03,  5.339E-02,   0.00    ) |  3.091E-04 2.713E-03
     168 4.3780E-02 3.0907E-04  (-1.302E-03,  5.339E-02,   0.00    ) |  3.091E-04 2.713E-03
     169 4.4089E-02 3.0906E-04  (-1.302E-03,  5.339E-02,   0.00    ) |  3.091E-04 2.713E-03
     170 4.4398E-02 3.0906E-04  (-1.302E-03,  5.339E-02,   0.00    ) |  3.091E-04 2.713E-03
     171 4.4707E-02 3.0905E-04  (-1.302E-03,  5.339E-02,   0.00    ) |  3.091E-04 2.713E-03
     172 4.5016E-02 3.0905E-04  (-1.302E-03,  5.339E-02,   0.00    ) |  3.090E-04 2.713E-03
     173 4.5326E-02 3.0904E-04  (-1.302E-03,  5.339E-02,   0.00    ) |  3.090E-04 2.713E-03
     174 4.5635E-02 3.0904E-04  (-1.302E-03,  5.339E-02,   0.00    ) |  3.090E-04 2.713E-03
     175 4.5944E-02 3.0903E-04  (-1.302E-03,  5.339E-02,   0.00    ) |  3.090E-04 2.713E-03
     176 4.6253E-02 3.0903E-04  (-1.302E-03,  5.339E-02,   0.00    ) |  3.090E-04 2.713E-03
     177 4.6562E-02 3.0903E-04  (-1.302E-03,  5.339E-02,   0.00    ) |  3.090E-04 2.713E-03
     178 4.6871E-02 3.0902E-04  (-1.302E-03,  5.339E-02,   0.00    ) |  3.090E-04 2.713E-03
     179 4.7180E-02 3.0902E-04  (-1.302E-03,  5.339E-02,   0.00    ) |  3.090E-04 2.713E-03
     180 4.7489E-02 3.0901E-04  (-1.302E-03,  5.339E-02,   0.00    ) |  3.090E-04 2.713E-03
     181 4.7798E-02 3.0901E-04  (-1.302E-03,  5.339E-02,   0.00    ) |  3.090E-04 2.713E-03
     182 4.8107E-02 3.0900E-04  (-1.302E-03,  5.339E-02,   0.00    ) |  3.090E-04 2.713E-03
     183 4.8416E-02 3.0900E-04  (-1.302E-03,  5.339E-02,   0.00    ) |  3.090E-04 2.713E-03
     184 4.8725E-02 3.0899E-04  (-1.302E-03,  5.339E-02,   0.00    ) |  3.090E-04 2.713E-03
     185 4.9034E-02 3.0899E-04  (-1.302E-03,  5.339E-02,   0.00    ) |  3.090E-04 2.713E-03
     186 4.9343E-02 3.0899E-04  (-1.302E-03,  5.339E-02,   0.00    ) |  3.090E-04 2.713E-03
     187 4.9652E-02 3.0898E-04  (-1.302E-03,  5.339E-02,   0.00    ) |  3.090E-04 2.713E-03
     188 4.9961E-02 3.0898E-04  (-1.302E-03,  5.339E-02,   0.00    ) |  3.090E-04 2.713E-03
 *** Wrote plotfile to flash_run_hdf5_plt_cnt_0002 ****
     189 5.0270E-02 3.0897E-04  (-1.302E-03,  5.339E-02,   0.00    ) |  3.090E-04 2.713E-03
     190 5.0579E-02 3.0897E-04  (-1.302E-03,  5.339E-02,   0.00    ) |  3.090E-04 2.713E-03
     191 5.0888E-02 3.0897E-04  (-1.302E-03,  5.339E-02,   0.00    ) |  3.090E-04 2.713E-03
     192 5.1197E-02 3.0896E-04  (-1.302E-03,  5.339E-02,   0.00    ) |  3.090E-04 2.713E-03
     193 5.1506E-02 3.0896E-04  (-1.302E-03,  5.339E-02,   0.00    ) |  3.090E-04 2.713E-03
     194 5.1815E-02 3.0895E-04  (-1.302E-03,  5.339E-02,   0.00    ) |  3.090E-04 2.713E-03
     195 5.2123E-02 3.0895E-04  (-1.302E-03,  5.339E-02,   0.00    ) |  3.090E-04 2.713E-03
     196 5.2432E-02 3.0895E-04  (-1.302E-03,  5.339E-02,   0.00    ) |  3.089E-04 2.713E-03
     197 5.2741E-02 3.0894E-04  (-1.302E-03,  5.339E-02,   0.00    ) |  3.089E-04 2.713E-03
     198 5.3050E-02 3.0894E-04  (-1.302E-03,  5.339E-02,   0.00    ) |  3.089E-04 2.713E-03
     199 5.3359E-02 3.0894E-04  (-1.302E-03,  5.339E-02,   0.00    ) |  3.089E-04 2.713E-03
     200 5.3668E-02 3.0893E-04  (-1.302E-03,  5.339E-02,   0.00    ) |  3.089E-04 2.713E-03
     201 5.3977E-02 3.0893E-04  (-1.302E-03,  5.339E-02,   0.00    ) |  3.089E-04 2.713E-03
     202 5.4286E-02 3.0893E-04  (-1.302E-03,  5.339E-02,   0.00    ) |  3.089E-04 2.713E-03
     203 5.4595E-02 3.0892E-04  (-1.302E-03,  5.339E-02,   0.00    ) |  3.089E-04 2.713E-03
     204 5.4904E-02 3.0892E-04  (-1.302E-03,  5.339E-02,   0.00    ) |  3.089E-04 2.713E-03
     205 5.5213E-02 3.0891E-04  (-1.302E-03,  5.339E-02,   0.00    ) |  3.089E-04 2.713E-03
     206 5.5522E-02 3.0891E-04  (-1.302E-03,  5.339E-02,   0.00    ) |  3.089E-04 2.713E-03
     207 5.5831E-02 3.0891E-04  (-1.302E-03,  5.339E-02,   0.00    ) |  3.089E-04 2.713E-03
     208 5.6140E-02 3.0890E-04  (-1.302E-03,  5.339E-02,   0.00    ) |  3.089E-04 2.713E-03
     209 5.6448E-02 3.0890E-04  (-1.302E-03,  5.339E-02,   0.00    ) |  3.089E-04 2.713E-03
     210 5.6757E-02 3.0890E-04  (-1.302E-03,  5.339E-02,   0.00    ) |  3.089E-04 2.713E-03
     211 5.7066E-02 3.0889E-04  (-1.302E-03,  5.339E-02,   0.00    ) |  3.089E-04 2.713E-03
     212 5.7375E-02 3.0889E-04  (-1.302E-03,  5.339E-02,   0.00    ) |  3.089E-04 2.713E-03
     213 5.7684E-02 3.0889E-04  (-1.302E-03,  5.339E-02,   0.00    ) |  3.089E-04 2.713E-03
     214 5.7993E-02 3.0888E-04  (-1.302E-03,  5.339E-02,   0.00    ) |  3.089E-04 2.713E-03
     215 5.8302E-02 3.0888E-04  (-1.302E-03,  5.339E-02,   0.00    ) |  3.089E-04 2.713E-03
     216 5.8611E-02 3.0888E-04  (-1.302E-03,  5.339E-02,   0.00    ) |  3.089E-04 2.713E-03
     217 5.8920E-02 3.0888E-04  (-1.302E-03,  5.339E-02,   0.00    ) |  3.089E-04 2.713E-03
     218 5.9228E-02 3.0887E-04  (-1.302E-03,  5.339E-02,   0.00    ) |  3.089E-04 2.713E-03
     219 5.9537E-02 3.0887E-04  (-1.302E-03,  5.339E-02,   0.00    ) |  3.089E-04 2.713E-03
     220 5.9846E-02 3.0887E-04  (-1.302E-03,  5.339E-02,   0.00    ) |  3.089E-04 2.713E-03
     221 6.0155E-02 3.0886E-04  (-1.302E-03,  5.339E-02,   0.00    ) |  3.089E-04 2.713E-03
     222 6.0464E-02 3.0886E-04  (-1.302E-03,  5.339E-02,   0.00    ) |  3.089E-04 2.713E-03
     223 6.0773E-02 3.0886E-04  (-1.302E-03,  5.339E-02,   0.00    ) |  3.089E-04 2.713E-03
     224 6.1082E-02 3.0885E-04  (-1.302E-03,  5.339E-02,   0.00    ) |  3.089E-04 2.713E-03
     225 6.1390E-02 3.0885E-04  (-1.302E-03,  5.339E-02,   0.00    ) |  3.089E-04 2.713E-03
     226 6.1699E-02 3.0885E-04  (-1.302E-03,  5.339E-02,   0.00    ) |  3.088E-04 2.713E-03
     227 6.2008E-02 3.0885E-04  (-1.302E-03,  5.339E-02,   0.00    ) |  3.088E-04 2.713E-03
