hwloc/linux: failed to find sysfs cpu topology directory, aborting linux discovery.
hwloc/linux: failed to find sysfs cpu topology directory, aborting linux discovery.
hwloc/linux: failed to find sysfs cpu topology directory, aborting linux discovery.
hwloc/linux: failed to find sysfs cpu topology directory, aborting linux discovery.
hwloc/linux: failed to find sysfs cpu topology directory, aborting linux discovery.
hwloc/linux: failed to find sysfs cpu topology directory, aborting linux discovery.
hwloc/linux: failed to find sysfs cpu topology directory, aborting linux discovery.
hwloc/linux: failed to find sysfs cpu topology directory, aborting linux discovery.
hwloc/linux: failed to find sysfs cpu topology directory, aborting linux discovery.
hwloc/linux: failed to find sysfs cpu topology directory, aborting linux discovery.
[1791439102.534562] [Rog-GA401:7    :0]       tcp_iface.c:893  UCX  ERROR scandir(/sys/class/net) failed: No such file or directory
[1791439102.534650] [Rog-GA401:8    :0]       tcp_iface.c:893  UCX  ERROR scandir(/sys/class/net) failed: No such file or directory
[1791439102.534706] [Rog-GA401:9    :0]       tcp_iface.c:893  UCX  ERROR scandir(/sys/class/net) failed: No such file or directory
[1791439102.534635] [Rog-GA401:10   :0]       tcp_iface.c:893  UCX  ERROR scandir(/sys/class/net) failed: No such file or directory
 MaterialProperties initialized
 Cosmology initialized
 Source terms initialized
  Finished with Grid_initDomain, no restart
 Ready to call Hydro_init
 Hydro initialized
 Gravity initialized
 Initial dt verified
 *** Wrote checkpoint file to flash_run_hdf5_chk_0000 ****
 *** Wrote plotfile to flash_run_hdf5_plt_cnt_0000 ****
 Initial plotfile written
 Driver init all done
       n          t         dt  (         x,          y,          z) |  dt_hydro  dt_Diff  
       1 1.0000E-06 1.2000E-06  (-1.953E-03, -5.273E-02,   0.00    ) |  9.284E-04 3.052E-03
       2 2.2000E-06 1.4400E-06  (-1.953E-03, -5.273E-02,   0.00    ) |  9.284E-04 3.052E-03
       3 3.6400E-06 1.7280E-06  (-1.953E-03, -5.273E-02,   0.00    ) |  9.284E-04 3.052E-03
       4 5.3680E-06 2.0736E-06  (-1.953E-03, -5.273E-02,   0.00    ) |  9.284E-04 3.052E-03
       5 7.4416E-06 2.4883E-06  (-1.953E-03, -5.273E-02,   0.00    ) |  9.284E-04 3.052E-03
       6 9.9299E-06 2.9860E-06  (-1.953E-03, -5.273E-02,   0.00    ) |  9.284E-04 3.052E-03
       7 1.2916E-05 3.5832E-06  (-1.953E-03, -5.273E-02,   0.00    ) |  9.284E-04 3.052E-03
       8 1.6499E-05 4.2998E-06  (-1.953E-03, -5.273E-02,   0.00    ) |  9.284E-04 3.052E-03
       9 2.0799E-05 5.1598E-06  (-1.953E-03, -5.273E-02,   0.00    ) |  9.284E-04 3.052E-03
      10 2.5959E-05 6.1917E-06  (-1.953E-03, -5.273E-02,   0.00    ) |  9.284E-04 3.052E-03
      11 3.2150E-05 7.4301E-06  (-1.953E-03, -5.273E-02,   0.00    ) |  9.284E-04 3.052E-03
      12 3.9581E-05 8.9161E-06  (-1.953E-03, -5.273E-02,   0.00    ) |  9.284E-04 3.052E-03
      13 4.8497E-05 1.0699E-05  (-1.953E-03, -5.273E-02,   0.00    ) |  9.284E-04 3.052E-03
      14 5.9196E-05 1.2839E-05  (-1.953E-03, -5.273E-02,   0.00    ) |  9.284E-04 3.052E-03
      15 7.2035E-05 1.5407E-05  (-1.953E-03, -5.273E-02,   0.00    ) |  9.284E-04 3.052E-03
      16 8.7442E-05 1.8488E-05  (-1.953E-03, -5.273E-02,   0.00    ) |  9.284E-04 3.052E-03
      17 1.0593E-04 2.2186E-05  (-1.953E-03, -5.273E-02,   0.00    ) |  9.284E-04 3.052E-03
      18 1.2812E-04 2.6623E-05  (-1.953E-03, -5.273E-02,   0.00    ) |  9.284E-04 3.052E-03
      19 1.5474E-04 3.1948E-05  (-1.953E-03, -5.273E-02,   0.00    ) |  9.284E-04 3.052E-03
      20 1.8669E-04 3.8338E-05  (-1.953E-03, -5.273E-02,   0.00    ) |  9.284E-04 3.052E-03
      21 2.2503E-04 4.6005E-05  (-1.953E-03, -5.273E-02,   0.00    ) |  9.284E-04 3.052E-03
      22 2.7103E-04 5.5206E-05  (-1.953E-03, -5.273E-02,   0.00    ) |  9.284E-04 3.052E-03
      23 3.2624E-04 6.6247E-05  (-1.953E-03, -5.273E-02,   0.00    ) |  9.284E-04 3.052E-03
      24 3.9248E-04 7.9497E-05  (-1.953E-03, -5.273E-02,   0.00    ) |  9.284E-04 3.052E-03
      25 4.7198E-04 9.5396E-05  (-1.953E-03, -5.273E-02,   0.00    ) |  9.284E-04 3.052E-03
      26 5.6738E-04 1.1448E-04  (-1.953E-03, -5.273E-02,   0.00    ) |  9.284E-04 3.052E-03
      27 6.8185E-04 1.3737E-04  (-1.953E-03, -5.273E-02,   0.00    ) |  9.284E-04 3.052E-03
      28 8.1922E-04 1.6484E-04  (-1.953E-03, -5.273E-02,   0.00    ) |  9.284E-04 3.052E-03
      29 9.8407E-04 1.9781E-04  (-1.953E-03, -5.273E-02,   0.00    ) |  9.285E-04 3.052E-03
      30 1.1819E-03 2.3738E-04  ( 1.953E-03, -5.273E-02,   0.00    ) |  9.285E-04 3.052E-03
      31 1.4193E-03 2.8485E-04  ( 1.953E-03, -5.273E-02,   0.00    ) |  9.285E-04 3.052E-03
      32 1.7041E-03 3.4182E-04  ( 1.953E-03, -5.273E-02,   0.00    ) |  9.285E-04 3.052E-03
      33 2.0459E-03 4.1019E-04  ( 1.953E-03,  5.273E-02,   0.00    ) |  9.285E-04 3.052E-03
      34 2.4561E-03 4.9222E-04  ( 1.953E-03, -5.273E-02,   0.00    ) |  9.286E-04 3.052E-03
      35 2.9483E-03 5.9067E-04  ( 1.953E-03, -5.273E-02,   0.00    ) |  9.286E-04 3.052E-03
      36 3.5390E-03 7.0880E-04  ( 1.953E-03, -5.273E-02,   0.00    ) |  9.286E-04 3.052E-03
      37 4.2478E-03 8.5056E-04  (-1.953E-03,  5.273E-02,   0.00    ) |  9.286E-04 3.052E-03
      38 5.0984E-03 9.2867E-04  (-1.953E-03,  5.273E-02,   0.00    ) |  9.287E-04 3.052E-03
      39 6.0270E-03 9.2870E-04  (-1.953E-03,  5.273E-02,   0.00    ) |  9.287E-04 3.052E-03
      40 6.9557E-03 9.2872E-04  (-1.953E-03, -5.273E-02,   0.00    ) |  9.287E-04 3.052E-03
      41 7.8845E-03 9.2875E-04  ( 1.953E-03, -5.273E-02,   0.00    ) |  9.288E-04 3.052E-03
      42 8.8132E-03 9.2879E-04  (-1.953E-03, -5.273E-02,   0.00    ) |  9.288E-04 3.052E-03
      43 9.7420E-03 9.2882E-04  (-1.953E-03,  5.273E-02,   0.00    ) |  9.288E-04 3.052E-03
      44 1.0671E-02 9.2886E-04  (-1.953E-03,  5.273E-02,   0.00    ) |  9.289E-04 3.052E-03
      45 1.1600E-02 9.2889E-04  (-1.953E-03, -5.664E-02,   0.00    ) |  9.289E-04 3.052E-03
      46 1.2529E-02 9.2891E-04  ( 1.953E-03,  5.664E-02,   0.00    ) |  9.289E-04 3.052E-03
      47 1.3457E-02 9.2895E-04  ( 1.953E-03, -5.664E-02,   0.00    ) |  9.289E-04 3.052E-03
      48 1.4386E-02 9.2898E-04  ( 1.953E-03, -5.664E-02,   0.00    ) |  9.290E-04 3.052E-03
      49 1.5315E-02 9.2903E-04  ( 1.953E-03, -5.664E-02,   0.00    ) |  9.290E-04 3.052E-03
      50 1.6244E-02 9.2908E-04  ( 1.953E-03, -5.664E-02,   0.00    ) |  9.291E-04 3.052E-03
      51 1.7174E-02 9.2912E-04  ( 1.953E-03, -5.664E-02,   0.00    ) |  9.291E-04 3.052E-03
      52 1.8103E-02 9.2917E-04  ( 1.953E-03, -5.664E-02,   0.00    ) |  9.292E-04 3.052E-03
      53 1.9032E-02 9.2921E-04  ( 1.953E-03, -5.664E-02,   0.00    ) |  9.292E-04 3.052E-03
      54 1.9961E-02 9.2924E-04  ( 1.953E-03, -5.664E-02,   0.00    ) |  9.292E-04 3.052E-03
      55 2.0890E-02 9.2926E-04  ( 1.953E-03, -5.664E-02,   0.00    ) |  9.293E-04 3.052E-03
      56 2.1820E-02 9.2927E-04  ( 1.953E-03, -5.664E-02,   0.00    ) |  9.293E-04 3.052E-03
      57 2.2749E-02 9.2926E-04  ( 1.953E-03, -5.664E-02,   0.00    ) |  9.293E-04 3.052E-03
      58 2.3678E-02 9.2925E-04  ( 1.953E-03, -5.664E-02,   0.00    ) |  9.293E-04 3.052E-03
      59 2.4607E-02 9.2923E-04  ( 1.953E-03, -5.664E-02,   0.00    ) |  9.292E-04 3.052E-03
 *** Wrote plotfile to flash_run_hdf5_plt_cnt_0001 ****
      60 2.5537E-02 9.2920E-04  ( 1.953E-03, -5.664E-02,   0.00    ) |  9.292E-04 3.052E-03
      61 2.6466E-02 9.2916E-04  ( 1.953E-03, -5.664E-02,   0.00    ) |  9.292E-04 3.052E-03
      62 2.7395E-02 9.2911E-04  ( 1.953E-03, -5.664E-02,   0.00    ) |  9.291E-04 3.052E-03
      63 2.8324E-02 9.2905E-04  ( 1.953E-03, -5.664E-02,   0.00    ) |  9.291E-04 3.052E-03
      64 2.9253E-02 9.2900E-04  ( 1.953E-03, -5.664E-02,   0.00    ) |  9.290E-04 3.052E-03
      65 3.0182E-02 9.2894E-04  ( 1.953E-03, -5.664E-02,   0.00    ) |  9.289E-04 3.052E-03
      66 3.1111E-02 9.2888E-04  ( 1.953E-03, -5.664E-02,   0.00    ) |  9.289E-04 3.052E-03
      67 3.2040E-02 9.2882E-04  ( 1.953E-03, -5.664E-02,   0.00    ) |  9.288E-04 3.052E-03
      68 3.2969E-02 9.2877E-04  ( 1.953E-03, -5.664E-02,   0.00    ) |  9.288E-04 3.052E-03
      69 3.3897E-02 9.2871E-04  ( 1.953E-03, -5.664E-02,   0.00    ) |  9.287E-04 3.052E-03
      70 3.4826E-02 9.2866E-04  ( 1.953E-03, -5.664E-02,   0.00    ) |  9.287E-04 3.052E-03
      71 3.5755E-02 9.2861E-04  ( 1.953E-03, -5.664E-02,   0.00    ) |  9.286E-04 3.052E-03
      72 3.6683E-02 9.2857E-04  ( 1.953E-03, -5.664E-02,   0.00    ) |  9.286E-04 3.052E-03
      73 3.7612E-02 9.2853E-04  ( 1.953E-03, -5.664E-02,   0.00    ) |  9.285E-04 3.052E-03
      74 3.8541E-02 9.2849E-04  ( 1.953E-03, -5.664E-02,   0.00    ) |  9.285E-04 3.052E-03
      75 3.9469E-02 9.2845E-04  ( 1.953E-03, -5.664E-02,   0.00    ) |  9.285E-04 3.052E-03
      76 4.0397E-02 9.2842E-04  ( 1.953E-03, -5.664E-02,   0.00    ) |  9.284E-04 3.052E-03
      77 4.1326E-02 9.2839E-04  ( 1.953E-03, -5.664E-02,   0.00    ) |  9.284E-04 3.052E-03
      78 4.2254E-02 9.2836E-04  ( 1.953E-03, -5.664E-02,   0.00    ) |  9.284E-04 3.052E-03
      79 4.3183E-02 9.2833E-04  ( 1.953E-03, -5.664E-02,   0.00    ) |  9.283E-04 3.052E-03
      80 4.4111E-02 9.2831E-04  ( 1.953E-03, -5.664E-02,   0.00    ) |  9.283E-04 3.052E-03
      81 4.5039E-02 9.2829E-04  ( 1.953E-03, -5.664E-02,   0.00    ) |  9.283E-04 3.052E-03
      82 4.5968E-02 9.2826E-04  ( 1.953E-03, -5.664E-02,   0.00    ) |  9.283E-04 3.052E-03
      83 4.6896E-02 9.2825E-04  ( 1.953E-03, -5.664E-02,   0.00    ) |  9.282E-04 3.052E-03
      84 4.7824E-02 9.2823E-04  ( 1.953E-03, -5.664E-02,   0.00    ) |  9.282E-04 3.052E-03
      85 4.8752E-02 9.2821E-04  ( 1.953E-03, -5.664E-02,   0.00    ) |  9.282E-04 3.052E-03
      86 4.9680E-02 9.2820E-04  ( 1.953E-03, -5.664E-02,   0.00    ) |  9.282E-04 3.052E-03
 *** Wrote plotfile to flash_run_hdf5_plt_cnt_0002 ****
      87 5.0609E-02 9.2818E-04  ( 1.953E-03, -5.664E-02,   0.00    ) |  9.282E-04 3.052E-03
      88 5.1537E-02 9.2817E-04  ( 1.953E-03, -5.664E-02,   0.00    ) |  9.282E-04 3.052E-03
      89 5.2465E-02 9.2815E-04  (-1.953E-03, -5.664E-02,   0.00    ) |  9.282E-04 3.052E-03
      90 5.3393E-02 9.2814E-04  (-1.953E-03, -5.664E-02,   0.00    ) |  9.281E-04 3.052E-03
      91 5.4321E-02 9.2813E-04  (-1.953E-03, -5.664E-02,   0.00    ) |  9.281E-04 3.052E-03
      92 5.5249E-02 9.2812E-04  ( 1.953E-03, -5.664E-02,   0.00    ) |  9.281E-04 3.052E-03
      93 5.6178E-02 9.2811E-04  ( 1.953E-03, -5.664E-02,   0.00    ) |  9.281E-04 3.052E-03
      94 5.7106E-02 9.2810E-04  ( 1.953E-03, -5.664E-02,   0.00    ) |  9.281E-04 3.052E-03
      95 5.8034E-02 9.2810E-04  ( 1.953E-03, -5.664E-02,   0.00    ) |  9.281E-04 3.052E-03
      96 5.8962E-02 9.2809E-04  ( 1.953E-03, -5.664E-02,   0.00    ) |  9.281E-04 3.052E-03
      97 5.9890E-02 9.2809E-04  ( 1.953E-03, -5.664E-02,   0.00    ) |  9.281E-04 3.052E-03
      98 6.0818E-02 9.2808E-04  ( 1.953E-03, -5.664E-02,   0.00    ) |  9.281E-04 3.052E-03
      99 6.1746E-02 9.2808E-04  ( 1.953E-03, -5.664E-02,   0.00    ) |  9.281E-04 3.052E-03
     100 6.2674E-02 9.2807E-04  ( 1.953E-03, -5.664E-02,   0.00    ) |  9.281E-04 3.052E-03
     101 6.3602E-02 9.2807E-04  ( 1.953E-03, -5.664E-02,   0.00    ) |  9.281E-04 3.052E-03
     102 6.4530E-02 9.2806E-04  ( 1.953E-03, -5.664E-02,   0.00    ) |  9.281E-04 3.052E-03
     103 6.5458E-02 9.2805E-04  ( 1.953E-03, -5.664E-02,   0.00    ) |  9.281E-04 3.052E-03
     104 6.6386E-02 9.2805E-04  ( 1.953E-03, -5.664E-02,   0.00    ) |  9.281E-04 3.052E-03
     105 6.7315E-02 9.2805E-04  ( 1.953E-03, -5.664E-02,   0.00    ) |  9.280E-04 3.052E-03
     106 6.8243E-02 9.2805E-04  ( 1.953E-03, -5.664E-02,   0.00    ) |  9.280E-04 3.052E-03
     107 6.9171E-02 9.2804E-04  ( 1.953E-03, -5.664E-02,   0.00    ) |  9.280E-04 3.052E-03
     108 7.0099E-02 9.2804E-04  ( 1.953E-03, -5.664E-02,   0.00    ) |  9.280E-04 3.052E-03
     109 7.1027E-02 9.2804E-04  ( 1.953E-03, -5.664E-02,   0.00    ) |  9.280E-04 3.052E-03
     110 7.1955E-02 9.2804E-04  ( 1.953E-03, -5.664E-02,   0.00    ) |  9.280E-04 3.052E-03
     111 7.2883E-02 9.2804E-04  ( 1.953E-03, -5.664E-02,   0.00    ) |  9.280E-04 3.052E-03
     112 7.3811E-02 9.2804E-04  ( 1.953E-03, -5.664E-02,   0.00    ) |  9.280E-04 3.052E-03
     113 7.4739E-02 9.2804E-04  ( 1.953E-03, -5.664E-02,   0.00    ) |  9.280E-04 3.052E-03
 *** Wrote plotfile to flash_run_hdf5_plt_cnt_0003 ****
     114 7.5667E-02 9.2804E-04  ( 1.953E-03, -5.664E-02,   0.00    ) |  9.280E-04 3.052E-03
     115 7.6595E-02 9.2804E-04  ( 1.953E-03, -5.664E-02,   0.00    ) |  9.280E-04 3.052E-03
     116 7.7523E-02 9.2804E-04  ( 1.953E-03, -5.664E-02,   0.00    ) |  9.280E-04 3.052E-03
     117 7.8451E-02 9.2804E-04  ( 1.953E-03, -5.664E-02,   0.00    ) |  9.280E-04 3.052E-03
     118 7.9379E-02 9.2804E-04  ( 1.953E-03, -5.664E-02,   0.00    ) |  9.280E-04 3.052E-03
     119 8.0307E-02 9.2804E-04  ( 1.953E-03, -5.664E-02,   0.00    ) |  9.280E-04 3.052E-03
     120 8.1235E-02 9.2805E-04  ( 1.953E-03, -5.664E-02,   0.00    ) |  9.280E-04 3.052E-03
     121 8.2163E-02 9.2805E-04  ( 1.953E-03, -5.664E-02,   0.00    ) |  9.280E-04 3.052E-03
     122 8.3091E-02 9.2805E-04  ( 1.953E-03, -5.664E-02,   0.00    ) |  9.281E-04 3.052E-03
     123 8.4019E-02 9.2805E-04  ( 1.953E-03, -5.664E-02,   0.00    ) |  9.281E-04 3.052E-03
     124 8.4947E-02 9.2806E-04  ( 1.953E-03, -5.664E-02,   0.00    ) |  9.281E-04 3.052E-03
     125 8.5875E-02 9.2806E-04  ( 1.953E-03, -5.664E-02,   0.00    ) |  9.281E-04 3.052E-03
     126 8.6803E-02 9.2807E-04  ( 1.953E-03, -5.664E-02,   0.00    ) |  9.281E-04 3.052E-03
     127 8.7732E-02 9.2807E-04  ( 1.953E-03, -5.664E-02,   0.00    ) |  9.281E-04 3.052E-03
     128 8.8660E-02 9.2807E-04  (-1.953E-03, -5.664E-02,   0.00    ) |  9.281E-04 3.052E-03
     129 8.9588E-02 9.2808E-04  (-1.953E-03, -5.664E-02,   0.00    ) |  9.281E-04 3.052E-03
     130 9.0516E-02 9.2808E-04  ( 1.953E-03, -5.664E-02,   0.00    ) |  9.281E-04 3.052E-03
     131 9.1444E-02 9.2809E-04  (-1.953E-03, -5.664E-02,   0.00    ) |  9.281E-04 3.052E-03
     132 9.2372E-02 9.2809E-04  ( 1.953E-03, -5.664E-02,   0.00    ) |  9.281E-04 3.052E-03
     133 9.3300E-02 9.2810E-04  (-1.953E-03, -5.664E-02,   0.00    ) |  9.281E-04 3.052E-03
     134 9.4228E-02 9.2810E-04  (-1.953E-03, -5.664E-02,   0.00    ) |  9.281E-04 3.052E-03
     135 9.5156E-02 9.2811E-04  (-1.953E-03, -5.664E-02,   0.00    ) |  9.281E-04 3.052E-03
     136 9.6084E-02 9.2811E-04  (-1.953E-03, -5.664E-02,   0.00    ) |  9.281E-04 3.052E-03
     137 9.7012E-02 9.2812E-04  (-1.953E-03, -5.664E-02,   0.00    ) |  9.281E-04 3.052E-03
     138 9.7941E-02 9.2812E-04  (-1.953E-03, -5.664E-02,   0.00    ) |  9.281E-04 3.052E-03
     139 9.8869E-02 9.2813E-04  (-1.953E-03, -5.664E-02,   0.00    ) |  9.281E-04 3.052E-03
     140 9.9797E-02 9.2814E-04  (-1.953E-03, -5.664E-02,   0.00    ) |  9.281E-04 3.052E-03
 *** Wrote plotfile to flash_run_hdf5_plt_cnt_0004 ****
     141 1.0072E-01 9.2815E-04  (-1.953E-03, -5.664E-02,   0.00    ) |  9.281E-04 3.052E-03
     142 1.0165E-01 9.2816E-04  (-1.953E-03, -5.664E-02,   0.00    ) |  9.282E-04 3.052E-03
     143 1.0258E-01 9.2816E-04  (-1.953E-03, -5.664E-02,   0.00    ) |  9.282E-04 3.052E-03
     144 1.0351E-01 9.2817E-04  (-1.953E-03, -5.664E-02,   0.00    ) |  9.282E-04 3.052E-03
     145 1.0444E-01 9.2818E-04  (-1.953E-03, -5.664E-02,   0.00    ) |  9.282E-04 3.052E-03
     146 1.0537E-01 9.2819E-04  (-1.953E-03, -5.664E-02,   0.00    ) |  9.282E-04 3.052E-03
     147 1.0629E-01 9.2820E-04  (-1.953E-03, -5.664E-02,   0.00    ) |  9.282E-04 3.052E-03
     148 1.0722E-01 9.2821E-04  (-1.953E-03, -5.664E-02,   0.00    ) |  9.282E-04 3.052E-03
     149 1.0815E-01 9.2822E-04  (-1.953E-03, -5.664E-02,   0.00    ) |  9.282E-04 3.052E-03
     150 1.0908E-01 9.2823E-04  (-1.953E-03, -5.664E-02,   0.00    ) |  9.282E-04 3.052E-03
     151 1.1001E-01 9.2824E-04  (-1.953E-03, -5.664E-02,   0.00    ) |  9.282E-04 3.052E-03
     152 1.1094E-01 9.2825E-04  (-1.953E-03, -5.664E-02,   0.00    ) |  9.282E-04 3.052E-03
     153 1.1186E-01 9.2826E-04  (-1.953E-03, -5.664E-02,   0.00    ) |  9.283E-04 3.052E-03
     154 1.1279E-01 9.2827E-04  (-1.953E-03, -5.664E-02,   0.00    ) |  9.283E-04 3.052E-03
     155 1.1372E-01 9.2828E-04  (-1.953E-03, -5.664E-02,   0.00    ) |  9.283E-04 3.052E-03
     156 1.1465E-01 9.2829E-04  (-1.953E-03, -5.664E-02,   0.00    ) |  9.283E-04 3.052E-03
     157 1.1558E-01 9.2830E-04  (-1.953E-03, -5.664E-02,   0.00    ) |  9.283E-04 3.052E-03
     158 1.1650E-01 9.2831E-04  (-1.953E-03, -5.664E-02,   0.00    ) |  9.283E-04 3.052E-03
     159 1.1743E-01 9.2832E-04  (-1.953E-03, -5.664E-02,   0.00    ) |  9.283E-04 3.052E-03
     160 1.1836E-01 9.2833E-04  (-1.953E-03, -5.664E-02,   0.00    ) |  9.283E-04 3.052E-03
     161 1.1929E-01 9.2834E-04  (-1.953E-03, -5.664E-02,   0.00    ) |  9.283E-04 3.052E-03
     162 1.2022E-01 9.2836E-04  (-1.953E-03, -5.664E-02,   0.00    ) |  9.284E-04 3.052E-03
     163 1.2115E-01 9.2807E-04  (-0.248    ,  1.953E-03,   0.00    ) |  9.281E-04 3.052E-03
     164 1.2207E-01 9.2763E-04  (-0.248    ,  1.953E-03,   0.00    ) |  9.276E-04 3.052E-03
     165 1.2300E-01 9.2719E-04  (-0.248    ,  1.953E-03,   0.00    ) |  9.272E-04 3.052E-03
     166 1.2393E-01 9.2675E-04  (-0.248    ,  1.953E-03,   0.00    ) |  9.267E-04 3.052E-03
     167 1.2486E-01 9.2631E-04  (-0.248    ,  1.953E-03,   0.00    ) |  9.263E-04 3.052E-03
 *** Wrote plotfile to flash_run_hdf5_plt_cnt_0005 ****
     168 1.2578E-01 9.2588E-04  (-0.248    ,  1.953E-03,   0.00    ) |  9.259E-04 3.052E-03
     169 1.2671E-01 9.2544E-04  (-0.248    , -1.953E-03,   0.00    ) |  9.254E-04 3.052E-03
     170 1.2763E-01 9.2501E-04  (-0.248    ,  1.953E-03,   0.00    ) |  9.250E-04 3.052E-03
     171 1.2856E-01 9.2457E-04  (-0.248    ,  1.953E-03,   0.00    ) |  9.246E-04 3.052E-03
     172 1.2948E-01 9.2414E-04  ( 0.248    ,  1.953E-03,   0.00    ) |  9.241E-04 3.052E-03
     173 1.3041E-01 9.2371E-04  ( 0.248    ,  1.953E-03,   0.00    ) |  9.237E-04 3.052E-03
     174 1.3133E-01 9.2328E-04  (-0.248    ,  1.953E-03,   0.00    ) |  9.233E-04 3.052E-03
     175 1.3225E-01 9.2285E-04  (-0.248    ,  1.953E-03,   0.00    ) |  9.229E-04 3.052E-03
     176 1.3318E-01 9.2242E-04  (-0.248    , -1.953E-03,   0.00    ) |  9.224E-04 3.052E-03
     177 1.3410E-01 9.2200E-04  ( 0.248    ,  1.953E-03,   0.00    ) |  9.220E-04 3.052E-03
     178 1.3502E-01 9.2157E-04  (-0.248    , -1.953E-03,   0.00    ) |  9.216E-04 3.052E-03
     179 1.3594E-01 9.2115E-04  ( 0.248    ,  1.953E-03,   0.00    ) |  9.211E-04 3.052E-03
     180 1.3686E-01 9.2072E-04  (-0.252    ,  1.953E-03,   0.00    ) |  9.207E-04 3.052E-03
     181 1.3779E-01 9.2030E-04  (-0.252    , -1.953E-03,   0.00    ) |  9.203E-04 3.052E-03
     182 1.3871E-01 9.1988E-04  (-0.252    , -1.953E-03,   0.00    ) |  9.199E-04 3.052E-03
     183 1.3963E-01 9.1946E-04  (-0.252    , -1.953E-03,   0.00    ) |  9.195E-04 3.052E-03
     184 1.4054E-01 9.1904E-04  (-0.252    , -1.953E-03,   0.00    ) |  9.190E-04 3.052E-03
     185 1.4146E-01 9.1862E-04  (-0.252    , -1.953E-03,   0.00    ) |  9.186E-04 3.052E-03
     186 1.4238E-01 9.1820E-04  (-0.252    , -1.953E-03,   0.00    ) |  9.182E-04 3.052E-03
     187 1.4330E-01 9.1778E-04  (-0.252    , -1.953E-03,   0.00    ) |  9.178E-04 3.052E-03
     188 1.4422E-01 9.1737E-04  (-0.252    , -1.953E-03,   0.00    ) |  9.174E-04 3.052E-03
     189 1.4514E-01 9.1695E-04  (-0.252    , -1.953E-03,   0.00    ) |  9.170E-04 3.052E-03
     190 1.4605E-01 9.1654E-04  (-0.252    , -1.953E-03,   0.00    ) |  9.165E-04 3.052E-03
     191 1.4697E-01 9.1613E-04  (-0.252    , -1.953E-03,   0.00    ) |  9.161E-04 3.052E-03
     192 1.4789E-01 9.1572E-04  (-0.252    , -1.953E-03,   0.00    ) |  9.157E-04 3.052E-03
     193 1.4880E-01 9.1531E-04  (-0.252    , -1.953E-03,   0.00    ) |  9.153E-04 3.052E-03
     194 1.4972E-01 9.1490E-04  (-0.252    , -1.953E-03,   0.00    ) |  9.149E-04 3.052E-03
 *** Wrote plotfile to flash_run_hdf5_plt_cnt_0006 ****
     195 1.5063E-01 9.1449E-04  (-0.252    , -1.953E-03,   0.00    ) |  9.145E-04 3.052E-03
     196 1.5155E-01 9.1408E-04  (-0.252    , -1.953E-03,   0.00    ) |  9.141E-04 3.052E-03
     197 1.5246E-01 9.1368E-04  (-0.252    , -1.953E-03,   0.00    ) |  9.137E-04 3.052E-03
     198 1.5337E-01 9.1327E-04  ( 0.252    ,  1.953E-03,   0.00    ) |  9.133E-04 3.052E-03
     199 1.5429E-01 9.1287E-04  ( 0.252    ,  1.953E-03,   0.00    ) |  9.129E-04 3.052E-03
     200 1.5520E-01 9.1246E-04  (-0.252    , -1.953E-03,   0.00    ) |  9.125E-04 3.052E-03
     201 1.5611E-01 9.1206E-04  (-0.252    , -1.953E-03,   0.00    ) |  9.121E-04 3.052E-03
     202 1.5702E-01 9.1166E-04  (-0.252    , -1.953E-03,   0.00    ) |  9.117E-04 3.052E-03
     203 1.5794E-01 9.1126E-04  (-0.252    , -1.953E-03,   0.00    ) |  9.113E-04 3.052E-03
     204 1.5885E-01 9.1086E-04  (-0.252    , -1.953E-03,   0.00    ) |  9.109E-04 3.052E-03
     205 1.5976E-01 9.1046E-04  (-0.252    , -1.953E-03,   0.00    ) |  9.105E-04 3.052E-03
     206 1.6067E-01 9.1007E-04  (-0.252    , -1.953E-03,   0.00    ) |  9.101E-04 3.052E-03
     207 1.6158E-01 9.0967E-04  (-0.252    , -1.953E-03,   0.00    ) |  9.097E-04 3.052E-03
     208 1.6249E-01 9.0928E-04  (-0.252    , -1.953E-03,   0.00    ) |  9.093E-04 3.052E-03
     209 1.6340E-01 9.0888E-04  (-0.252    , -1.953E-03,   0.00    ) |  9.089E-04 3.052E-03
     210 1.6431E-01 9.0849E-04  (-0.252    , -1.953E-03,   0.00    ) |  9.085E-04 3.052E-03
     211 1.6521E-01 9.0810E-04  (-0.252    , -1.953E-03,   0.00    ) |  9.081E-04 3.052E-03
     212 1.6612E-01 9.0771E-04  (-0.252    , -1.953E-03,   0.00    ) |  9.077E-04 3.052E-03
     213 1.6703E-01 9.0732E-04  (-0.252    , -1.953E-03,   0.00    ) |  9.073E-04 3.052E-03
     214 1.6794E-01 9.0693E-04  (-0.252    , -1.953E-03,   0.00    ) |  9.069E-04 3.052E-03
     215 1.6884E-01 9.0654E-04  (-0.252    , -1.953E-03,   0.00    ) |  9.065E-04 3.052E-03
     216 1.6975E-01 9.0615E-04  (-0.252    , -1.953E-03,   0.00    ) |  9.062E-04 3.052E-03
     217 1.7066E-01 9.0577E-04  (-0.252    , -1.953E-03,   0.00    ) |  9.058E-04 3.052E-03
     218 1.7156E-01 9.0538E-04  (-0.252    , -1.953E-03,   0.00    ) |  9.054E-04 3.052E-03
     219 1.7247E-01 9.0500E-04  (-0.252    , -1.953E-03,   0.00    ) |  9.050E-04 3.052E-03
     220 1.7337E-01 9.0461E-04  (-0.252    , -1.953E-03,   0.00    ) |  9.046E-04 3.052E-03
     221 1.7428E-01 9.0423E-04  (-0.252    , -1.953E-03,   0.00    ) |  9.042E-04 3.052E-03
 *** Wrote plotfile to flash_run_hdf5_plt_cnt_0007 ****
     222 1.7518E-01 9.0385E-04  (-0.252    , -1.953E-03,   0.00    ) |  9.039E-04 3.052E-03
     223 1.7609E-01 9.0347E-04  (-0.252    , -1.953E-03,   0.00    ) |  9.035E-04 3.052E-03
     224 1.7699E-01 9.0309E-04  (-0.252    , -1.953E-03,   0.00    ) |  9.031E-04 3.052E-03
     225 1.7789E-01 9.0271E-04  (-0.252    , -1.953E-03,   0.00    ) |  9.027E-04 3.052E-03
     226 1.7880E-01 9.0233E-04  (-0.252    , -1.953E-03,   0.00    ) |  9.023E-04 3.052E-03
     227 1.7970E-01 9.0196E-04  (-0.252    , -1.953E-03,   0.00    ) |  9.020E-04 3.052E-03
     228 1.8060E-01 9.0158E-04  (-0.252    , -1.953E-03,   0.00    ) |  9.016E-04 3.052E-03
     229 1.8150E-01 9.0120E-04  (-0.252    , -1.953E-03,   0.00    ) |  9.012E-04 3.052E-03
     230 1.8240E-01 9.0083E-04  (-0.252    , -1.953E-03,   0.00    ) |  9.008E-04 3.052E-03
     231 1.8330E-01 9.0046E-04  (-0.252    , -1.953E-03,   0.00    ) |  9.005E-04 3.052E-03
     232 1.8420E-01 9.0008E-04  (-0.252    , -1.953E-03,   0.00    ) |  9.001E-04 3.052E-03
     233 1.8510E-01 8.9971E-04  (-0.252    , -1.953E-03,   0.00    ) |  8.997E-04 3.052E-03
     234 1.8600E-01 8.9934E-04  (-0.252    , -1.953E-03,   0.00    ) |  8.993E-04 3.052E-03
     235 1.8690E-01 8.9897E-04  (-0.252    , -1.953E-03,   0.00    ) |  8.990E-04 3.052E-03
     236 1.8780E-01 8.9860E-04  (-0.252    , -1.953E-03,   0.00    ) |  8.986E-04 3.052E-03
     237 1.8870E-01 8.9823E-04  (-0.252    , -1.953E-03,   0.00    ) |  8.982E-04 3.052E-03
     238 1.8960E-01 8.9786E-04  (-0.252    , -1.953E-03,   0.00    ) |  8.979E-04 3.052E-03
     239 1.9050E-01 8.9749E-04  (-0.252    , -1.953E-03,   0.00    ) |  8.975E-04 3.052E-03
     240 1.9139E-01 8.9713E-04  (-0.252    , -1.953E-03,   0.00    ) |  8.971E-04 3.052E-03
     241 1.9229E-01 8.9676E-04  (-0.252    , -1.953E-03,   0.00    ) |  8.968E-04 3.052E-03
     242 1.9319E-01 8.9640E-04  (-0.252    , -1.953E-03,   0.00    ) |  8.964E-04 3.052E-03
     243 1.9408E-01 8.9603E-04  (-0.252    , -1.953E-03,   0.00    ) |  8.960E-04 3.052E-03
     244 1.9498E-01 8.9567E-04  (-0.252    , -1.953E-03,   0.00    ) |  8.957E-04 3.052E-03
     245 1.9588E-01 8.9530E-04  (-0.252    , -1.953E-03,   0.00    ) |  8.953E-04 3.052E-03
     246 1.9677E-01 8.9494E-04  (-0.256    , -1.953E-03,   0.00    ) |  8.949E-04 3.052E-03
     247 1.9767E-01 8.9458E-04  (-0.256    , -1.953E-03,   0.00    ) |  8.946E-04 3.052E-03
     248 1.9856E-01 8.9422E-04  (-0.256    , -1.953E-03,   0.00    ) |  8.942E-04 3.052E-03
     249 1.9946E-01 8.9386E-04  (-0.256    , -1.953E-03,   0.00    ) |  8.939E-04 3.052E-03
 *** Wrote plotfile to flash_run_hdf5_plt_cnt_0008 ****
     250 2.0035E-01 8.9350E-04  (-0.256    , -1.953E-03,   0.00    ) |  8.935E-04 3.052E-03
     251 2.0124E-01 8.9314E-04  (-0.256    , -1.953E-03,   0.00    ) |  8.931E-04 3.052E-03
     252 2.0214E-01 8.9278E-04  (-0.256    , -1.953E-03,   0.00    ) |  8.928E-04 3.052E-03
     253 2.0303E-01 8.9242E-04  (-0.256    , -1.953E-03,   0.00    ) |  8.924E-04 3.052E-03
     254 2.0392E-01 8.9206E-04  (-0.256    , -1.953E-03,   0.00    ) |  8.921E-04 3.052E-03
     255 2.0481E-01 8.9171E-04  (-0.256    , -1.953E-03,   0.00    ) |  8.917E-04 3.052E-03
     256 2.0570E-01 8.9135E-04  (-0.256    , -1.953E-03,   0.00    ) |  8.913E-04 3.052E-03
     257 2.0660E-01 8.9099E-04  (-0.256    , -1.953E-03,   0.00    ) |  8.910E-04 3.052E-03
     258 2.0749E-01 8.9064E-04  (-0.256    ,  1.953E-03,   0.00    ) |  8.906E-04 3.052E-03
     259 2.0838E-01 8.9028E-04  (-0.256    , -1.953E-03,   0.00    ) |  8.903E-04 3.052E-03
     260 2.0927E-01 8.8993E-04  (-0.256    , -1.953E-03,   0.00    ) |  8.899E-04 3.052E-03
     261 2.1016E-01 8.8958E-04  (-0.256    , -1.953E-03,   0.00    ) |  8.896E-04 3.052E-03
     262 2.1105E-01 8.8923E-04  (-0.256    , -1.953E-03,   0.00    ) |  8.892E-04 3.052E-03
     263 2.1194E-01 8.8887E-04  (-0.256    ,  1.953E-03,   0.00    ) |  8.889E-04 3.052E-03
     264 2.1283E-01 8.8852E-04  (-0.256    ,  1.953E-03,   0.00    ) |  8.885E-04 3.052E-03
     265 2.1371E-01 8.8817E-04  (-0.256    ,  1.953E-03,   0.00    ) |  8.882E-04 3.052E-03
     266 2.1460E-01 8.8782E-04  (-0.256    ,  1.953E-03,   0.00    ) |  8.878E-04 3.052E-03
     267 2.1549E-01 8.8747E-04  (-0.256    ,  1.953E-03,   0.00    ) |  8.875E-04 3.052E-03
     268 2.1638E-01 8.8712E-04  (-0.256    ,  1.953E-03,   0.00    ) |  8.871E-04 3.052E-03
     269 2.1726E-01 8.8678E-04  (-0.256    ,  1.953E-03,   0.00    ) |  8.868E-04 3.052E-03
     270 2.1815E-01 8.8643E-04  (-0.256    ,  1.953E-03,   0.00    ) |  8.864E-04 3.052E-03
     271 2.1904E-01 8.8608E-04  (-0.256    ,  1.953E-03,   0.00    ) |  8.861E-04 3.052E-03
     272 2.1992E-01 8.8573E-04  (-0.256    ,  1.953E-03,   0.00    ) |  8.857E-04 3.052E-03
     273 2.2081E-01 8.8539E-04  (-0.256    ,  1.953E-03,   0.00    ) |  8.854E-04 3.052E-03
     274 2.2170E-01 8.8504E-04  (-0.256    ,  1.953E-03,   0.00    ) |  8.850E-04 3.052E-03
     275 2.2258E-01 8.8470E-04  (-0.256    ,  1.953E-03,   0.00    ) |  8.847E-04 3.052E-03
     276 2.2346E-01 8.8435E-04  (-0.256    ,  1.953E-03,   0.00    ) |  8.844E-04 3.052E-03
     277 2.2435E-01 8.8401E-04  (-0.256    ,  1.953E-03,   0.00    ) |  8.840E-04 3.052E-03
 *** Wrote plotfile to flash_run_hdf5_plt_cnt_0009 ****
     278 2.2523E-01 8.8366E-04  (-0.256    ,  1.953E-03,   0.00    ) |  8.837E-04 3.052E-03
     279 2.2612E-01 8.8332E-04  (-0.256    ,  1.953E-03,   0.00    ) |  8.833E-04 3.052E-03
     280 2.2700E-01 8.8298E-04  (-0.256    , -1.953E-03,   0.00    ) |  8.830E-04 3.052E-03
     281 2.2788E-01 8.8264E-04  (-0.256    ,  1.953E-03,   0.00    ) |  8.826E-04 3.052E-03
     282 2.2877E-01 8.8229E-04  (-0.256    , -1.953E-03,   0.00    ) |  8.823E-04 3.052E-03
     283 2.2965E-01 8.8195E-04  (-0.256    ,  1.953E-03,   0.00    ) |  8.820E-04 3.052E-03
     284 2.3053E-01 8.8161E-04  (-0.256    ,  1.953E-03,   0.00    ) |  8.816E-04 3.052E-03
     285 2.3141E-01 8.8127E-04  (-0.256    ,  1.953E-03,   0.00    ) |  8.813E-04 3.052E-03
     286 2.3229E-01 8.8093E-04  (-0.256    ,  1.953E-03,   0.00    ) |  8.809E-04 3.052E-03
     287 2.3317E-01 8.8059E-04  (-0.256    ,  1.953E-03,   0.00    ) |  8.806E-04 3.052E-03
     288 2.3405E-01 8.8025E-04  (-0.256    ,  1.953E-03,   0.00    ) |  8.803E-04 3.052E-03
     289 2.3493E-01 8.7992E-04  (-0.256    ,  1.953E-03,   0.00    ) |  8.799E-04 3.052E-03
     290 2.3581E-01 8.7958E-04  (-0.256    ,  1.953E-03,   0.00    ) |  8.796E-04 3.052E-03
     291 2.3669E-01 8.7924E-04  (-0.256    ,  1.953E-03,   0.00    ) |  8.792E-04 3.052E-03
     292 2.3757E-01 8.7890E-04  (-0.256    ,  1.953E-03,   0.00    ) |  8.789E-04 3.052E-03
     293 2.3845E-01 8.7857E-04  (-0.256    ,  1.953E-03,   0.00    ) |  8.786E-04 3.052E-03
     294 2.3933E-01 8.7823E-04  (-0.256    ,  1.953E-03,   0.00    ) |  8.782E-04 3.052E-03
     295 2.4021E-01 8.7789E-04  (-0.256    ,  1.953E-03,   0.00    ) |  8.779E-04 3.052E-03
     296 2.4109E-01 8.7756E-04  (-0.256    ,  1.953E-03,   0.00    ) |  8.776E-04 3.052E-03
     297 2.4196E-01 8.7722E-04  (-0.256    ,  1.953E-03,   0.00    ) |  8.772E-04 3.052E-03
     298 2.4284E-01 8.7689E-04  (-0.256    ,  1.953E-03,   0.00    ) |  8.769E-04 3.052E-03
     299 2.4372E-01 8.7655E-04  (-0.256    ,  1.953E-03,   0.00    ) |  8.766E-04 3.052E-03
     300 2.4460E-01 8.7622E-04  (-0.256    ,  1.953E-03,   0.00    ) |  8.762E-04 3.052E-03
     301 2.4547E-01 8.7588E-04  (-0.256    ,  1.953E-03,   0.00    ) |  8.759E-04 3.052E-03
     302 2.4635E-01 8.7555E-04  (-0.252    ,  1.953E-03,   0.00    ) |  8.755E-04 3.052E-03
     303 2.4722E-01 8.7522E-04  (-0.252    ,  1.953E-03,   0.00    ) |  8.752E-04 3.052E-03
     304 2.4810E-01 8.7488E-04  (-0.252    ,  1.953E-03,   0.00    ) |  8.749E-04 3.052E-03
     305 2.4897E-01 8.7455E-04  (-0.252    ,  1.953E-03,   0.00    ) |  8.745E-04 3.052E-03
     306 2.4985E-01 8.7422E-04  (-0.252    ,  1.953E-03,   0.00    ) |  8.742E-04 3.052E-03
 *** Wrote plotfile to flash_run_hdf5_plt_cnt_0010 ****
     307 2.5072E-01 8.7388E-04  (-0.252    ,  1.953E-03,   0.00    ) |  8.739E-04 3.052E-03
     308 2.5160E-01 8.7355E-04  (-0.252    ,  1.953E-03,   0.00    ) |  8.736E-04 3.052E-03
     309 2.5247E-01 8.7322E-04  (-0.252    ,  1.953E-03,   0.00    ) |  8.732E-04 3.052E-03
     310 2.5334E-01 8.7289E-04  (-0.252    ,  1.953E-03,   0.00    ) |  8.729E-04 3.052E-03
     311 2.5422E-01 8.7255E-04  (-0.252    ,  1.953E-03,   0.00    ) |  8.726E-04 3.052E-03
     312 2.5509E-01 8.7222E-04  (-0.252    ,  1.953E-03,   0.00    ) |  8.722E-04 3.052E-03
     313 2.5596E-01 8.7189E-04  (-0.252    ,  1.953E-03,   0.00    ) |  8.719E-04 3.052E-03
     314 2.5683E-01 8.7156E-04  (-0.252    ,  1.953E-03,   0.00    ) |  8.716E-04 3.052E-03
     315 2.5770E-01 8.7123E-04  (-0.252    ,  1.953E-03,   0.00    ) |  8.712E-04 3.052E-03
     316 2.5857E-01 8.7090E-04  (-0.252    ,  1.953E-03,   0.00    ) |  8.709E-04 3.052E-03
     317 2.5945E-01 8.7057E-04  (-0.252    ,  1.953E-03,   0.00    ) |  8.706E-04 3.052E-03
     318 2.6032E-01 8.7024E-04  (-0.252    ,  1.953E-03,   0.00    ) |  8.702E-04 3.052E-03
     319 2.6119E-01 8.6991E-04  (-0.252    ,  1.953E-03,   0.00    ) |  8.699E-04 3.052E-03
     320 2.6206E-01 8.6958E-04  (-0.252    ,  1.953E-03,   0.00    ) |  8.696E-04 3.052E-03
     321 2.6293E-01 8.6925E-04  (-0.252    ,  1.953E-03,   0.00    ) |  8.692E-04 3.052E-03
     322 2.6380E-01 8.6892E-04  (-0.252    ,  1.953E-03,   0.00    ) |  8.689E-04 3.052E-03
     323 2.6466E-01 8.6859E-04  (-0.252    ,  1.953E-03,   0.00    ) |  8.686E-04 3.052E-03
     324 2.6553E-01 8.6826E-04  (-0.252    ,  1.953E-03,   0.00    ) |  8.683E-04 3.052E-03
     325 2.6640E-01 8.6793E-04  (-0.252    ,  1.953E-03,   0.00    ) |  8.679E-04 3.052E-03
     326 2.6727E-01 8.6760E-04  (-0.252    ,  1.953E-03,   0.00    ) |  8.676E-04 3.052E-03
     327 2.6814E-01 8.6727E-04  (-0.252    ,  1.953E-03,   0.00    ) |  8.673E-04 3.052E-03
     328 2.6900E-01 8.6694E-04  (-0.252    ,  1.953E-03,   0.00    ) |  8.669E-04 3.052E-03
     329 2.6987E-01 8.6661E-04  (-0.252    ,  1.953E-03,   0.00    ) |  8.666E-04 3.052E-03
     330 2.7074E-01 8.6628E-04  (-0.252    ,  1.953E-03,   0.00    ) |  8.663E-04 3.052E-03
     331 2.7160E-01 8.6595E-04  ( 0.252    , -1.953E-03,   0.00    ) |  8.659E-04 3.052E-03
     332 2.7247E-01 8.6562E-04  ( 0.252    , -1.953E-03,   0.00    ) |  8.656E-04 3.052E-03
     333 2.7334E-01 8.6529E-04  ( 0.252    , -1.953E-03,   0.00    ) |  8.653E-04 3.052E-03
     334 2.7420E-01 8.6496E-04  ( 0.252    , -1.953E-03,   0.00    ) |  8.650E-04 3.052E-03
 *** Wrote plotfile to flash_run_hdf5_plt_cnt_0011 ****
     335 2.7507E-01 8.6463E-04  ( 0.252    , -1.953E-03,   0.00    ) |  8.646E-04 3.052E-03
     336 2.7593E-01 8.6429E-04  ( 0.252    , -1.953E-03,   0.00    ) |  8.643E-04 3.052E-03
     337 2.7679E-01 8.6396E-04  ( 0.252    , -1.953E-03,   0.00    ) |  8.640E-04 3.052E-03
     338 2.7766E-01 8.6363E-04  ( 0.252    , -1.953E-03,   0.00    ) |  8.636E-04 3.052E-03
     339 2.7852E-01 8.6330E-04  ( 0.252    , -1.953E-03,   0.00    ) |  8.633E-04 3.052E-03
     340 2.7939E-01 8.6297E-04  ( 0.252    , -1.953E-03,   0.00    ) |  8.630E-04 3.052E-03
     341 2.8025E-01 8.6264E-04  ( 0.252    , -1.953E-03,   0.00    ) |  8.626E-04 3.052E-03
     342 2.8111E-01 8.6230E-04  ( 0.252    , -1.953E-03,   0.00    ) |  8.623E-04 3.052E-03
     343 2.8197E-01 8.6197E-04  ( 0.252    , -1.953E-03,   0.00    ) |  8.620E-04 3.052E-03
     344 2.8284E-01 8.6164E-04  ( 0.252    , -1.953E-03,   0.00    ) |  8.616E-04 3.052E-03
     345 2.8370E-01 8.6131E-04  ( 0.252    , -1.953E-03,   0.00    ) |  8.613E-04 3.052E-03
     346 2.8456E-01 8.6098E-04  ( 0.252    , -1.953E-03,   0.00    ) |  8.610E-04 3.052E-03
     347 2.8542E-01 8.6065E-04  ( 0.252    , -1.953E-03,   0.00    ) |  8.606E-04 3.052E-03
     348 2.8628E-01 8.6032E-04  ( 0.252    , -1.953E-03,   0.00    ) |  8.603E-04 3.052E-03
     349 2.8714E-01 8.5999E-04  ( 0.252    , -1.953E-03,   0.00    ) |  8.600E-04 3.052E-03
     350 2.8800E-01 8.5966E-04  ( 0.252    , -1.953E-03,   0.00    ) |  8.597E-04 3.052E-03
     351 2.8886E-01 8.5933E-04  ( 0.252    , -1.953E-03,   0.00    ) |  8.593E-04 3.052E-03
     352 2.8972E-01 8.5900E-04  ( 0.252    , -1.953E-03,   0.00    ) |  8.590E-04 3.052E-03
     353 2.9058E-01 8.5868E-04  ( 0.252    , -1.953E-03,   0.00    ) |  8.587E-04 3.052E-03
     354 2.9144E-01 8.5835E-04  ( 0.252    , -1.953E-03,   0.00    ) |  8.584E-04 3.052E-03
     355 2.9229E-01 8.5803E-04  ( 0.252    , -1.953E-03,   0.00    ) |  8.580E-04 3.052E-03
     356 2.9315E-01 8.5771E-04  ( 0.252    , -1.953E-03,   0.00    ) |  8.577E-04 3.052E-03
     357 2.9401E-01 8.5739E-04  ( 0.252    , -1.953E-03,   0.00    ) |  8.574E-04 3.052E-03
     358 2.9487E-01 8.5708E-04  ( 0.252    , -1.953E-03,   0.00    ) |  8.571E-04 3.052E-03
     359 2.9573E-01 8.5677E-04  ( 0.252    , -1.953E-03,   0.00    ) |  8.568E-04 3.052E-03
     360 2.9658E-01 8.5646E-04  ( 0.252    , -1.953E-03,   0.00    ) |  8.565E-04 3.052E-03
     361 2.9744E-01 8.5616E-04  ( 0.252    , -1.953E-03,   0.00    ) |  8.562E-04 3.052E-03
     362 2.9829E-01 8.5585E-04  ( 0.252    , -1.953E-03,   0.00    ) |  8.559E-04 3.052E-03
     363 2.9915E-01 8.5555E-04  ( 0.252    , -1.953E-03,   0.00    ) |  8.556E-04 3.052E-03
 *** Wrote plotfile to flash_run_hdf5_plt_cnt_0012 ****
     364 3.0001E-01 8.5525E-04  ( 0.252    , -1.953E-03,   0.00    ) |  8.553E-04 3.052E-03
     365 3.0086E-01 8.5495E-04  ( 0.252    , -1.953E-03,   0.00    ) |  8.550E-04 3.052E-03
     366 3.0172E-01 8.5465E-04  (-0.252    , -1.953E-03,   0.00    ) |  8.547E-04 3.052E-03
     367 3.0257E-01 8.5435E-04  (-0.252    , -1.953E-03,   0.00    ) |  8.544E-04 3.052E-03
     368 3.0343E-01 8.5405E-04  (-0.252    , -1.953E-03,   0.00    ) |  8.540E-04 3.052E-03
     369 3.0428E-01 8.5374E-04  (-0.252    , -1.953E-03,   0.00    ) |  8.537E-04 3.052E-03
     370 3.0513E-01 8.5343E-04  (-0.252    , -1.953E-03,   0.00    ) |  8.534E-04 3.052E-03
     371 3.0599E-01 8.5311E-04  (-0.252    , -1.953E-03,   0.00    ) |  8.531E-04 3.052E-03
     372 3.0684E-01 8.5279E-04  (-0.252    , -1.953E-03,   0.00    ) |  8.528E-04 3.052E-03
     373 3.0769E-01 8.5246E-04  (-0.252    , -1.953E-03,   0.00    ) |  8.525E-04 3.052E-03
     374 3.0854E-01 8.5213E-04  (-0.252    , -1.953E-03,   0.00    ) |  8.521E-04 3.052E-03
     375 3.0940E-01 8.5180E-04  (-0.252    , -1.953E-03,   0.00    ) |  8.518E-04 3.052E-03
     376 3.1025E-01 8.5146E-04  (-0.252    , -1.953E-03,   0.00    ) |  8.515E-04 3.052E-03
     377 3.1110E-01 8.5112E-04  (-0.252    , -1.953E-03,   0.00    ) |  8.511E-04 3.052E-03
     378 3.1195E-01 8.5078E-04  (-0.252    , -1.953E-03,   0.00    ) |  8.508E-04 3.052E-03
     379 3.1280E-01 8.5044E-04  (-0.252    , -1.953E-03,   0.00    ) |  8.504E-04 3.052E-03
     380 3.1365E-01 8.5010E-04  (-0.252    , -1.953E-03,   0.00    ) |  8.501E-04 3.052E-03
     381 3.1450E-01 8.4977E-04  (-0.252    , -1.953E-03,   0.00    ) |  8.498E-04 3.052E-03
     382 3.1535E-01 8.4944E-04  (-0.252    , -1.953E-03,   0.00    ) |  8.494E-04 3.052E-03
     383 3.1620E-01 8.4911E-04  (-0.252    , -1.953E-03,   0.00    ) |  8.491E-04 3.052E-03
     384 3.1705E-01 8.4879E-04  (-0.252    , -1.953E-03,   0.00    ) |  8.488E-04 3.052E-03
     385 3.1790E-01 8.4847E-04  (-0.252    , -1.953E-03,   0.00    ) |  8.485E-04 3.052E-03
     386 3.1875E-01 8.4815E-04  (-0.252    , -1.953E-03,   0.00    ) |  8.482E-04 3.052E-03
     387 3.1960E-01 8.4784E-04  (-0.252    , -1.953E-03,   0.00    ) |  8.478E-04 3.052E-03
     388 3.2044E-01 8.4754E-04  (-0.252    , -1.953E-03,   0.00    ) |  8.475E-04 3.052E-03
     389 3.2129E-01 8.4724E-04  (-0.252    , -1.953E-03,   0.00    ) |  8.472E-04 3.052E-03
     390 3.2214E-01 8.4695E-04  (-0.252    , -1.953E-03,   0.00    ) |  8.469E-04 3.052E-03
     391 3.2299E-01 8.4666E-04  (-0.256    , -1.953E-03,   0.00    ) |  8.467E-04 3.052E-03
     392 3.2383E-01 8.4637E-04  (-0.256    , -1.953E-03,   0.00    ) |  8.464E-04 3.052E-03
     393 3.2468E-01 8.4608E-04  (-0.256    , -1.953E-03,   0.00    ) |  8.461E-04 3.052E-03
 *** Wrote plotfile to flash_run_hdf5_plt_cnt_0013 ****
     394 3.2553E-01 8.4580E-04  (-0.256    , -1.953E-03,   0.00    ) |  8.458E-04 3.052E-03
     395 3.2637E-01 8.4551E-04  (-0.256    , -1.953E-03,   0.00    ) |  8.455E-04 3.052E-03
     396 3.2722E-01 8.4523E-04  (-0.256    , -1.953E-03,   0.00    ) |  8.452E-04 3.052E-03
     397 3.2806E-01 8.4494E-04  (-0.256    , -1.953E-03,   0.00    ) |  8.449E-04 3.052E-03
     398 3.2891E-01 8.4465E-04  (-0.256    , -1.953E-03,   0.00    ) |  8.447E-04 3.052E-03
     399 3.2975E-01 8.4437E-04  (-0.256    , -1.953E-03,   0.00    ) |  8.444E-04 3.052E-03
     400 3.3060E-01 8.4408E-04  (-0.256    ,  1.953E-03,   0.00    ) |  8.441E-04 3.052E-03
     401 3.3144E-01 8.4379E-04  (-0.256    , -1.953E-03,   0.00    ) |  8.438E-04 3.052E-03
     402 3.3228E-01 8.4350E-04  (-0.256    , -1.953E-03,   0.00    ) |  8.435E-04 3.052E-03
     403 3.3313E-01 8.4321E-04  (-0.256    ,  1.953E-03,   0.00    ) |  8.432E-04 3.052E-03
     404 3.3397E-01 8.4292E-04  (-0.256    ,  1.953E-03,   0.00    ) |  8.429E-04 3.052E-03
     405 3.3481E-01 8.4263E-04  (-0.256    , -1.953E-03,   0.00    ) |  8.426E-04 3.052E-03
     406 3.3566E-01 8.4234E-04  (-0.256    , -1.953E-03,   0.00    ) |  8.423E-04 3.052E-03
     407 3.3650E-01 8.4205E-04  (-0.256    , -1.953E-03,   0.00    ) |  8.420E-04 3.052E-03
     408 3.3734E-01 8.4176E-04  (-0.256    , -1.953E-03,   0.00    ) |  8.418E-04 3.052E-03
     409 3.3818E-01 8.4146E-04  (-0.256    ,  1.953E-03,   0.00    ) |  8.415E-04 3.052E-03
     410 3.3902E-01 8.4117E-04  (-0.256    ,  1.953E-03,   0.00    ) |  8.412E-04 3.052E-03
     411 3.3986E-01 8.4088E-04  (-0.256    ,  1.953E-03,   0.00    ) |  8.409E-04 3.052E-03
     412 3.4071E-01 8.4058E-04  (-0.256    , -1.953E-03,   0.00    ) |  8.406E-04 3.052E-03
     413 3.4155E-01 8.4029E-04  (-0.256    , -1.953E-03,   0.00    ) |  8.403E-04 3.052E-03
     414 3.4239E-01 8.4000E-04  (-0.256    ,  1.953E-03,   0.00    ) |  8.400E-04 3.052E-03
     415 3.4323E-01 8.3970E-04  (-0.256    , -1.953E-03,   0.00    ) |  8.397E-04 3.052E-03
     416 3.4407E-01 8.3941E-04  ( 0.256    ,  1.953E-03,   0.00    ) |  8.394E-04 3.052E-03
     417 3.4491E-01 8.3911E-04  (-0.256    ,  1.953E-03,   0.00    ) |  8.391E-04 3.052E-03
     418 3.4574E-01 8.3882E-04  ( 0.256    ,  1.953E-03,   0.00    ) |  8.388E-04 3.052E-03
     419 3.4658E-01 8.3852E-04  ( 0.256    ,  1.953E-03,   0.00    ) |  8.385E-04 3.052E-03
     420 3.4742E-01 8.3823E-04  ( 0.256    , -1.953E-03,   0.00    ) |  8.382E-04 3.052E-03
     421 3.4826E-01 8.3793E-04  ( 0.256    ,  1.953E-03,   0.00    ) |  8.379E-04 3.052E-03
     422 3.4910E-01 8.3764E-04  ( 0.256    , -1.953E-03,   0.00    ) |  8.376E-04 3.052E-03
     423 3.4994E-01 8.3734E-04  ( 0.256    , -1.953E-03,   0.00    ) |  8.373E-04 3.052E-03
 *** Wrote plotfile to flash_run_hdf5_plt_cnt_0014 ****
     424 3.5077E-01 8.3705E-04  ( 0.256    ,  1.953E-03,   0.00    ) |  8.370E-04 3.052E-03
     425 3.5161E-01 8.3675E-04  ( 0.256    , -1.953E-03,   0.00    ) |  8.368E-04 3.052E-03
     426 3.5245E-01 8.3646E-04  ( 0.256    ,  1.953E-03,   0.00    ) |  8.365E-04 3.052E-03
     427 3.5328E-01 8.3616E-04  ( 0.256    ,  1.953E-03,   0.00    ) |  8.362E-04 3.052E-03
     428 3.5412E-01 8.3587E-04  ( 0.256    ,  1.953E-03,   0.00    ) |  8.359E-04 3.052E-03
     429 3.5496E-01 8.3558E-04  ( 0.256    ,  1.953E-03,   0.00    ) |  8.356E-04 3.052E-03
     430 3.5579E-01 8.3528E-04  ( 0.256    , -1.953E-03,   0.00    ) |  8.353E-04 3.052E-03
     431 3.5663E-01 8.3499E-04  ( 0.256    , -1.953E-03,   0.00    ) |  8.350E-04 3.052E-03
     432 3.5746E-01 8.3469E-04  ( 0.256    , -1.953E-03,   0.00    ) |  8.347E-04 3.052E-03
     433 3.5830E-01 8.3440E-04  ( 0.256    , -1.953E-03,   0.00    ) |  8.344E-04 3.052E-03
     434 3.5913E-01 8.3410E-04  ( 0.256    , -1.953E-03,   0.00    ) |  8.341E-04 3.052E-03
     435 3.5996E-01 8.3381E-04  ( 0.256    , -1.953E-03,   0.00    ) |  8.338E-04 3.052E-03
     436 3.6080E-01 8.3351E-04  ( 0.256    , -1.953E-03,   0.00    ) |  8.335E-04 3.052E-03
     437 3.6163E-01 8.3322E-04  ( 0.256    , -1.953E-03,   0.00    ) |  8.332E-04 3.052E-03
     438 3.6246E-01 8.3293E-04  ( 0.256    , -1.953E-03,   0.00    ) |  8.329E-04 3.052E-03
     439 3.6330E-01 8.3263E-04  ( 0.256    , -1.953E-03,   0.00    ) |  8.326E-04 3.052E-03
     440 3.6413E-01 8.3234E-04  ( 0.256    , -1.953E-03,   0.00    ) |  8.323E-04 3.052E-03
     441 3.6496E-01 8.3204E-04  ( 0.256    , -1.953E-03,   0.00    ) |  8.320E-04 3.052E-03
     442 3.6579E-01 8.3175E-04  ( 0.256    , -1.953E-03,   0.00    ) |  8.317E-04 3.052E-03
     443 3.6663E-01 8.3146E-04  ( 0.256    , -1.953E-03,   0.00    ) |  8.315E-04 3.052E-03
     444 3.6746E-01 8.3116E-04  ( 0.256    , -1.953E-03,   0.00    ) |  8.312E-04 3.052E-03
     445 3.6829E-01 8.3087E-04  ( 0.256    , -1.953E-03,   0.00    ) |  8.309E-04 3.052E-03
     446 3.6912E-01 8.3057E-04  ( 0.256    , -1.953E-03,   0.00    ) |  8.306E-04 3.052E-03
     447 3.6995E-01 8.3028E-04  ( 0.256    , -1.953E-03,   0.00    ) |  8.303E-04 3.052E-03
     448 3.7078E-01 8.2999E-04  ( 0.260    , -1.953E-03,   0.00    ) |  8.300E-04 3.052E-03
     449 3.7161E-01 8.2969E-04  ( 0.260    , -1.953E-03,   0.00    ) |  8.297E-04 3.052E-03
     450 3.7244E-01 8.2940E-04  ( 0.260    , -1.953E-03,   0.00    ) |  8.294E-04 3.052E-03
     451 3.7327E-01 8.2910E-04  ( 0.260    , -1.953E-03,   0.00    ) |  8.291E-04 3.052E-03
     452 3.7410E-01 8.2881E-04  ( 0.260    , -1.953E-03,   0.00    ) |  8.288E-04 3.052E-03
     453 3.7493E-01 8.2851E-04  ( 0.260    , -1.953E-03,   0.00    ) |  8.285E-04 3.052E-03
 *** Wrote plotfile to flash_run_hdf5_plt_cnt_0015 ****
     454 3.7576E-01 8.2822E-04  ( 0.260    , -1.953E-03,   0.00    ) |  8.282E-04 3.052E-03
     455 3.7658E-01 8.2792E-04  (-0.260    , -1.953E-03,   0.00    ) |  8.279E-04 3.052E-03
     456 3.7741E-01 8.2763E-04  ( 0.260    , -1.953E-03,   0.00    ) |  8.276E-04 3.052E-03
     457 3.7824E-01 8.2734E-04  ( 0.260    , -1.953E-03,   0.00    ) |  8.273E-04 3.052E-03
     458 3.7907E-01 8.2704E-04  ( 0.260    , -1.953E-03,   0.00    ) |  8.270E-04 3.052E-03
     459 3.7989E-01 8.2675E-04  (-0.260    , -1.953E-03,   0.00    ) |  8.268E-04 3.052E-03
     460 3.8072E-01 8.2646E-04  (-0.260    , -1.953E-03,   0.00    ) |  8.265E-04 3.052E-03
     461 3.8155E-01 8.2616E-04  (-0.260    , -1.953E-03,   0.00    ) |  8.262E-04 3.052E-03
     462 3.8237E-01 8.2587E-04  ( 0.260    , -1.953E-03,   0.00    ) |  8.259E-04 3.052E-03
     463 3.8320E-01 8.2558E-04  (-0.260    , -1.953E-03,   0.00    ) |  8.256E-04 3.052E-03
     464 3.8403E-01 8.2529E-04  (-0.260    , -1.953E-03,   0.00    ) |  8.253E-04 3.052E-03
     465 3.8485E-01 8.2500E-04  (-0.260    , -1.953E-03,   0.00    ) |  8.250E-04 3.052E-03
     466 3.8568E-01 8.2471E-04  (-0.260    , -1.953E-03,   0.00    ) |  8.247E-04 3.052E-03
     467 3.8650E-01 8.2441E-04  (-0.260    , -1.953E-03,   0.00    ) |  8.244E-04 3.052E-03
     468 3.8732E-01 8.2412E-04  (-0.260    , -1.953E-03,   0.00    ) |  8.241E-04 3.052E-03
     469 3.8815E-01 8.2383E-04  (-0.260    , -1.953E-03,   0.00    ) |  8.238E-04 3.052E-03
     470 3.8897E-01 8.2354E-04  (-0.260    , -1.953E-03,   0.00    ) |  8.235E-04 3.052E-03
     471 3.8980E-01 8.2325E-04  (-0.260    , -1.953E-03,   0.00    ) |  8.233E-04 3.052E-03
     472 3.9062E-01 8.2297E-04  (-0.260    , -1.953E-03,   0.00    ) |  8.230E-04 3.052E-03
     473 3.9144E-01 8.2268E-04  (-0.260    , -1.953E-03,   0.00    ) |  8.227E-04 3.052E-03
     474 3.9227E-01 8.2239E-04  (-0.260    , -1.953E-03,   0.00    ) |  8.224E-04 3.052E-03
     475 3.9309E-01 8.2210E-04  (-0.260    , -1.953E-03,   0.00    ) |  8.221E-04 3.052E-03
     476 3.9391E-01 8.2181E-04  (-0.260    , -1.953E-03,   0.00    ) |  8.218E-04 3.052E-03
     477 3.9473E-01 8.2153E-04  (-0.260    , -1.953E-03,   0.00    ) |  8.215E-04 3.052E-03
     478 3.9555E-01 8.2124E-04  (-0.260    , -1.953E-03,   0.00    ) |  8.212E-04 3.052E-03
     479 3.9637E-01 8.2095E-04  (-0.260    , -1.953E-03,   0.00    ) |  8.210E-04 3.052E-03
     480 3.9720E-01 8.2067E-04  (-0.260    , -1.953E-03,   0.00    ) |  8.207E-04 3.052E-03
     481 3.9802E-01 8.2038E-04  (-0.260    , -1.953E-03,   0.00    ) |  8.204E-04 3.052E-03
     482 3.9884E-01 8.2010E-04  (-0.260    , -1.953E-03,   0.00    ) |  8.201E-04 3.052E-03
     483 3.9966E-01 8.1981E-04  (-0.260    , -1.953E-03,   0.00    ) |  8.198E-04 3.052E-03
 *** Wrote plotfile to flash_run_hdf5_plt_cnt_0016 ****
     484 4.0048E-01 8.1953E-04  (-0.260    , -1.953E-03,   0.00    ) |  8.195E-04 3.052E-03
     485 4.0130E-01 8.1925E-04  (-0.260    , -1.953E-03,   0.00    ) |  8.192E-04 3.052E-03
     486 4.0211E-01 8.1896E-04  (-0.260    , -1.953E-03,   0.00    ) |  8.190E-04 3.052E-03
     487 4.0293E-01 8.1868E-04  (-0.260    , -1.953E-03,   0.00    ) |  8.187E-04 3.052E-03
     488 4.0375E-01 8.1840E-04  (-0.260    , -1.953E-03,   0.00    ) |  8.184E-04 3.052E-03
     489 4.0457E-01 8.1812E-04  (-0.260    , -1.953E-03,   0.00    ) |  8.181E-04 3.052E-03
     490 4.0539E-01 8.1784E-04  (-0.260    , -1.953E-03,   0.00    ) |  8.178E-04 3.052E-03
     491 4.0621E-01 8.1755E-04  (-0.260    , -1.953E-03,   0.00    ) |  8.176E-04 3.052E-03
     492 4.0702E-01 8.1727E-04  (-0.260    , -1.953E-03,   0.00    ) |  8.173E-04 3.052E-03
     493 4.0784E-01 8.1699E-04  (-0.260    , -1.953E-03,   0.00    ) |  8.170E-04 3.052E-03
     494 4.0866E-01 8.1671E-04  ( 0.260    , -1.953E-03,   0.00    ) |  8.167E-04 3.052E-03
     495 4.0948E-01 8.1643E-04  ( 0.260    ,  1.953E-03,   0.00    ) |  8.164E-04 3.052E-03
     496 4.1029E-01 8.1616E-04  ( 0.260    , -1.953E-03,   0.00    ) |  8.162E-04 3.052E-03
     497 4.1111E-01 8.1588E-04  ( 0.260    , -1.953E-03,   0.00    ) |  8.159E-04 3.052E-03
     498 4.1192E-01 8.1560E-04  (-0.264    , -1.953E-03,   0.00    ) |  8.156E-04 3.052E-03
     499 4.1274E-01 8.1532E-04  (-0.264    , -1.953E-03,   0.00    ) |  8.153E-04 3.052E-03
     500 4.1355E-01 8.1504E-04  (-0.264    , -1.953E-03,   0.00    ) |  8.150E-04 3.052E-03
     501 4.1437E-01 8.1477E-04  (-0.264    , -1.953E-03,   0.00    ) |  8.148E-04 3.052E-03
     502 4.1518E-01 8.1449E-04  (-0.264    , -1.953E-03,   0.00    ) |  8.145E-04 3.052E-03
     503 4.1600E-01 8.1421E-04  (-0.264    , -1.953E-03,   0.00    ) |  8.142E-04 3.052E-03
     504 4.1681E-01 8.1394E-04  (-0.264    , -1.953E-03,   0.00    ) |  8.139E-04 3.052E-03
     505 4.1763E-01 8.1366E-04  (-0.264    , -1.953E-03,   0.00    ) |  8.137E-04 3.052E-03
     506 4.1844E-01 8.1339E-04  (-0.264    , -1.953E-03,   0.00    ) |  8.134E-04 3.052E-03
     507 4.1925E-01 8.1312E-04  ( 0.264    , -1.953E-03,   0.00    ) |  8.131E-04 3.052E-03
     508 4.2007E-01 8.1284E-04  ( 0.264    , -1.953E-03,   0.00    ) |  8.128E-04 3.052E-03
     509 4.2088E-01 8.1257E-04  (-0.264    , -1.953E-03,   0.00    ) |  8.126E-04 3.052E-03
     510 4.2169E-01 8.1230E-04  ( 0.264    , -1.953E-03,   0.00    ) |  8.123E-04 3.052E-03
     511 4.2251E-01 8.1203E-04  (-0.264    , -1.953E-03,   0.00    ) |  8.120E-04 3.052E-03
     512 4.2332E-01 8.1176E-04  (-0.264    , -1.953E-03,   0.00    ) |  8.118E-04 3.052E-03
     513 4.2413E-01 8.1149E-04  (-0.264    , -1.953E-03,   0.00    ) |  8.115E-04 3.052E-03
     514 4.2494E-01 8.1122E-04  ( 0.264    , -1.953E-03,   0.00    ) |  8.112E-04 3.052E-03
 *** Wrote plotfile to flash_run_hdf5_plt_cnt_0017 ****
     515 4.2575E-01 8.1095E-04  ( 0.264    , -1.953E-03,   0.00    ) |  8.109E-04 3.052E-03
     516 4.2656E-01 8.1068E-04  (-0.264    , -1.953E-03,   0.00    ) |  8.107E-04 3.052E-03
     517 4.2737E-01 8.1041E-04  ( 0.264    ,  1.953E-03,   0.00    ) |  8.104E-04 3.052E-03
     518 4.2818E-01 8.1014E-04  ( 0.264    ,  1.953E-03,   0.00    ) |  8.101E-04 3.052E-03
     519 4.2899E-01 8.0987E-04  ( 0.264    ,  1.953E-03,   0.00    ) |  8.099E-04 3.052E-03
     520 4.2980E-01 8.0961E-04  ( 0.264    ,  1.953E-03,   0.00    ) |  8.096E-04 3.052E-03
     521 4.3061E-01 8.0934E-04  ( 0.264    ,  1.953E-03,   0.00    ) |  8.093E-04 3.052E-03
     522 4.3142E-01 8.0907E-04  ( 0.264    ,  1.953E-03,   0.00    ) |  8.091E-04 3.052E-03
     523 4.3223E-01 8.0881E-04  (-0.264    , -1.953E-03,   0.00    ) |  8.088E-04 3.052E-03
     524 4.3304E-01 8.0854E-04  (-0.264    ,  1.953E-03,   0.00    ) |  8.085E-04 3.052E-03
     525 4.3385E-01 8.0828E-04  ( 0.264    ,  1.953E-03,   0.00    ) |  8.083E-04 3.052E-03
     526 4.3466E-01 8.0802E-04  ( 0.264    ,  1.953E-03,   0.00    ) |  8.080E-04 3.052E-03
     527 4.3547E-01 8.0775E-04  ( 0.264    ,  1.953E-03,   0.00    ) |  8.078E-04 3.052E-03
     528 4.3627E-01 8.0749E-04  ( 0.264    ,  1.953E-03,   0.00    ) |  8.075E-04 3.052E-03
     529 4.3708E-01 8.0723E-04  ( 0.264    ,  1.953E-03,   0.00    ) |  8.072E-04 3.052E-03
     530 4.3789E-01 8.0697E-04  ( 0.264    ,  1.953E-03,   0.00    ) |  8.070E-04 3.052E-03
     531 4.3869E-01 8.0671E-04  ( 0.264    ,  1.953E-03,   0.00    ) |  8.067E-04 3.052E-03
     532 4.3950E-01 8.0645E-04  ( 0.264    ,  1.953E-03,   0.00    ) |  8.064E-04 3.052E-03
     533 4.4031E-01 8.0619E-04  ( 0.264    ,  1.953E-03,   0.00    ) |  8.062E-04 3.052E-03
     534 4.4111E-01 8.0593E-04  ( 0.264    ,  1.953E-03,   0.00    ) |  8.059E-04 3.052E-03
     535 4.4192E-01 8.0567E-04  ( 0.264    ,  1.953E-03,   0.00    ) |  8.057E-04 3.052E-03
     536 4.4273E-01 8.0542E-04  ( 0.268    ,  1.953E-03,   0.00    ) |  8.054E-04 3.052E-03
     537 4.4353E-01 8.0516E-04  ( 0.268    ,  1.953E-03,   0.00    ) |  8.052E-04 3.052E-03
     538 4.4434E-01 8.0490E-04  ( 0.268    ,  1.953E-03,   0.00    ) |  8.049E-04 3.052E-03
     539 4.4514E-01 8.0464E-04  ( 0.268    ,  1.953E-03,   0.00    ) |  8.046E-04 3.052E-03
     540 4.4595E-01 8.0438E-04  (-0.268    , -1.953E-03,   0.00    ) |  8.044E-04 3.052E-03
     541 4.4675E-01 8.0413E-04  ( 0.268    ,  1.953E-03,   0.00    ) |  8.041E-04 3.052E-03
     542 4.4755E-01 8.0387E-04  (-0.268    , -1.953E-03,   0.00    ) |  8.039E-04 3.052E-03
     543 4.4836E-01 8.0362E-04  (-0.268    , -1.953E-03,   0.00    ) |  8.036E-04 3.052E-03
     544 4.4916E-01 8.0336E-04  ( 0.268    ,  1.953E-03,   0.00    ) |  8.034E-04 3.052E-03
     545 4.4997E-01 8.0311E-04  (-0.268    , -1.953E-03,   0.00    ) |  8.031E-04 3.052E-03
 *** Wrote plotfile to flash_run_hdf5_plt_cnt_0018 ****
     546 4.5077E-01 8.0285E-04  (-0.268    , -1.953E-03,   0.00    ) |  8.029E-04 3.052E-03
     547 4.5157E-01 8.0260E-04  (-0.268    , -1.953E-03,   0.00    ) |  8.026E-04 3.052E-03
     548 4.5237E-01 8.0235E-04  (-0.268    , -1.953E-03,   0.00    ) |  8.023E-04 3.052E-03
     549 4.5318E-01 8.0210E-04  (-0.268    , -1.953E-03,   0.00    ) |  8.021E-04 3.052E-03
     550 4.5398E-01 8.0185E-04  (-0.268    , -1.953E-03,   0.00    ) |  8.018E-04 3.052E-03
     551 4.5478E-01 8.0159E-04  (-0.268    , -1.953E-03,   0.00    ) |  8.016E-04 3.052E-03
     552 4.5558E-01 8.0134E-04  (-0.268    , -1.953E-03,   0.00    ) |  8.013E-04 3.052E-03
     553 4.5638E-01 8.0109E-04  (-0.268    , -1.953E-03,   0.00    ) |  8.011E-04 3.052E-03
     554 4.5718E-01 8.0085E-04  (-0.268    , -1.953E-03,   0.00    ) |  8.008E-04 3.052E-03
     555 4.5798E-01 8.0060E-04  (-0.268    , -1.953E-03,   0.00    ) |  8.006E-04 3.052E-03
     556 4.5879E-01 8.0035E-04  (-0.268    , -1.953E-03,   0.00    ) |  8.004E-04 3.052E-03
     557 4.5959E-01 8.0011E-04  (-0.268    , -1.953E-03,   0.00    ) |  8.001E-04 3.052E-03
     558 4.6039E-01 7.9986E-04  (-0.268    , -1.953E-03,   0.00    ) |  7.999E-04 3.052E-03
     559 4.6119E-01 7.9962E-04  (-0.268    , -1.953E-03,   0.00    ) |  7.996E-04 3.052E-03
     560 4.6199E-01 7.9937E-04  (-0.268    , -1.953E-03,   0.00    ) |  7.994E-04 3.052E-03
     561 4.6278E-01 7.9913E-04  (-0.268    , -1.953E-03,   0.00    ) |  7.991E-04 3.052E-03
     562 4.6358E-01 7.9889E-04  (-0.268    , -1.953E-03,   0.00    ) |  7.989E-04 3.052E-03
     563 4.6438E-01 7.9864E-04  (-0.268    , -1.953E-03,   0.00    ) |  7.986E-04 3.052E-03
     564 4.6518E-01 7.9840E-04  (-0.268    , -1.953E-03,   0.00    ) |  7.984E-04 3.052E-03
     565 4.6598E-01 7.9816E-04  (-0.268    ,  1.953E-03,   0.00    ) |  7.982E-04 3.052E-03
     566 4.6678E-01 7.9792E-04  (-0.268    ,  1.953E-03,   0.00    ) |  7.979E-04 3.052E-03
     567 4.6758E-01 7.9769E-04  (-0.268    ,  1.953E-03,   0.00    ) |  7.977E-04 3.052E-03
     568 4.6837E-01 7.9745E-04  (-0.268    ,  1.953E-03,   0.00    ) |  7.974E-04 3.052E-03
     569 4.6917E-01 7.9721E-04  (-0.268    ,  1.953E-03,   0.00    ) |  7.972E-04 3.052E-03
     570 4.6997E-01 7.9697E-04  (-0.268    ,  1.953E-03,   0.00    ) |  7.970E-04 3.052E-03
     571 4.7077E-01 7.9674E-04  (-0.268    ,  1.953E-03,   0.00    ) |  7.967E-04 3.052E-03
     572 4.7156E-01 7.9650E-04  (-0.268    ,  1.953E-03,   0.00    ) |  7.965E-04 3.052E-03
     573 4.7236E-01 7.9627E-04  (-0.268    ,  1.953E-03,   0.00    ) |  7.963E-04 3.052E-03
     574 4.7315E-01 7.9604E-04  (-0.268    ,  1.953E-03,   0.00    ) |  7.960E-04 3.052E-03
     575 4.7395E-01 7.9580E-04  (-0.268    ,  1.953E-03,   0.00    ) |  7.958E-04 3.052E-03
     576 4.7475E-01 7.9557E-04  (-0.271    ,  1.953E-03,   0.00    ) |  7.956E-04 3.052E-03
 *** Wrote plotfile to flash_run_hdf5_plt_cnt_0019 ****
     577 4.7554E-01 7.9534E-04  (-0.271    ,  1.953E-03,   0.00    ) |  7.953E-04 3.052E-03
     578 4.7634E-01 7.9511E-04  (-0.271    ,  1.953E-03,   0.00    ) |  7.951E-04 3.052E-03
     579 4.7713E-01 7.9487E-04  (-0.271    ,  1.953E-03,   0.00    ) |  7.949E-04 3.052E-03
     580 4.7793E-01 7.9464E-04  (-0.271    ,  1.953E-03,   0.00    ) |  7.946E-04 3.052E-03
     581 4.7872E-01 7.9441E-04  (-0.271    ,  1.953E-03,   0.00    ) |  7.944E-04 3.052E-03
     582 4.7952E-01 7.9418E-04  (-0.271    ,  1.953E-03,   0.00    ) |  7.942E-04 3.052E-03
     583 4.8031E-01 7.9395E-04  (-0.271    ,  1.953E-03,   0.00    ) |  7.940E-04 3.052E-03
     584 4.8110E-01 7.9372E-04  (-0.271    ,  1.953E-03,   0.00    ) |  7.937E-04 3.052E-03
     585 4.8190E-01 7.9350E-04  (-0.271    ,  1.953E-03,   0.00    ) |  7.935E-04 3.052E-03
     586 4.8269E-01 7.9327E-04  (-0.271    ,  1.953E-03,   0.00    ) |  7.933E-04 3.052E-03
     587 4.8349E-01 7.9304E-04  (-0.271    ,  1.953E-03,   0.00    ) |  7.930E-04 3.052E-03
     588 4.8428E-01 7.9282E-04  ( 0.271    , -1.953E-03,   0.00    ) |  7.928E-04 3.052E-03
     589 4.8507E-01 7.9259E-04  ( 0.271    , -1.953E-03,   0.00    ) |  7.926E-04 3.052E-03
     590 4.8586E-01 7.9237E-04  ( 0.271    , -1.953E-03,   0.00    ) |  7.924E-04 3.052E-03
     591 4.8666E-01 7.9215E-04  ( 0.271    , -1.953E-03,   0.00    ) |  7.921E-04 3.052E-03
     592 4.8745E-01 7.9192E-04  ( 0.271    ,  1.953E-03,   0.00    ) |  7.919E-04 3.052E-03
     593 4.8824E-01 7.9170E-04  ( 0.271    , -1.953E-03,   0.00    ) |  7.917E-04 3.052E-03
     594 4.8903E-01 7.9148E-04  ( 0.271    ,  1.953E-03,   0.00    ) |  7.915E-04 3.052E-03
     595 4.8982E-01 7.9126E-04  ( 0.271    ,  1.953E-03,   0.00    ) |  7.913E-04 3.052E-03
     596 4.9061E-01 7.9104E-04  ( 0.271    ,  1.953E-03,   0.00    ) |  7.910E-04 3.052E-03
     597 4.9141E-01 7.9082E-04  ( 0.271    ,  1.953E-03,   0.00    ) |  7.908E-04 3.052E-03
     598 4.9220E-01 7.9061E-04  ( 0.271    ,  1.953E-03,   0.00    ) |  7.906E-04 3.052E-03
     599 4.9299E-01 7.9039E-04  ( 0.271    ,  1.953E-03,   0.00    ) |  7.904E-04 3.052E-03
     600 4.9378E-01 7.9017E-04  ( 0.271    ,  1.953E-03,   0.00    ) |  7.902E-04 3.052E-03
     601 4.9457E-01 7.8996E-04  ( 0.271    ,  1.953E-03,   0.00    ) |  7.900E-04 3.052E-03
     602 4.9536E-01 7.8974E-04  ( 0.271    ,  1.953E-03,   0.00    ) |  7.897E-04 3.052E-03
     603 4.9615E-01 7.8953E-04  ( 0.271    ,  1.953E-03,   0.00    ) |  7.895E-04 3.052E-03
     604 4.9694E-01 7.8932E-04  ( 0.271    ,  1.953E-03,   0.00    ) |  7.893E-04 3.052E-03
     605 4.9773E-01 7.8910E-04  ( 0.271    ,  1.953E-03,   0.00    ) |  7.891E-04 3.052E-03
     606 4.9852E-01 7.8889E-04  ( 0.271    ,  1.953E-03,   0.00    ) |  7.889E-04 3.052E-03
     607 4.9930E-01 7.8868E-04  ( 0.271    ,  1.953E-03,   0.00    ) |  7.887E-04 3.052E-03
 *** Wrote plotfile to flash_run_hdf5_plt_cnt_0020 ****
     608 5.0009E-01 7.8847E-04  ( 0.271    ,  1.953E-03,   0.00    ) |  7.885E-04 3.052E-03
     609 5.0088E-01 7.8826E-04  ( 0.271    ,  1.953E-03,   0.00    ) |  7.883E-04 3.052E-03
     610 5.0167E-01 7.8805E-04  ( 0.271    ,  1.953E-03,   0.00    ) |  7.881E-04 3.052E-03
     611 5.0246E-01 7.8785E-04  ( 0.271    ,  1.953E-03,   0.00    ) |  7.878E-04 3.052E-03
     612 5.0325E-01 7.8764E-04  (-0.275    ,  1.953E-03,   0.00    ) |  7.876E-04 3.052E-03
     613 5.0403E-01 7.8743E-04  (-0.275    ,  1.953E-03,   0.00    ) |  7.874E-04 3.052E-03
     614 5.0482E-01 7.8722E-04  (-0.275    ,  1.953E-03,   0.00    ) |  7.872E-04 3.052E-03
     615 5.0561E-01 7.8702E-04  (-0.275    ,  1.953E-03,   0.00    ) |  7.870E-04 3.052E-03
     616 5.0639E-01 7.8681E-04  ( 0.275    ,  1.953E-03,   0.00    ) |  7.868E-04 3.052E-03
     617 5.0718E-01 7.8660E-04  ( 0.275    ,  1.953E-03,   0.00    ) |  7.866E-04 3.052E-03
     618 5.0797E-01 7.8640E-04  ( 0.275    ,  1.953E-03,   0.00    ) |  7.864E-04 3.052E-03
     619 5.0875E-01 7.8619E-04  ( 0.275    ,  1.953E-03,   0.00    ) |  7.862E-04 3.052E-03
     620 5.0954E-01 7.8599E-04  ( 0.275    ,  1.953E-03,   0.00    ) |  7.860E-04 3.052E-03
     621 5.1033E-01 7.8579E-04  ( 0.275    ,  1.953E-03,   0.00    ) |  7.858E-04 3.052E-03
     622 5.1111E-01 7.8559E-04  ( 0.275    ,  1.953E-03,   0.00    ) |  7.856E-04 3.052E-03
     623 5.1190E-01 7.8539E-04  ( 0.275    ,  1.953E-03,   0.00    ) |  7.854E-04 3.052E-03
     624 5.1268E-01 7.8519E-04  ( 0.275    ,  1.953E-03,   0.00    ) |  7.852E-04 3.052E-03
     625 5.1347E-01 7.8499E-04  ( 0.275    ,  1.953E-03,   0.00    ) |  7.850E-04 3.052E-03
     626 5.1425E-01 7.8479E-04  ( 0.275    ,  1.953E-03,   0.00    ) |  7.848E-04 3.052E-03
     627 5.1504E-01 7.8459E-04  ( 0.275    ,  1.953E-03,   0.00    ) |  7.846E-04 3.052E-03
     628 5.1582E-01 7.8440E-04  ( 0.275    ,  1.953E-03,   0.00    ) |  7.844E-04 3.052E-03
     629 5.1661E-01 7.8420E-04  ( 0.275    ,  1.953E-03,   0.00    ) |  7.842E-04 3.052E-03
     630 5.1739E-01 7.8401E-04  ( 0.275    ,  1.953E-03,   0.00    ) |  7.840E-04 3.052E-03
     631 5.1818E-01 7.8381E-04  ( 0.275    ,  1.953E-03,   0.00    ) |  7.838E-04 3.052E-03
     632 5.1896E-01 7.8362E-04  ( 0.275    ,  1.953E-03,   0.00    ) |  7.836E-04 3.052E-03
     633 5.1974E-01 7.8343E-04  ( 0.275    ,  1.953E-03,   0.00    ) |  7.834E-04 3.052E-03
     634 5.2053E-01 7.8324E-04  ( 0.275    ,  1.953E-03,   0.00    ) |  7.832E-04 3.052E-03
     635 5.2131E-01 7.8305E-04  ( 0.275    ,  1.953E-03,   0.00    ) |  7.830E-04 3.052E-03
     636 5.2209E-01 7.8286E-04  ( 0.275    ,  1.953E-03,   0.00    ) |  7.829E-04 3.052E-03
     637 5.2288E-01 7.8267E-04  ( 0.275    ,  1.953E-03,   0.00    ) |  7.827E-04 3.052E-03
     638 5.2366E-01 7.8248E-04  ( 0.275    ,  1.953E-03,   0.00    ) |  7.825E-04 3.052E-03
     639 5.2444E-01 7.8229E-04  ( 0.275    ,  1.953E-03,   0.00    ) |  7.823E-04 3.052E-03
 *** Wrote plotfile to flash_run_hdf5_plt_cnt_0021 ****
     640 5.2522E-01 7.8211E-04  ( 0.275    ,  1.953E-03,   0.00    ) |  7.821E-04 3.052E-03
     641 5.2601E-01 7.8193E-04  ( 0.275    ,  1.953E-03,   0.00    ) |  7.819E-04 3.052E-03
     642 5.2679E-01 7.8174E-04  ( 0.275    ,  1.953E-03,   0.00    ) |  7.817E-04 3.052E-03
     643 5.2757E-01 7.8156E-04  ( 0.279    ,  1.953E-03,   0.00    ) |  7.816E-04 3.052E-03
     644 5.2835E-01 7.8137E-04  ( 0.279    ,  1.953E-03,   0.00    ) |  7.814E-04 3.052E-03
     645 5.2913E-01 7.8118E-04  ( 0.279    ,  1.953E-03,   0.00    ) |  7.812E-04 3.052E-03
     646 5.2991E-01 7.8100E-04  ( 0.279    ,  1.953E-03,   0.00    ) |  7.810E-04 3.052E-03
     647 5.3069E-01 7.8082E-04  ( 0.279    ,  1.953E-03,   0.00    ) |  7.808E-04 3.052E-03
     648 5.3147E-01 7.8063E-04  ( 0.279    ,  1.953E-03,   0.00    ) |  7.806E-04 3.052E-03
     649 5.3226E-01 7.8045E-04  ( 0.279    ,  1.953E-03,   0.00    ) |  7.805E-04 3.052E-03
     650 5.3304E-01 7.8027E-04  ( 0.279    ,  1.953E-03,   0.00    ) |  7.803E-04 3.052E-03
     651 5.3382E-01 7.8009E-04  ( 0.279    ,  1.953E-03,   0.00    ) |  7.801E-04 3.052E-03
     652 5.3460E-01 7.7991E-04  ( 0.279    ,  1.953E-03,   0.00    ) |  7.799E-04 3.052E-03
     653 5.3538E-01 7.7973E-04  ( 0.279    ,  1.953E-03,   0.00    ) |  7.797E-04 3.052E-03
     654 5.3616E-01 7.7956E-04  ( 0.279    ,  1.953E-03,   0.00    ) |  7.796E-04 3.052E-03
     655 5.3694E-01 7.7938E-04  ( 0.279    ,  1.953E-03,   0.00    ) |  7.794E-04 3.052E-03
     656 5.3771E-01 7.7920E-04  ( 0.279    ,  1.953E-03,   0.00    ) |  7.792E-04 3.052E-03
     657 5.3849E-01 7.7903E-04  ( 0.279    ,  1.953E-03,   0.00    ) |  7.790E-04 3.052E-03
     658 5.3927E-01 7.7885E-04  ( 0.279    ,  1.953E-03,   0.00    ) |  7.789E-04 3.052E-03
     659 5.4005E-01 7.7868E-04  ( 0.279    ,  1.953E-03,   0.00    ) |  7.787E-04 3.052E-03
     660 5.4083E-01 7.7851E-04  ( 0.279    ,  1.953E-03,   0.00    ) |  7.785E-04 3.052E-03
     661 5.4161E-01 7.7834E-04  ( 0.279    ,  1.953E-03,   0.00    ) |  7.783E-04 3.052E-03
     662 5.4239E-01 7.7817E-04  ( 0.279    ,  1.953E-03,   0.00    ) |  7.782E-04 3.052E-03
     663 5.4317E-01 7.7800E-04  ( 0.279    ,  1.953E-03,   0.00    ) |  7.780E-04 3.052E-03
     664 5.4394E-01 7.7783E-04  ( 0.279    ,  1.953E-03,   0.00    ) |  7.778E-04 3.052E-03
     665 5.4472E-01 7.7766E-04  ( 0.279    ,  1.953E-03,   0.00    ) |  7.777E-04 3.052E-03
     666 5.4550E-01 7.7750E-04  (-0.279    , -1.953E-03,   0.00    ) |  7.775E-04 3.052E-03
     667 5.4628E-01 7.7733E-04  ( 0.283    ,  1.953E-03,   0.00    ) |  7.773E-04 3.052E-03
     668 5.4705E-01 7.7716E-04  ( 0.283    ,  1.953E-03,   0.00    ) |  7.772E-04 3.052E-03
     669 5.4783E-01 7.7699E-04  ( 0.283    ,  1.953E-03,   0.00    ) |  7.770E-04 3.052E-03
     670 5.4861E-01 7.7682E-04  (-0.283    , -1.953E-03,   0.00    ) |  7.768E-04 3.052E-03
     671 5.4938E-01 7.7666E-04  (-0.283    , -1.953E-03,   0.00    ) |  7.767E-04 3.052E-03
 *** Wrote plotfile to flash_run_hdf5_plt_cnt_0022 ****
     672 5.5016E-01 7.7649E-04  ( 0.283    ,  1.953E-03,   0.00    ) |  7.765E-04 3.052E-03
     673 5.5094E-01 7.7633E-04  (-0.283    , -1.953E-03,   0.00    ) |  7.763E-04 3.052E-03
     674 5.5171E-01 7.7616E-04  (-0.283    , -1.953E-03,   0.00    ) |  7.762E-04 3.052E-03
     675 5.5249E-01 7.7600E-04  (-0.283    , -1.953E-03,   0.00    ) |  7.760E-04 3.052E-03
     676 5.5327E-01 7.7584E-04  (-0.283    , -1.953E-03,   0.00    ) |  7.758E-04 3.052E-03
     677 5.5404E-01 7.7567E-04  (-0.283    , -1.953E-03,   0.00    ) |  7.757E-04 3.052E-03
     678 5.5482E-01 7.7551E-04  (-0.283    , -1.953E-03,   0.00    ) |  7.755E-04 3.052E-03
     679 5.5559E-01 7.7536E-04  (-0.283    , -1.953E-03,   0.00    ) |  7.754E-04 3.052E-03
     680 5.5637E-01 7.7520E-04  (-0.283    , -1.953E-03,   0.00    ) |  7.752E-04 3.052E-03
     681 5.5714E-01 7.7504E-04  (-0.283    , -1.953E-03,   0.00    ) |  7.750E-04 3.052E-03
     682 5.5792E-01 7.7488E-04  (-0.283    ,  1.953E-03,   0.00    ) |  7.749E-04 3.052E-03
     683 5.5869E-01 7.7473E-04  (-0.283    , -1.953E-03,   0.00    ) |  7.747E-04 3.052E-03
     684 5.5947E-01 7.7457E-04  (-0.283    , -1.953E-03,   0.00    ) |  7.746E-04 3.052E-03
     685 5.6024E-01 7.7442E-04  (-0.283    ,  1.953E-03,   0.00    ) |  7.744E-04 3.052E-03
     686 5.6102E-01 7.7427E-04  (-0.283    ,  1.953E-03,   0.00    ) |  7.743E-04 3.052E-03
     687 5.6179E-01 7.7412E-04  (-0.283    ,  1.953E-03,   0.00    ) |  7.741E-04 3.052E-03
     688 5.6257E-01 7.7397E-04  (-0.283    ,  1.953E-03,   0.00    ) |  7.740E-04 3.052E-03
     689 5.6334E-01 7.7382E-04  (-0.283    ,  1.953E-03,   0.00    ) |  7.738E-04 3.052E-03
     690 5.6411E-01 7.7367E-04  (-0.287    , -1.953E-03,   0.00    ) |  7.737E-04 3.052E-03
     691 5.6489E-01 7.7352E-04  (-0.287    ,  1.953E-03,   0.00    ) |  7.735E-04 3.052E-03
     692 5.6566E-01 7.7336E-04  (-0.287    ,  1.953E-03,   0.00    ) |  7.734E-04 3.052E-03
     693 5.6643E-01 7.7321E-04  (-0.287    , -1.953E-03,   0.00    ) |  7.732E-04 3.052E-03
     694 5.6721E-01 7.7306E-04  (-0.287    , -1.953E-03,   0.00    ) |  7.731E-04 3.052E-03
     695 5.6798E-01 7.7292E-04  (-0.287    ,  1.953E-03,   0.00    ) |  7.729E-04 3.052E-03
     696 5.6875E-01 7.7277E-04  (-0.287    ,  1.953E-03,   0.00    ) |  7.728E-04 3.052E-03
     697 5.6953E-01 7.7262E-04  (-0.287    , -1.953E-03,   0.00    ) |  7.726E-04 3.052E-03
     698 5.7030E-01 7.7248E-04  ( 0.287    , -1.953E-03,   0.00    ) |  7.725E-04 3.052E-03
     699 5.7107E-01 7.7233E-04  ( 0.287    ,  1.953E-03,   0.00    ) |  7.723E-04 3.052E-03
     700 5.7184E-01 7.7219E-04  ( 0.287    , -1.953E-03,   0.00    ) |  7.722E-04 3.052E-03
     701 5.7262E-01 7.7204E-04  (-0.287    ,  1.953E-03,   0.00    ) |  7.720E-04 3.052E-03
     702 5.7339E-01 7.7190E-04  (-0.287    ,  1.953E-03,   0.00    ) |  7.719E-04 3.052E-03
     703 5.7416E-01 7.7176E-04  (-0.287    ,  1.953E-03,   0.00    ) |  7.718E-04 3.052E-03
     704 5.7493E-01 7.7162E-04  (-0.287    ,  1.953E-03,   0.00    ) |  7.716E-04 3.052E-03
 *** Wrote plotfile to flash_run_hdf5_plt_cnt_0023 ****
     705 5.7570E-01 7.7148E-04  (-0.287    ,  1.953E-03,   0.00    ) |  7.715E-04 3.052E-03
     706 5.7647E-01 7.7134E-04  (-0.287    ,  1.953E-03,   0.00    ) |  7.713E-04 3.052E-03
     707 5.7725E-01 7.7120E-04  (-0.287    ,  1.953E-03,   0.00    ) |  7.712E-04 3.052E-03
     708 5.7802E-01 7.7107E-04  (-0.287    ,  1.953E-03,   0.00    ) |  7.711E-04 3.052E-03
     709 5.7879E-01 7.7093E-04  (-0.287    ,  1.953E-03,   0.00    ) |  7.709E-04 3.052E-03
     710 5.7956E-01 7.7080E-04  (-0.287    ,  1.953E-03,   0.00    ) |  7.708E-04 3.052E-03
     711 5.8033E-01 7.7067E-04  (-0.287    , -1.953E-03,   0.00    ) |  7.707E-04 3.052E-03
     712 5.8110E-01 7.7053E-04  (-0.287    , -1.953E-03,   0.00    ) |  7.705E-04 3.052E-03
     713 5.8187E-01 7.7040E-04  (-0.287    , -1.953E-03,   0.00    ) |  7.704E-04 3.052E-03
     714 5.8264E-01 7.7027E-04  (-0.287    , -1.953E-03,   0.00    ) |  7.703E-04 3.052E-03
     715 5.8341E-01 7.7014E-04  (-0.287    , -1.953E-03,   0.00    ) |  7.701E-04 3.052E-03
     716 5.8418E-01 7.7001E-04  (-0.287    , -1.953E-03,   0.00    ) |  7.700E-04 3.052E-03
     717 5.8495E-01 7.6988E-04  (-0.287    , -1.953E-03,   0.00    ) |  7.699E-04 3.052E-03
     718 5.8572E-01 7.6975E-04  (-0.291    ,  1.953E-03,   0.00    ) |  7.698E-04 3.052E-03
     719 5.8649E-01 7.6962E-04  (-0.291    ,  1.953E-03,   0.00    ) |  7.696E-04 3.052E-03
     720 5.8726E-01 7.6949E-04  (-0.291    ,  1.953E-03,   0.00    ) |  7.695E-04 3.052E-03
     721 5.8803E-01 7.6936E-04  (-0.291    , -1.953E-03,   0.00    ) |  7.694E-04 3.052E-03
     722 5.8880E-01 7.6923E-04  (-0.291    ,  1.953E-03,   0.00    ) |  7.692E-04 3.052E-03
     723 5.8957E-01 7.6911E-04  (-0.291    , -1.953E-03,   0.00    ) |  7.691E-04 3.052E-03
     724 5.9034E-01 7.6898E-04  (-0.291    ,  1.953E-03,   0.00    ) |  7.690E-04 3.052E-03
     725 5.9111E-01 7.6885E-04  (-0.291    , -1.953E-03,   0.00    ) |  7.689E-04 3.052E-03
     726 5.9188E-01 7.6873E-04  (-0.291    , -1.953E-03,   0.00    ) |  7.687E-04 3.052E-03
     727 5.9265E-01 7.6861E-04  (-0.291    , -1.953E-03,   0.00    ) |  7.686E-04 3.052E-03
     728 5.9341E-01 7.6848E-04  (-0.291    , -1.953E-03,   0.00    ) |  7.685E-04 3.052E-03
     729 5.9418E-01 7.6836E-04  (-0.291    , -1.953E-03,   0.00    ) |  7.684E-04 3.052E-03
     730 5.9495E-01 7.6824E-04  (-0.291    , -1.953E-03,   0.00    ) |  7.682E-04 3.052E-03
     731 5.9572E-01 7.6812E-04  (-0.291    , -1.953E-03,   0.00    ) |  7.681E-04 3.052E-03
     732 5.9649E-01 7.6800E-04  (-0.291    , -1.953E-03,   0.00    ) |  7.680E-04 3.052E-03
     733 5.9726E-01 7.6788E-04  (-0.291    , -1.953E-03,   0.00    ) |  7.679E-04 3.052E-03
     734 5.9802E-01 7.6776E-04  (-0.291    , -1.953E-03,   0.00    ) |  7.678E-04 3.052E-03
     735 5.9879E-01 7.6765E-04  (-0.291    , -1.953E-03,   0.00    ) |  7.676E-04 3.052E-03
     736 5.9956E-01 7.6754E-04  (-0.291    , -1.953E-03,   0.00    ) |  7.675E-04 3.052E-03
 *** Wrote plotfile to flash_run_hdf5_plt_cnt_0024 ****
     737 6.0033E-01 7.6742E-04  (-0.291    , -1.953E-03,   0.00    ) |  7.674E-04 3.052E-03
     738 6.0109E-01 7.6731E-04  (-0.291    , -1.953E-03,   0.00    ) |  7.673E-04 3.052E-03
     739 6.0186E-01 7.6721E-04  (-0.291    , -1.953E-03,   0.00    ) |  7.672E-04 3.052E-03
     740 6.0263E-01 7.6710E-04  (-0.291    , -1.953E-03,   0.00    ) |  7.671E-04 3.052E-03
     741 6.0339E-01 7.6700E-04  (-0.291    , -1.953E-03,   0.00    ) |  7.670E-04 3.052E-03
     742 6.0416E-01 7.6690E-04  (-0.291    , -1.953E-03,   0.00    ) |  7.669E-04 3.052E-03
     743 6.0493E-01 7.6680E-04  (-0.291    , -1.953E-03,   0.00    ) |  7.668E-04 3.052E-03
     744 6.0570E-01 7.6670E-04  (-0.291    , -1.953E-03,   0.00    ) |  7.667E-04 3.052E-03
     745 6.0646E-01 7.6661E-04  (-0.291    , -1.953E-03,   0.00    ) |  7.666E-04 3.052E-03
     746 6.0723E-01 7.6651E-04  (-0.291    , -1.953E-03,   0.00    ) |  7.665E-04 3.052E-03
     747 6.0800E-01 7.6642E-04  (-0.291    , -1.953E-03,   0.00    ) |  7.664E-04 3.052E-03
     748 6.0876E-01 7.6634E-04  (-0.291    , -1.953E-03,   0.00    ) |  7.663E-04 3.052E-03
     749 6.0953E-01 7.6625E-04  (-0.291    , -1.953E-03,   0.00    ) |  7.663E-04 3.052E-03
     750 6.1029E-01 7.6616E-04  (-0.295    , -1.953E-03,   0.00    ) |  7.662E-04 3.052E-03
     751 6.1106E-01 7.6608E-04  (-0.295    , -1.953E-03,   0.00    ) |  7.661E-04 3.052E-03
     752 6.1183E-01 7.6599E-04  (-0.295    , -1.953E-03,   0.00    ) |  7.660E-04 3.052E-03
     753 6.1259E-01 7.6591E-04  (-0.295    , -1.953E-03,   0.00    ) |  7.659E-04 3.052E-03
     754 6.1336E-01 7.6583E-04  (-0.295    , -1.953E-03,   0.00    ) |  7.658E-04 3.052E-03
     755 6.1412E-01 7.6574E-04  (-0.295    , -1.953E-03,   0.00    ) |  7.657E-04 3.052E-03
     756 6.1489E-01 7.6566E-04  (-0.295    , -1.953E-03,   0.00    ) |  7.657E-04 3.052E-03
     757 6.1566E-01 7.6557E-04  (-0.295    , -1.953E-03,   0.00    ) |  7.656E-04 3.052E-03
     758 6.1642E-01 7.6549E-04  (-0.295    , -1.953E-03,   0.00    ) |  7.655E-04 3.052E-03
     759 6.1719E-01 7.6540E-04  (-0.295    , -1.953E-03,   0.00    ) |  7.654E-04 3.052E-03
     760 6.1795E-01 7.6531E-04  (-0.295    , -1.953E-03,   0.00    ) |  7.653E-04 3.052E-03
     761 6.1872E-01 7.6522E-04  (-0.295    , -1.953E-03,   0.00    ) |  7.652E-04 3.052E-03
     762 6.1948E-01 7.6512E-04  ( 0.295    , -1.953E-03,   0.00    ) |  7.651E-04 3.052E-03
     763 6.2025E-01 7.6503E-04  (-0.295    , -1.953E-03,   0.00    ) |  7.650E-04 3.052E-03
     764 6.2101E-01 7.6493E-04  (-0.295    , -1.953E-03,   0.00    ) |  7.649E-04 3.052E-03
     765 6.2178E-01 7.6484E-04  (-0.295    , -1.953E-03,   0.00    ) |  7.648E-04 3.052E-03
     766 6.2254E-01 7.6474E-04  (-0.295    , -1.953E-03,   0.00    ) |  7.647E-04 3.052E-03
     767 6.2331E-01 7.6464E-04  (-0.295    , -1.953E-03,   0.00    ) |  7.646E-04 3.052E-03
     768 6.2407E-01 7.6454E-04  (-0.295    , -1.953E-03,   0.00    ) |  7.645E-04 3.052E-03
     769 6.2484E-01 7.6444E-04  (-0.295    , -1.953E-03,   0.00    ) |  7.644E-04 3.052E-03
 *** Wrote plotfile to flash_run_hdf5_plt_cnt_0025 ****
     770 6.2560E-01 7.6435E-04  ( 0.295    , -1.953E-03,   0.00    ) |  7.643E-04 3.052E-03
     771 6.2637E-01 7.6425E-04  ( 0.295    , -1.953E-03,   0.00    ) |  7.643E-04 3.052E-03
     772 6.2713E-01 7.6416E-04  ( 0.295    , -1.953E-03,   0.00    ) |  7.642E-04 3.052E-03
     773 6.2789E-01 7.6407E-04  ( 0.295    , -1.953E-03,   0.00    ) |  7.641E-04 3.052E-03
     774 6.2866E-01 7.6399E-04  (-0.295    , -1.953E-03,   0.00    ) |  7.640E-04 3.052E-03
     775 6.2942E-01 7.6390E-04  ( 0.295    ,  1.953E-03,   0.00    ) |  7.639E-04 3.052E-03
     776 6.3019E-01 7.6383E-04  ( 0.295    , -1.953E-03,   0.00    ) |  7.638E-04 3.052E-03
     777 6.3095E-01 7.6375E-04  ( 0.295    , -1.953E-03,   0.00    ) |  7.637E-04 3.052E-03
     778 6.3171E-01 7.6368E-04  ( 0.295    , -1.953E-03,   0.00    ) |  7.637E-04 3.052E-03
     779 6.3248E-01 7.6361E-04  ( 0.295    , -1.953E-03,   0.00    ) |  7.636E-04 3.052E-03
     780 6.3324E-01 7.6354E-04  ( 0.295    , -1.953E-03,   0.00    ) |  7.635E-04 3.052E-03
     781 6.3400E-01 7.6348E-04  ( 0.295    , -1.953E-03,   0.00    ) |  7.635E-04 3.052E-03
     782 6.3477E-01 7.6341E-04  ( 0.295    , -1.953E-03,   0.00    ) |  7.634E-04 3.052E-03
     783 6.3553E-01 7.6335E-04  ( 0.295    , -1.953E-03,   0.00    ) |  7.634E-04 3.052E-03
     784 6.3629E-01 7.6330E-04  ( 0.295    ,  1.953E-03,   0.00    ) |  7.633E-04 3.052E-03
     785 6.3706E-01 7.6324E-04  ( 0.295    ,  1.953E-03,   0.00    ) |  7.632E-04 3.052E-03
     786 6.3782E-01 7.6318E-04  ( 0.299    ,  1.953E-03,   0.00    ) |  7.632E-04 3.052E-03
     787 6.3858E-01 7.6312E-04  (-0.299    , -1.953E-03,   0.00    ) |  7.631E-04 3.052E-03
     788 6.3935E-01 7.6306E-04  ( 0.299    , -1.953E-03,   0.00    ) |  7.631E-04 3.052E-03
     789 6.4011E-01 7.6300E-04  ( 0.299    ,  1.953E-03,   0.00    ) |  7.630E-04 3.052E-03
     790 6.4087E-01 7.6294E-04  ( 0.299    ,  1.953E-03,   0.00    ) |  7.629E-04 3.052E-03
     791 6.4164E-01 7.6288E-04  (-0.299    ,  1.953E-03,   0.00    ) |  7.629E-04 3.052E-03
     792 6.4240E-01 7.6282E-04  (-0.299    , -1.953E-03,   0.00    ) |  7.628E-04 3.052E-03
     793 6.4316E-01 7.6276E-04  (-0.299    , -1.953E-03,   0.00    ) |  7.628E-04 3.052E-03
     794 6.4392E-01 7.6270E-04  (-0.299    , -1.953E-03,   0.00    ) |  7.627E-04 3.052E-03
     795 6.4469E-01 7.6264E-04  (-0.299    , -1.953E-03,   0.00    ) |  7.626E-04 3.052E-03
     796 6.4545E-01 7.6258E-04  (-0.299    , -1.953E-03,   0.00    ) |  7.626E-04 3.052E-03
     797 6.4621E-01 7.6252E-04  (-0.299    , -1.953E-03,   0.00    ) |  7.625E-04 3.052E-03
     798 6.4698E-01 7.6246E-04  (-0.299    , -1.953E-03,   0.00    ) |  7.625E-04 3.052E-03
     799 6.4774E-01 7.6240E-04  (-0.299    ,  1.953E-03,   0.00    ) |  7.624E-04 3.052E-03
     800 6.4850E-01 7.6233E-04  (-0.299    , -1.953E-03,   0.00    ) |  7.623E-04 3.052E-03
     801 6.4926E-01 7.6227E-04  (-0.299    , -1.953E-03,   0.00    ) |  7.623E-04 3.052E-03
 *** Wrote plotfile to flash_run_hdf5_plt_cnt_0026 ****
     802 6.5002E-01 7.6221E-04  (-0.299    , -1.953E-03,   0.00    ) |  7.622E-04 3.052E-03
     803 6.5079E-01 7.6215E-04  (-0.299    , -1.953E-03,   0.00    ) |  7.622E-04 3.052E-03
     804 6.5155E-01 7.6209E-04  (-0.299    , -1.953E-03,   0.00    ) |  7.621E-04 3.052E-03
     805 6.5231E-01 7.6203E-04  ( 0.299    ,  1.953E-03,   0.00    ) |  7.620E-04 3.052E-03
     806 6.5307E-01 7.6197E-04  ( 0.299    ,  1.953E-03,   0.00    ) |  7.620E-04 3.052E-03
     807 6.5384E-01 7.6191E-04  (-0.299    , -1.953E-03,   0.00    ) |  7.619E-04 3.052E-03
     808 6.5460E-01 7.6185E-04  (-0.299    , -1.953E-03,   0.00    ) |  7.619E-04 3.052E-03
     809 6.5536E-01 7.6179E-04  ( 0.299    ,  1.953E-03,   0.00    ) |  7.618E-04 3.052E-03
     810 6.5612E-01 7.6174E-04  ( 0.299    ,  1.953E-03,   0.00    ) |  7.617E-04 3.052E-03
     811 6.5688E-01 7.6168E-04  ( 0.299    ,  1.953E-03,   0.00    ) |  7.617E-04 3.052E-03
     812 6.5764E-01 7.6162E-04  ( 0.299    ,  1.953E-03,   0.00    ) |  7.616E-04 3.052E-03
     813 6.5841E-01 7.6156E-04  ( 0.299    ,  1.953E-03,   0.00    ) |  7.616E-04 3.052E-03
     814 6.5917E-01 7.6151E-04  ( 0.299    ,  1.953E-03,   0.00    ) |  7.615E-04 3.052E-03
     815 6.5993E-01 7.6145E-04  ( 0.299    ,  1.953E-03,   0.00    ) |  7.614E-04 3.052E-03
     816 6.6069E-01 7.6139E-04  ( 0.299    ,  1.953E-03,   0.00    ) |  7.614E-04 3.052E-03
     817 6.6145E-01 7.6133E-04  (-0.299    ,  1.953E-03,   0.00    ) |  7.613E-04 3.052E-03
     818 6.6221E-01 7.6128E-04  (-0.299    , -1.953E-03,   0.00    ) |  7.613E-04 3.052E-03
     819 6.6297E-01 7.6122E-04  (-0.299    , -1.953E-03,   0.00    ) |  7.612E-04 3.052E-03
     820 6.6374E-01 7.6117E-04  (-0.299    , -1.953E-03,   0.00    ) |  7.612E-04 3.052E-03
     821 6.6450E-01 7.6111E-04  ( 0.299    ,  1.953E-03,   0.00    ) |  7.611E-04 3.052E-03
     822 6.6526E-01 7.6105E-04  (-0.299    , -1.953E-03,   0.00    ) |  7.611E-04 3.052E-03
     823 6.6602E-01 7.6100E-04  (-0.299    , -1.953E-03,   0.00    ) |  7.610E-04 3.052E-03
     824 6.6678E-01 7.6094E-04  (-0.299    , -1.953E-03,   0.00    ) |  7.609E-04 3.052E-03
     825 6.6754E-01 7.6089E-04  (-0.299    , -1.953E-03,   0.00    ) |  7.609E-04 3.052E-03
     826 6.6830E-01 7.6083E-04  (-0.299    , -1.953E-03,   0.00    ) |  7.608E-04 3.052E-03
     827 6.6906E-01 7.6078E-04  (-0.299    , -1.953E-03,   0.00    ) |  7.608E-04 3.052E-03
     828 6.6982E-01 7.6072E-04  (-0.299    , -1.953E-03,   0.00    ) |  7.607E-04 3.052E-03
     829 6.7058E-01 7.6067E-04  (-0.299    , -1.953E-03,   0.00    ) |  7.607E-04 3.052E-03
     830 6.7134E-01 7.6061E-04  (-0.299    , -1.953E-03,   0.00    ) |  7.606E-04 3.052E-03
     831 6.7211E-01 7.6056E-04  ( 0.299    , -1.953E-03,   0.00    ) |  7.606E-04 3.052E-03
     832 6.7287E-01 7.6050E-04  (-0.299    , -1.953E-03,   0.00    ) |  7.605E-04 3.052E-03
     833 6.7363E-01 7.6045E-04  (-0.299    , -1.953E-03,   0.00    ) |  7.604E-04 3.052E-03
     834 6.7439E-01 7.6039E-04  (-0.299    , -1.953E-03,   0.00    ) |  7.604E-04 3.052E-03
 *** Wrote plotfile to flash_run_hdf5_plt_cnt_0027 ****
     835 6.7515E-01 7.6034E-04  (-0.299    , -1.953E-03,   0.00    ) |  7.603E-04 3.052E-03
     836 6.7591E-01 7.6029E-04  (-0.299    , -1.953E-03,   0.00    ) |  7.603E-04 3.052E-03
     837 6.7667E-01 7.6023E-04  (-0.299    , -1.953E-03,   0.00    ) |  7.602E-04 3.052E-03
     838 6.7743E-01 7.6018E-04  (-0.303    , -1.953E-03,   0.00    ) |  7.602E-04 3.052E-03
     839 6.7819E-01 7.6012E-04  (-0.303    , -1.953E-03,   0.00    ) |  7.601E-04 3.052E-03
     840 6.7895E-01 7.6007E-04  (-0.303    , -1.953E-03,   0.00    ) |  7.601E-04 3.052E-03
     841 6.7971E-01 7.6001E-04  (-0.303    , -1.953E-03,   0.00    ) |  7.600E-04 3.052E-03
     842 6.8047E-01 7.5996E-04  (-0.303    , -1.953E-03,   0.00    ) |  7.600E-04 3.052E-03
     843 6.8123E-01 7.5990E-04  (-0.303    , -1.953E-03,   0.00    ) |  7.599E-04 3.052E-03
     844 6.8199E-01 7.5985E-04  (-0.303    , -1.953E-03,   0.00    ) |  7.599E-04 3.052E-03
     845 6.8275E-01 7.5980E-04  (-0.303    , -1.953E-03,   0.00    ) |  7.598E-04 3.052E-03
     846 6.8351E-01 7.5974E-04  (-0.303    , -1.953E-03,   0.00    ) |  7.597E-04 3.052E-03
     847 6.8427E-01 7.5969E-04  (-0.303    , -1.953E-03,   0.00    ) |  7.597E-04 3.052E-03
     848 6.8503E-01 7.5964E-04  ( 0.303    , -1.953E-03,   0.00    ) |  7.596E-04 3.052E-03
     849 6.8579E-01 7.5959E-04  (-0.303    , -1.953E-03,   0.00    ) |  7.596E-04 3.052E-03
     850 6.8655E-01 7.5953E-04  (-0.303    , -1.953E-03,   0.00    ) |  7.595E-04 3.052E-03
     851 6.8731E-01 7.5948E-04  (-0.303    , -1.953E-03,   0.00    ) |  7.595E-04 3.052E-03
     852 6.8807E-01 7.5943E-04  (-0.303    , -1.953E-03,   0.00    ) |  7.594E-04 3.052E-03
     853 6.8882E-01 7.5938E-04  (-0.303    , -1.953E-03,   0.00    ) |  7.594E-04 3.052E-03
     854 6.8958E-01 7.5933E-04  (-0.303    , -1.953E-03,   0.00    ) |  7.593E-04 3.052E-03
     855 6.9034E-01 7.5928E-04  (-0.303    , -1.953E-03,   0.00    ) |  7.593E-04 3.052E-03
     856 6.9110E-01 7.5923E-04  (-0.303    , -1.953E-03,   0.00    ) |  7.592E-04 3.052E-03
     857 6.9186E-01 7.5918E-04  (-0.303    , -1.953E-03,   0.00    ) |  7.592E-04 3.052E-03
     858 6.9262E-01 7.5913E-04  (-0.303    , -1.953E-03,   0.00    ) |  7.591E-04 3.052E-03
     859 6.9338E-01 7.5908E-04  (-0.303    , -1.953E-03,   0.00    ) |  7.591E-04 3.052E-03
     860 6.9414E-01 7.5903E-04  (-0.303    , -1.953E-03,   0.00    ) |  7.590E-04 3.052E-03
     861 6.9490E-01 7.5898E-04  (-0.303    , -1.953E-03,   0.00    ) |  7.590E-04 3.052E-03
     862 6.9566E-01 7.5893E-04  (-0.303    , -1.953E-03,   0.00    ) |  7.589E-04 3.052E-03
     863 6.9642E-01 7.5889E-04  (-0.303    , -1.953E-03,   0.00    ) |  7.589E-04 3.052E-03
     864 6.9718E-01 7.5884E-04  (-0.303    , -1.953E-03,   0.00    ) |  7.588E-04 3.052E-03
     865 6.9793E-01 7.5879E-04  (-0.303    , -1.953E-03,   0.00    ) |  7.588E-04 3.052E-03
     866 6.9869E-01 7.5875E-04  (-0.303    , -1.953E-03,   0.00    ) |  7.587E-04 3.052E-03
     867 6.9945E-01 7.5870E-04  (-0.303    , -1.953E-03,   0.00    ) |  7.587E-04 3.052E-03
 *** Wrote plotfile to flash_run_hdf5_plt_cnt_0028 ****
     868 7.0021E-01 7.5865E-04  (-0.303    , -1.953E-03,   0.00    ) |  7.587E-04 3.052E-03
     869 7.0097E-01 7.5861E-04  (-0.303    , -1.953E-03,   0.00    ) |  7.586E-04 3.052E-03
     870 7.0173E-01 7.5856E-04  (-0.303    , -1.953E-03,   0.00    ) |  7.586E-04 3.052E-03
     871 7.0249E-01 7.5852E-04  (-0.303    , -1.953E-03,   0.00    ) |  7.585E-04 3.052E-03
     872 7.0324E-01 7.5848E-04  (-0.303    , -1.953E-03,   0.00    ) |  7.585E-04 3.052E-03
     873 7.0400E-01 7.5843E-04  (-0.303    , -1.953E-03,   0.00    ) |  7.584E-04 3.052E-03
     874 7.0476E-01 7.5839E-04  (-0.303    , -1.953E-03,   0.00    ) |  7.584E-04 3.052E-03
     875 7.0552E-01 7.5835E-04  (-0.303    , -1.953E-03,   0.00    ) |  7.583E-04 3.052E-03
     876 7.0628E-01 7.5831E-04  (-0.303    , -1.953E-03,   0.00    ) |  7.583E-04 3.052E-03
     877 7.0704E-01 7.5826E-04  (-0.303    , -1.953E-03,   0.00    ) |  7.583E-04 3.052E-03
     878 7.0780E-01 7.5822E-04  ( 0.303    ,  1.953E-03,   0.00    ) |  7.582E-04 3.052E-03
     879 7.0855E-01 7.5818E-04  ( 0.303    ,  1.953E-03,   0.00    ) |  7.582E-04 3.052E-03
     880 7.0931E-01 7.5814E-04  (-0.303    , -1.953E-03,   0.00    ) |  7.581E-04 3.052E-03
     881 7.1007E-01 7.5810E-04  (-0.303    , -1.953E-03,   0.00    ) |  7.581E-04 3.052E-03
     882 7.1083E-01 7.5806E-04  (-0.303    , -1.953E-03,   0.00    ) |  7.581E-04 3.052E-03
     883 7.1159E-01 7.5802E-04  (-0.303    , -1.953E-03,   0.00    ) |  7.580E-04 3.052E-03
     884 7.1234E-01 7.5798E-04  (-0.303    , -1.953E-03,   0.00    ) |  7.580E-04 3.052E-03
     885 7.1310E-01 7.5794E-04  (-0.303    , -1.953E-03,   0.00    ) |  7.579E-04 3.052E-03
     886 7.1386E-01 7.5791E-04  (-0.303    , -1.953E-03,   0.00    ) |  7.579E-04 3.052E-03
     887 7.1462E-01 7.5787E-04  ( 0.303    ,  1.953E-03,   0.00    ) |  7.579E-04 3.052E-03
     888 7.1538E-01 7.5783E-04  ( 0.303    ,  1.953E-03,   0.00    ) |  7.578E-04 3.052E-03
     889 7.1613E-01 7.5779E-04  (-0.303    , -1.953E-03,   0.00    ) |  7.578E-04 3.052E-03
     890 7.1689E-01 7.5776E-04  (-0.303    , -1.953E-03,   0.00    ) |  7.578E-04 3.052E-03
     891 7.1765E-01 7.5772E-04  ( 0.303    ,  1.953E-03,   0.00    ) |  7.577E-04 3.052E-03
     892 7.1841E-01 7.5769E-04  ( 0.303    ,  1.953E-03,   0.00    ) |  7.577E-04 3.052E-03
     893 7.1916E-01 7.5765E-04  ( 0.303    ,  1.953E-03,   0.00    ) |  7.577E-04 3.052E-03
     894 7.1992E-01 7.5762E-04  ( 0.303    ,  1.953E-03,   0.00    ) |  7.576E-04 3.052E-03
     895 7.2068E-01 7.5759E-04  ( 0.303    ,  1.953E-03,   0.00    ) |  7.576E-04 3.052E-03
     896 7.2144E-01 7.5755E-04  ( 0.303    ,  1.953E-03,   0.00    ) |  7.576E-04 3.052E-03
     897 7.2219E-01 7.5752E-04  ( 0.303    ,  1.953E-03,   0.00    ) |  7.575E-04 3.052E-03
     898 7.2295E-01 7.5749E-04  ( 0.303    ,  1.953E-03,   0.00    ) |  7.575E-04 3.052E-03
     899 7.2371E-01 7.5746E-04  ( 0.303    ,  1.953E-03,   0.00    ) |  7.575E-04 3.052E-03
     900 7.2447E-01 7.5742E-04  ( 0.303    ,  1.953E-03,   0.00    ) |  7.574E-04 3.052E-03
 *** Wrote plotfile to flash_run_hdf5_plt_cnt_0029 ****
     901 7.2522E-01 7.5739E-04  ( 0.303    ,  1.953E-03,   0.00    ) |  7.574E-04 3.052E-03
     902 7.2598E-01 7.5736E-04  ( 0.303    ,  1.953E-03,   0.00    ) |  7.574E-04 3.052E-03
     903 7.2674E-01 7.5733E-04  ( 0.303    ,  1.953E-03,   0.00    ) |  7.573E-04 3.052E-03
     904 7.2750E-01 7.5730E-04  ( 0.303    ,  1.953E-03,   0.00    ) |  7.573E-04 3.052E-03
     905 7.2825E-01 7.5728E-04  ( 0.303    ,  1.953E-03,   0.00    ) |  7.573E-04 3.052E-03
     906 7.2901E-01 7.5725E-04  ( 0.303    ,  1.953E-03,   0.00    ) |  7.572E-04 3.052E-03
     907 7.2977E-01 7.5722E-04  ( 0.303    ,  1.953E-03,   0.00    ) |  7.572E-04 3.052E-03
     908 7.3053E-01 7.5719E-04  ( 0.303    ,  1.953E-03,   0.00    ) |  7.572E-04 3.052E-03
     909 7.3128E-01 7.5717E-04  ( 0.303    ,  1.953E-03,   0.00    ) |  7.572E-04 3.052E-03
     910 7.3204E-01 7.5714E-04  ( 0.303    ,  1.953E-03,   0.00    ) |  7.571E-04 3.052E-03
     911 7.3280E-01 7.5712E-04  ( 0.303    ,  1.953E-03,   0.00    ) |  7.571E-04 3.052E-03
     912 7.3355E-01 7.5709E-04  (-0.303    , -1.953E-03,   0.00    ) |  7.571E-04 3.052E-03
     913 7.3431E-01 7.5707E-04  (-0.303    , -1.953E-03,   0.00    ) |  7.571E-04 3.052E-03
     914 7.3507E-01 7.5704E-04  (-0.303    , -1.953E-03,   0.00    ) |  7.570E-04 3.052E-03
     915 7.3583E-01 7.5702E-04  ( 0.303    ,  1.953E-03,   0.00    ) |  7.570E-04 3.052E-03
     916 7.3658E-01 7.5700E-04  ( 0.303    ,  1.953E-03,   0.00    ) |  7.570E-04 3.052E-03
     917 7.3734E-01 7.5697E-04  ( 0.303    ,  1.953E-03,   0.00    ) |  7.570E-04 3.052E-03
     918 7.3810E-01 7.5695E-04  ( 0.303    ,  1.953E-03,   0.00    ) |  7.570E-04 3.052E-03
     919 7.3885E-01 7.5693E-04  ( 0.303    ,  1.953E-03,   0.00    ) |  7.569E-04 3.052E-03
     920 7.3961E-01 7.5691E-04  ( 0.303    ,  1.953E-03,   0.00    ) |  7.569E-04 3.052E-03
     921 7.4037E-01 7.5689E-04  ( 0.303    ,  1.953E-03,   0.00    ) |  7.569E-04 3.052E-03
     922 7.4112E-01 7.5687E-04  ( 0.303    ,  1.953E-03,   0.00    ) |  7.569E-04 3.052E-03
     923 7.4188E-01 7.5685E-04  ( 0.303    ,  1.953E-03,   0.00    ) |  7.569E-04 3.052E-03
     924 7.4264E-01 7.5683E-04  ( 0.303    ,  1.953E-03,   0.00    ) |  7.568E-04 3.052E-03
     925 7.4339E-01 7.5682E-04  ( 0.303    ,  1.953E-03,   0.00    ) |  7.568E-04 3.052E-03
     926 7.4415E-01 7.5680E-04  ( 0.303    ,  1.953E-03,   0.00    ) |  7.568E-04 3.052E-03
     927 7.4491E-01 7.5678E-04  ( 0.303    ,  1.953E-03,   0.00    ) |  7.568E-04 3.052E-03
     928 7.4567E-01 7.5676E-04  ( 0.303    , -1.953E-03,   0.00    ) |  7.568E-04 3.052E-03
     929 7.4642E-01 7.5675E-04  ( 0.303    , -1.953E-03,   0.00    ) |  7.567E-04 3.052E-03
     930 7.4718E-01 7.5673E-04  (-0.303    , -1.953E-03,   0.00    ) |  7.567E-04 3.052E-03
     931 7.4794E-01 7.5672E-04  ( 0.303    , -1.953E-03,   0.00    ) |  7.567E-04 3.052E-03
     932 7.4869E-01 7.5670E-04  ( 0.303    , -1.953E-03,   0.00    ) |  7.567E-04 3.052E-03
     933 7.4945E-01 7.5669E-04  ( 0.303    , -1.953E-03,   0.00    ) |  7.567E-04 3.052E-03
 *** Wrote plotfile to flash_run_hdf5_plt_cnt_0030 ****
     934 7.5021E-01 7.5667E-04  ( 0.303    , -1.953E-03,   0.00    ) |  7.567E-04 3.052E-03
     935 7.5096E-01 7.5666E-04  ( 0.303    , -1.953E-03,   0.00    ) |  7.567E-04 3.052E-03
     936 7.5172E-01 7.5664E-04  ( 0.303    , -1.953E-03,   0.00    ) |  7.566E-04 3.052E-03
     937 7.5248E-01 7.5663E-04  ( 0.303    , -1.953E-03,   0.00    ) |  7.566E-04 3.052E-03
     938 7.5323E-01 7.5661E-04  (-0.303    , -1.953E-03,   0.00    ) |  7.566E-04 3.052E-03
     939 7.5399E-01 7.5660E-04  ( 0.303    , -1.953E-03,   0.00    ) |  7.566E-04 3.052E-03
     940 7.5475E-01 7.5659E-04  (-0.303    , -1.953E-03,   0.00    ) |  7.566E-04 3.052E-03
     941 7.5550E-01 7.5657E-04  (-0.303    , -1.953E-03,   0.00    ) |  7.566E-04 3.052E-03
     942 7.5626E-01 7.5656E-04  (-0.303    , -1.953E-03,   0.00    ) |  7.566E-04 3.052E-03
     943 7.5701E-01 7.5655E-04  (-0.303    , -1.953E-03,   0.00    ) |  7.565E-04 3.052E-03
     944 7.5777E-01 7.5653E-04  (-0.303    , -1.953E-03,   0.00    ) |  7.565E-04 3.052E-03
     945 7.5853E-01 7.5652E-04  (-0.303    , -1.953E-03,   0.00    ) |  7.565E-04 3.052E-03
     946 7.5928E-01 7.5651E-04  (-0.303    , -1.953E-03,   0.00    ) |  7.565E-04 3.052E-03
     947 7.6004E-01 7.5650E-04  (-0.303    , -1.953E-03,   0.00    ) |  7.565E-04 3.052E-03
     948 7.6080E-01 7.5648E-04  (-0.303    , -1.953E-03,   0.00    ) |  7.565E-04 3.052E-03
     949 7.6155E-01 7.5647E-04  (-0.303    , -1.953E-03,   0.00    ) |  7.565E-04 3.052E-03
     950 7.6231E-01 7.5646E-04  (-0.303    , -1.953E-03,   0.00    ) |  7.565E-04 3.052E-03
     951 7.6307E-01 7.5645E-04  (-0.303    , -1.953E-03,   0.00    ) |  7.564E-04 3.052E-03
     952 7.6382E-01 7.5644E-04  (-0.303    , -1.953E-03,   0.00    ) |  7.564E-04 3.052E-03
     953 7.6458E-01 7.5643E-04  (-0.303    , -1.953E-03,   0.00    ) |  7.564E-04 3.052E-03
     954 7.6534E-01 7.5641E-04  (-0.303    , -1.953E-03,   0.00    ) |  7.564E-04 3.052E-03
     955 7.6609E-01 7.5640E-04  (-0.303    , -1.953E-03,   0.00    ) |  7.564E-04 3.052E-03
     956 7.6685E-01 7.5639E-04  (-0.303    , -1.953E-03,   0.00    ) |  7.564E-04 3.052E-03
     957 7.6761E-01 7.5638E-04  (-0.303    , -1.953E-03,   0.00    ) |  7.564E-04 3.052E-03
     958 7.6836E-01 7.5637E-04  (-0.303    , -1.953E-03,   0.00    ) |  7.564E-04 3.052E-03
     959 7.6912E-01 7.5636E-04  (-0.303    , -1.953E-03,   0.00    ) |  7.564E-04 3.052E-03
     960 7.6987E-01 7.5635E-04  (-0.303    , -1.953E-03,   0.00    ) |  7.564E-04 3.052E-03
     961 7.7063E-01 7.5634E-04  ( 0.303    ,  1.953E-03,   0.00    ) |  7.563E-04 3.052E-03
     962 7.7139E-01 7.5633E-04  ( 0.303    ,  1.953E-03,   0.00    ) |  7.563E-04 3.052E-03
     963 7.7214E-01 7.5632E-04  ( 0.303    ,  1.953E-03,   0.00    ) |  7.563E-04 3.052E-03
     964 7.7290E-01 7.5631E-04  ( 0.303    ,  1.953E-03,   0.00    ) |  7.563E-04 3.052E-03
     965 7.7366E-01 7.5631E-04  (-0.303    , -1.953E-03,   0.00    ) |  7.563E-04 3.052E-03
     966 7.7441E-01 7.5630E-04  ( 0.303    ,  1.953E-03,   0.00    ) |  7.563E-04 3.052E-03
 *** Wrote plotfile to flash_run_hdf5_plt_cnt_0031 ****
     967 7.7517E-01 7.5629E-04  (-0.303    , -1.953E-03,   0.00    ) |  7.563E-04 3.052E-03
     968 7.7593E-01 7.5628E-04  (-0.303    , -1.953E-03,   0.00    ) |  7.563E-04 3.052E-03
     969 7.7668E-01 7.5627E-04  ( 0.303    ,  1.953E-03,   0.00    ) |  7.563E-04 3.052E-03
     970 7.7744E-01 7.5626E-04  (-0.303    ,  1.953E-03,   0.00    ) |  7.563E-04 3.052E-03
     971 7.7819E-01 7.5626E-04  ( 0.303    , -1.953E-03,   0.00    ) |  7.563E-04 3.052E-03
     972 7.7895E-01 7.5625E-04  ( 0.303    , -1.953E-03,   0.00    ) |  7.563E-04 3.052E-03
     973 7.7971E-01 7.5624E-04  ( 0.303    , -1.953E-03,   0.00    ) |  7.562E-04 3.052E-03
     974 7.8046E-01 7.5624E-04  ( 0.303    , -1.953E-03,   0.00    ) |  7.562E-04 3.052E-03
     975 7.8122E-01 7.5623E-04  ( 0.303    , -1.953E-03,   0.00    ) |  7.562E-04 3.052E-03
     976 7.8198E-01 7.5622E-04  ( 0.303    , -1.953E-03,   0.00    ) |  7.562E-04 3.052E-03
     977 7.8273E-01 7.5622E-04  ( 0.303    , -1.953E-03,   0.00    ) |  7.562E-04 3.052E-03
     978 7.8349E-01 7.5621E-04  ( 0.303    , -1.953E-03,   0.00    ) |  7.562E-04 3.052E-03
     979 7.8424E-01 7.5621E-04  ( 0.303    , -1.953E-03,   0.00    ) |  7.562E-04 3.052E-03
     980 7.8500E-01 7.5620E-04  ( 0.303    , -1.953E-03,   0.00    ) |  7.562E-04 3.052E-03
     981 7.8576E-01 7.5620E-04  ( 0.303    , -1.953E-03,   0.00    ) |  7.562E-04 3.052E-03
     982 7.8651E-01 7.5619E-04  ( 0.303    , -1.953E-03,   0.00    ) |  7.562E-04 3.052E-03
     983 7.8727E-01 7.5619E-04  ( 0.303    , -1.953E-03,   0.00    ) |  7.562E-04 3.052E-03
     984 7.8802E-01 7.5618E-04  ( 0.303    , -1.953E-03,   0.00    ) |  7.562E-04 3.052E-03
     985 7.8878E-01 7.5618E-04  ( 0.303    , -1.953E-03,   0.00    ) |  7.562E-04 3.052E-03
     986 7.8954E-01 7.5617E-04  ( 0.303    , -1.953E-03,   0.00    ) |  7.562E-04 3.052E-03
     987 7.9029E-01 7.5617E-04  ( 0.303    , -1.953E-03,   0.00    ) |  7.562E-04 3.052E-03
     988 7.9105E-01 7.5617E-04  ( 0.303    , -1.953E-03,   0.00    ) |  7.562E-04 3.052E-03
     989 7.9181E-01 7.5617E-04  ( 0.303    , -1.953E-03,   0.00    ) |  7.562E-04 3.052E-03
     990 7.9256E-01 7.5616E-04  ( 0.303    , -1.953E-03,   0.00    ) |  7.562E-04 3.052E-03
     991 7.9332E-01 7.5616E-04  ( 0.303    , -1.953E-03,   0.00    ) |  7.562E-04 3.052E-03
     992 7.9407E-01 7.5616E-04  ( 0.303    , -1.953E-03,   0.00    ) |  7.562E-04 3.052E-03
     993 7.9483E-01 7.5616E-04  ( 0.303    , -1.953E-03,   0.00    ) |  7.562E-04 3.052E-03
     994 7.9559E-01 7.5616E-04  ( 0.303    , -1.953E-03,   0.00    ) |  7.562E-04 3.052E-03
     995 7.9634E-01 7.5615E-04  ( 0.303    , -1.953E-03,   0.00    ) |  7.562E-04 3.052E-03
     996 7.9710E-01 7.5615E-04  ( 0.303    , -1.953E-03,   0.00    ) |  7.562E-04 3.052E-03
     997 7.9786E-01 7.5615E-04  ( 0.303    , -1.953E-03,   0.00    ) |  7.562E-04 3.052E-03
     998 7.9861E-01 7.5615E-04  ( 0.303    , -1.953E-03,   0.00    ) |  7.562E-04 3.052E-03
     999 7.9937E-01 7.5615E-04  ( 0.303    , -1.953E-03,   0.00    ) |  7.562E-04 3.052E-03
Shortening dt from 7.5615327720423035004E-04 to 6.3266730075861588034E-04 for reaching tmax= 0.8000000000000000444    
    1000 8.0000E-01 7.5615E-04  ( 0.303    ,  1.953E-03,   0.00    ) |  7.562E-04 3.052E-03
 *** Wrote checkpoint file to flash_run_hdf5_chk_0001 ****
 *** Wrote plotfile to flash_run_forced_hdf5_plt_cnt_0000 ****
