hwloc/linux: failed to find sysfs cpu topology directory, aborting linux discovery.
hwloc/linux: failed to find sysfs cpu topology directory, aborting linux discovery.
hwloc/linux: failed to find sysfs cpu topology directory, aborting linux discovery.
hwloc/linux: failed to find sysfs cpu topology directory, aborting linux discovery.
hwloc/linux: failed to find sysfs cpu topology directory, aborting linux discovery.
hwloc/linux: failed to find sysfs cpu topology directory, aborting linux discovery.
hwloc/linux: failed to find sysfs cpu topology directory, aborting linux discovery.
hwloc/linux: failed to find sysfs cpu topology directory, aborting linux discovery.
hwloc/linux: failed to find sysfs cpu topology directory, aborting linux discovery.
hwloc/linux: failed to find sysfs cpu topology directory, aborting linux discovery.
[1791437320.899309] [Rog-GA401:8    :0]       tcp_iface.c:893  UCX  ERROR scandir(/sys/class/net) failed: No such file or directory
[1791437320.899317] [Rog-GA401:9    :0]       tcp_iface.c:893  UCX  ERROR scandir(/sys/class/net) failed: No such file or directory
[1791437320.899315] [Rog-GA401:10   :0]       tcp_iface.c:893  UCX  ERROR scandir(/sys/class/net) failed: No such file or directory
[1791437320.899452] [Rog-GA401:7    :0]       tcp_iface.c:893  UCX  ERROR scandir(/sys/class/net) failed: No such file or directory
 MaterialProperties initialized
 Cosmology initialized
 Source terms initialized
  Finished with Grid_initDomain, no restart
 Ready to call Hydro_init
 Hydro initialized
 Gravity initialized
 Initial dt verified
 *** Wrote checkpoint file to flash_run_hdf5_chk_0000 ****
 *** Wrote plotfile to flash_run_hdf5_plt_cnt_0000 ****
 Initial plotfile written
 Driver init all done
       n          t         dt  (         x,          y,          z) |  dt_hydro  dt_Diff  
       1 1.0000E-06 1.2000E-06  (-1.302E-03,  5.339E-02,   0.00    ) |  3.094E-04 2.713E-03
       2 2.2000E-06 1.4400E-06  (-1.302E-03,  5.339E-02,   0.00    ) |  3.094E-04 2.713E-03
       3 3.6400E-06 1.7280E-06  (-1.302E-03,  5.339E-02,   0.00    ) |  3.094E-04 2.713E-03
       4 5.3680E-06 2.0736E-06  (-1.302E-03,  5.339E-02,   0.00    ) |  3.094E-04 2.713E-03
       5 7.4416E-06 2.4883E-06  (-1.302E-03,  5.339E-02,   0.00    ) |  3.094E-04 2.713E-03
       6 9.9299E-06 2.9860E-06  (-1.302E-03,  5.339E-02,   0.00    ) |  3.094E-04 2.713E-03
       7 1.2916E-05 3.5832E-06  (-1.302E-03,  5.339E-02,   0.00    ) |  3.094E-04 2.713E-03
       8 1.6499E-05 4.2998E-06  (-1.302E-03,  5.339E-02,   0.00    ) |  3.094E-04 2.713E-03
       9 2.0799E-05 5.1598E-06  (-1.302E-03,  5.339E-02,   0.00    ) |  3.094E-04 2.713E-03
      10 2.5959E-05 6.1917E-06  (-1.302E-03,  5.339E-02,   0.00    ) |  3.094E-04 2.713E-03
      11 3.2150E-05 7.4301E-06  (-1.302E-03,  5.339E-02,   0.00    ) |  3.094E-04 2.713E-03
      12 3.9581E-05 8.9161E-06  (-1.302E-03,  5.339E-02,   0.00    ) |  3.094E-04 2.713E-03
      13 4.8497E-05 1.0699E-05  (-1.302E-03,  5.339E-02,   0.00    ) |  3.094E-04 2.713E-03
      14 5.9196E-05 1.2839E-05  (-1.302E-03,  5.339E-02,   0.00    ) |  3.094E-04 2.713E-03
      15 7.2035E-05 1.5407E-05  (-1.302E-03,  5.339E-02,   0.00    ) |  3.094E-04 2.713E-03
      16 8.7442E-05 1.8488E-05  (-1.302E-03,  5.339E-02,   0.00    ) |  3.094E-04 2.713E-03
      17 1.0593E-04 2.2186E-05  (-1.302E-03,  5.339E-02,   0.00    ) |  3.094E-04 2.713E-03
      18 1.2812E-04 2.6623E-05  (-1.302E-03,  5.339E-02,   0.00    ) |  3.094E-04 2.713E-03
      19 1.5474E-04 3.1948E-05  (-1.302E-03,  5.339E-02,   0.00    ) |  3.094E-04 2.713E-03
      20 1.8669E-04 3.8338E-05  (-1.302E-03,  5.339E-02,   0.00    ) |  3.094E-04 2.713E-03
      21 2.2503E-04 4.6005E-05  (-1.302E-03,  5.339E-02,   0.00    ) |  3.094E-04 2.713E-03
      22 2.7103E-04 5.5206E-05  (-1.302E-03,  5.339E-02,   0.00    ) |  3.094E-04 2.713E-03
      23 3.2624E-04 6.6247E-05  (-1.302E-03,  5.339E-02,   0.00    ) |  3.094E-04 2.713E-03
      24 3.9248E-04 7.9497E-05  (-1.302E-03,  5.339E-02,   0.00    ) |  3.095E-04 2.713E-03
      25 4.7198E-04 9.5396E-05  (-1.302E-03,  5.339E-02,   0.00    ) |  3.095E-04 2.713E-03
      26 5.6738E-04 1.1448E-04  ( 1.302E-03,  5.339E-02,   0.00    ) |  3.095E-04 2.713E-03
      27 6.8185E-04 1.3737E-04  (-1.302E-03,  5.339E-02,   0.00    ) |  3.095E-04 2.713E-03
      28 8.1922E-04 1.6484E-04  ( 1.302E-03,  5.339E-02,   0.00    ) |  3.095E-04 2.713E-03
      29 9.8407E-04 1.9781E-04  ( 1.302E-03,  5.339E-02,   0.00    ) |  3.095E-04 2.713E-03
      30 1.1819E-03 2.3738E-04  ( 1.302E-03,  5.339E-02,   0.00    ) |  3.095E-04 2.713E-03
      31 1.4193E-03 2.8485E-04  (-1.302E-03,  5.339E-02,   0.00    ) |  3.095E-04 2.713E-03
      32 1.7041E-03 3.0947E-04  (-1.302E-03,  5.339E-02,   0.00    ) |  3.095E-04 2.713E-03
      33 2.0136E-03 3.0947E-04  (-1.302E-03,  5.339E-02,   0.00    ) |  3.095E-04 2.713E-03
      34 2.3230E-03 3.0947E-04  (-1.302E-03,  5.339E-02,   0.00    ) |  3.095E-04 2.713E-03
      35 2.6325E-03 3.0947E-04  (-1.302E-03,  5.339E-02,   0.00    ) |  3.095E-04 2.713E-03
      36 2.9420E-03 3.0948E-04  (-1.302E-03,  5.339E-02,   0.00    ) |  3.095E-04 2.713E-03
      37 3.2515E-03 3.0948E-04  (-1.302E-03,  5.339E-02,   0.00    ) |  3.095E-04 2.713E-03
      38 3.5609E-03 3.0948E-04  (-1.302E-03,  5.339E-02,   0.00    ) |  3.095E-04 2.713E-03
      39 3.8704E-03 3.0948E-04  (-1.302E-03,  5.339E-02,   0.00    ) |  3.095E-04 2.713E-03
      40 4.1799E-03 3.0948E-04  (-1.302E-03,  5.339E-02,   0.00    ) |  3.095E-04 2.713E-03
      41 4.4894E-03 3.0948E-04  (-1.302E-03,  5.339E-02,   0.00    ) |  3.095E-04 2.713E-03
      42 4.7989E-03 3.0948E-04  (-1.302E-03,  5.339E-02,   0.00    ) |  3.095E-04 2.713E-03
      43 5.1083E-03 3.0948E-04  (-1.302E-03,  5.339E-02,   0.00    ) |  3.095E-04 2.713E-03
      44 5.4178E-03 3.0948E-04  (-1.302E-03,  5.339E-02,   0.00    ) |  3.095E-04 2.713E-03
      45 5.7273E-03 3.0948E-04  (-1.302E-03,  5.339E-02,   0.00    ) |  3.095E-04 2.713E-03
      46 6.0368E-03 3.0948E-04  (-1.302E-03,  5.339E-02,   0.00    ) |  3.095E-04 2.713E-03
      47 6.3463E-03 3.0948E-04  (-1.302E-03,  5.339E-02,   0.00    ) |  3.095E-04 2.713E-03
      48 6.6558E-03 3.0948E-04  (-1.302E-03,  5.339E-02,   0.00    ) |  3.095E-04 2.713E-03
      49 6.9653E-03 3.0948E-04  (-1.302E-03,  5.339E-02,   0.00    ) |  3.095E-04 2.713E-03
      50 7.2747E-03 3.0948E-04  (-1.302E-03,  5.339E-02,   0.00    ) |  3.095E-04 2.713E-03
      51 7.5842E-03 3.0948E-04  (-1.302E-03,  5.339E-02,   0.00    ) |  3.095E-04 2.713E-03
      52 7.8937E-03 3.0948E-04  (-1.302E-03,  5.339E-02,   0.00    ) |  3.095E-04 2.713E-03
      53 8.2032E-03 3.0948E-04  (-1.302E-03,  5.339E-02,   0.00    ) |  3.095E-04 2.713E-03
      54 8.5127E-03 3.0949E-04  (-1.302E-03,  5.339E-02,   0.00    ) |  3.095E-04 2.713E-03
      55 8.8222E-03 3.0949E-04  (-1.302E-03,  5.339E-02,   0.00    ) |  3.095E-04 2.713E-03
      56 9.1316E-03 3.0949E-04  (-1.302E-03,  5.339E-02,   0.00    ) |  3.095E-04 2.713E-03
      57 9.4411E-03 3.0949E-04  (-1.302E-03,  5.339E-02,   0.00    ) |  3.095E-04 2.713E-03
      58 9.7506E-03 3.0949E-04  (-1.302E-03,  5.339E-02,   0.00    ) |  3.095E-04 2.713E-03
      59 1.0060E-02 3.0949E-04  (-1.302E-03,  5.339E-02,   0.00    ) |  3.095E-04 2.713E-03
      60 1.0370E-02 3.0949E-04  (-1.302E-03,  5.339E-02,   0.00    ) |  3.095E-04 2.713E-03
      61 1.0679E-02 3.0949E-04  (-1.302E-03,  5.339E-02,   0.00    ) |  3.095E-04 2.713E-03
      62 1.0989E-02 3.0949E-04  (-1.302E-03,  5.339E-02,   0.00    ) |  3.095E-04 2.713E-03
      63 1.1298E-02 3.0949E-04  (-1.302E-03,  5.339E-02,   0.00    ) |  3.095E-04 2.713E-03
      64 1.1608E-02 3.0949E-04  (-1.302E-03,  5.339E-02,   0.00    ) |  3.095E-04 2.713E-03
      65 1.1917E-02 3.0949E-04  (-1.302E-03,  5.339E-02,   0.00    ) |  3.095E-04 2.713E-03
      66 1.2227E-02 3.0949E-04  (-1.302E-03,  5.339E-02,   0.00    ) |  3.095E-04 2.713E-03
      67 1.2536E-02 3.0949E-04  (-1.302E-03,  5.339E-02,   0.00    ) |  3.095E-04 2.713E-03
      68 1.2846E-02 3.0950E-04  (-1.302E-03,  5.339E-02,   0.00    ) |  3.095E-04 2.713E-03
      69 1.3155E-02 3.0950E-04  (-1.302E-03,  5.339E-02,   0.00    ) |  3.095E-04 2.713E-03
      70 1.3465E-02 3.0950E-04  (-1.302E-03,  5.339E-02,   0.00    ) |  3.095E-04 2.713E-03
      71 1.3774E-02 3.0950E-04  (-1.302E-03,  5.339E-02,   0.00    ) |  3.095E-04 2.713E-03
      72 1.4084E-02 3.0950E-04  (-1.302E-03,  5.339E-02,   0.00    ) |  3.095E-04 2.713E-03
      73 1.4393E-02 3.0950E-04  (-1.302E-03,  5.339E-02,   0.00    ) |  3.095E-04 2.713E-03
      74 1.4703E-02 3.0950E-04  (-1.302E-03,  5.339E-02,   0.00    ) |  3.095E-04 2.713E-03
      75 1.5012E-02 3.0950E-04  (-1.302E-03,  5.339E-02,   0.00    ) |  3.095E-04 2.713E-03
      76 1.5322E-02 3.0950E-04  (-1.302E-03,  5.339E-02,   0.00    ) |  3.095E-04 2.713E-03
      77 1.5631E-02 3.0951E-04  (-1.302E-03,  5.339E-02,   0.00    ) |  3.095E-04 2.713E-03
      78 1.5941E-02 3.0951E-04  (-1.302E-03,  5.339E-02,   0.00    ) |  3.095E-04 2.713E-03
      79 1.6250E-02 3.0951E-04  (-1.302E-03,  5.339E-02,   0.00    ) |  3.095E-04 2.713E-03
      80 1.6560E-02 3.0951E-04  (-1.302E-03,  5.339E-02,   0.00    ) |  3.095E-04 2.713E-03
      81 1.6869E-02 3.0951E-04  (-1.302E-03,  5.339E-02,   0.00    ) |  3.095E-04 2.713E-03
      82 1.7179E-02 3.0951E-04  (-1.302E-03,  5.339E-02,   0.00    ) |  3.095E-04 2.713E-03
      83 1.7488E-02 3.0951E-04  (-1.302E-03,  5.339E-02,   0.00    ) |  3.095E-04 2.713E-03
      84 1.7798E-02 3.0951E-04  (-1.302E-03,  5.339E-02,   0.00    ) |  3.095E-04 2.713E-03
      85 1.8107E-02 3.0951E-04  (-1.302E-03,  5.339E-02,   0.00    ) |  3.095E-04 2.713E-03
      86 1.8417E-02 3.0951E-04  (-1.302E-03,  5.339E-02,   0.00    ) |  3.095E-04 2.713E-03
      87 1.8726E-02 3.0951E-04  (-1.302E-03,  5.339E-02,   0.00    ) |  3.095E-04 2.713E-03
      88 1.9036E-02 3.0951E-04  (-1.302E-03,  5.339E-02,   0.00    ) |  3.095E-04 2.713E-03
      89 1.9345E-02 3.0951E-04  (-1.302E-03,  5.339E-02,   0.00    ) |  3.095E-04 2.713E-03
      90 1.9655E-02 3.0950E-04  (-1.302E-03,  5.339E-02,   0.00    ) |  3.095E-04 2.713E-03
      91 1.9964E-02 3.0950E-04  (-1.302E-03,  5.339E-02,   0.00    ) |  3.095E-04 2.713E-03
      92 2.0274E-02 3.0950E-04  (-1.302E-03,  5.339E-02,   0.00    ) |  3.095E-04 2.713E-03
      93 2.0583E-02 3.0950E-04  (-1.302E-03,  5.339E-02,   0.00    ) |  3.095E-04 2.713E-03
      94 2.0893E-02 3.0950E-04  (-1.302E-03,  5.339E-02,   0.00    ) |  3.095E-04 2.713E-03
      95 2.1202E-02 3.0949E-04  (-1.302E-03,  5.339E-02,   0.00    ) |  3.095E-04 2.713E-03
      96 2.1512E-02 3.0949E-04  (-1.302E-03,  5.339E-02,   0.00    ) |  3.095E-04 2.713E-03
      97 2.1821E-02 3.0949E-04  (-1.302E-03,  5.339E-02,   0.00    ) |  3.095E-04 2.713E-03
      98 2.2131E-02 3.0949E-04  (-1.302E-03,  5.339E-02,   0.00    ) |  3.095E-04 2.713E-03
      99 2.2440E-02 3.0948E-04  (-1.302E-03,  5.339E-02,   0.00    ) |  3.095E-04 2.713E-03
     100 2.2750E-02 3.0948E-04  (-1.302E-03,  5.339E-02,   0.00    ) |  3.095E-04 2.713E-03
     101 2.3059E-02 3.0947E-04  (-1.302E-03,  5.339E-02,   0.00    ) |  3.095E-04 2.713E-03
     102 2.3369E-02 3.0947E-04  (-1.302E-03,  5.339E-02,   0.00    ) |  3.095E-04 2.713E-03
     103 2.3678E-02 3.0947E-04  (-1.302E-03,  5.339E-02,   0.00    ) |  3.095E-04 2.713E-03
     104 2.3987E-02 3.0946E-04  (-1.302E-03,  5.339E-02,   0.00    ) |  3.095E-04 2.713E-03
     105 2.4297E-02 3.0946E-04  (-1.302E-03,  5.339E-02,   0.00    ) |  3.095E-04 2.713E-03
     106 2.4606E-02 3.0945E-04  (-1.302E-03,  5.339E-02,   0.00    ) |  3.095E-04 2.713E-03
     107 2.4916E-02 3.0945E-04  (-1.302E-03,  5.339E-02,   0.00    ) |  3.094E-04 2.713E-03
 *** Wrote plotfile to flash_run_hdf5_plt_cnt_0001 ****
     108 2.5225E-02 3.0944E-04  (-1.302E-03,  5.339E-02,   0.00    ) |  3.094E-04 2.713E-03
     109 2.5535E-02 3.0943E-04  (-1.302E-03,  5.339E-02,   0.00    ) |  3.094E-04 2.713E-03
     110 2.5844E-02 3.0943E-04  (-1.302E-03,  5.339E-02,   0.00    ) |  3.094E-04 2.713E-03
     111 2.6154E-02 3.0942E-04  (-1.302E-03,  5.339E-02,   0.00    ) |  3.094E-04 2.713E-03
     112 2.6463E-02 3.0942E-04  (-1.302E-03,  5.339E-02,   0.00    ) |  3.094E-04 2.713E-03
     113 2.6772E-02 3.0941E-04  (-1.302E-03,  5.339E-02,   0.00    ) |  3.094E-04 2.713E-03
     114 2.7082E-02 3.0940E-04  (-1.302E-03,  5.339E-02,   0.00    ) |  3.094E-04 2.713E-03
     115 2.7391E-02 3.0940E-04  (-1.302E-03,  5.339E-02,   0.00    ) |  3.094E-04 2.713E-03
     116 2.7701E-02 3.0939E-04  (-1.302E-03,  5.339E-02,   0.00    ) |  3.094E-04 2.713E-03
     117 2.8010E-02 3.0938E-04  (-1.302E-03,  5.339E-02,   0.00    ) |  3.094E-04 2.713E-03
     118 2.8319E-02 3.0938E-04  (-1.302E-03,  5.339E-02,   0.00    ) |  3.094E-04 2.713E-03
     119 2.8629E-02 3.0937E-04  (-1.302E-03,  5.339E-02,   0.00    ) |  3.094E-04 2.713E-03
     120 2.8938E-02 3.0936E-04  (-1.302E-03,  5.339E-02,   0.00    ) |  3.094E-04 2.713E-03
     121 2.9247E-02 3.0936E-04  (-1.302E-03,  5.339E-02,   0.00    ) |  3.094E-04 2.713E-03
     122 2.9557E-02 3.0935E-04  (-1.302E-03,  5.339E-02,   0.00    ) |  3.094E-04 2.713E-03
     123 2.9866E-02 3.0934E-04  (-1.302E-03,  5.339E-02,   0.00    ) |  3.093E-04 2.713E-03
     124 3.0176E-02 3.0934E-04  (-1.302E-03,  5.339E-02,   0.00    ) |  3.093E-04 2.713E-03
     125 3.0485E-02 3.0933E-04  (-1.302E-03,  5.339E-02,   0.00    ) |  3.093E-04 2.713E-03
     126 3.0794E-02 3.0932E-04  (-1.302E-03,  5.339E-02,   0.00    ) |  3.093E-04 2.713E-03
     127 3.1104E-02 3.0932E-04  (-1.302E-03,  5.339E-02,   0.00    ) |  3.093E-04 2.713E-03
     128 3.1413E-02 3.0931E-04  (-1.302E-03,  5.339E-02,   0.00    ) |  3.093E-04 2.713E-03
     129 3.1722E-02 3.0930E-04  (-1.302E-03,  5.339E-02,   0.00    ) |  3.093E-04 2.713E-03
     130 3.2031E-02 3.0930E-04  (-1.302E-03,  5.339E-02,   0.00    ) |  3.093E-04 2.713E-03
     131 3.2341E-02 3.0929E-04  (-1.302E-03,  5.339E-02,   0.00    ) |  3.093E-04 2.713E-03
     132 3.2650E-02 3.0928E-04  (-1.302E-03,  5.339E-02,   0.00    ) |  3.093E-04 2.713E-03
     133 3.2959E-02 3.0928E-04  (-1.302E-03,  5.339E-02,   0.00    ) |  3.093E-04 2.713E-03
     134 3.3269E-02 3.0927E-04  (-1.302E-03,  5.339E-02,   0.00    ) |  3.093E-04 2.713E-03
     135 3.3578E-02 3.0926E-04  (-1.302E-03,  5.339E-02,   0.00    ) |  3.093E-04 2.713E-03
     136 3.3887E-02 3.0925E-04  (-1.302E-03,  5.339E-02,   0.00    ) |  3.093E-04 2.713E-03
     137 3.4196E-02 3.0925E-04  (-1.302E-03,  5.339E-02,   0.00    ) |  3.092E-04 2.713E-03
     138 3.4506E-02 3.0924E-04  (-1.302E-03,  5.339E-02,   0.00    ) |  3.092E-04 2.713E-03
     139 3.4815E-02 3.0923E-04  (-1.302E-03,  5.339E-02,   0.00    ) |  3.092E-04 2.713E-03
     140 3.5124E-02 3.0923E-04  (-1.302E-03,  5.339E-02,   0.00    ) |  3.092E-04 2.713E-03
     141 3.5433E-02 3.0922E-04  (-1.302E-03,  5.339E-02,   0.00    ) |  3.092E-04 2.713E-03
     142 3.5743E-02 3.0922E-04  (-1.302E-03,  5.339E-02,   0.00    ) |  3.092E-04 2.713E-03
     143 3.6052E-02 3.0921E-04  (-1.302E-03,  5.339E-02,   0.00    ) |  3.092E-04 2.713E-03
     144 3.6361E-02 3.0920E-04  (-1.302E-03,  5.339E-02,   0.00    ) |  3.092E-04 2.713E-03
     145 3.6670E-02 3.0920E-04  (-1.302E-03,  5.339E-02,   0.00    ) |  3.092E-04 2.713E-03
     146 3.6979E-02 3.0919E-04  (-1.302E-03,  5.339E-02,   0.00    ) |  3.092E-04 2.713E-03
     147 3.7289E-02 3.0918E-04  (-1.302E-03,  5.339E-02,   0.00    ) |  3.092E-04 2.713E-03
     148 3.7598E-02 3.0918E-04  (-1.302E-03,  5.339E-02,   0.00    ) |  3.092E-04 2.713E-03
     149 3.7907E-02 3.0917E-04  (-1.302E-03,  5.339E-02,   0.00    ) |  3.092E-04 2.713E-03
     150 3.8216E-02 3.0917E-04  (-1.302E-03,  5.339E-02,   0.00    ) |  3.092E-04 2.713E-03
     151 3.8525E-02 3.0916E-04  (-1.302E-03,  5.339E-02,   0.00    ) |  3.092E-04 2.713E-03
     152 3.8834E-02 3.0915E-04  (-1.302E-03,  5.339E-02,   0.00    ) |  3.092E-04 2.713E-03
     153 3.9144E-02 3.0915E-04  (-1.302E-03,  5.339E-02,   0.00    ) |  3.091E-04 2.713E-03
     154 3.9453E-02 3.0914E-04  (-1.302E-03,  5.339E-02,   0.00    ) |  3.091E-04 2.713E-03
     155 3.9762E-02 3.0914E-04  (-1.302E-03,  5.339E-02,   0.00    ) |  3.091E-04 2.713E-03
     156 4.0071E-02 3.0913E-04  (-1.302E-03,  5.339E-02,   0.00    ) |  3.091E-04 2.713E-03
     157 4.0380E-02 3.0913E-04  (-1.302E-03,  5.339E-02,   0.00    ) |  3.091E-04 2.713E-03
     158 4.0689E-02 3.0912E-04  (-1.302E-03,  5.339E-02,   0.00    ) |  3.091E-04 2.713E-03
     159 4.0998E-02 3.0911E-04  (-1.302E-03,  5.339E-02,   0.00    ) |  3.091E-04 2.713E-03
     160 4.1308E-02 3.0911E-04  (-1.302E-03,  5.339E-02,   0.00    ) |  3.091E-04 2.713E-03
     161 4.1617E-02 3.0910E-04  (-1.302E-03,  5.339E-02,   0.00    ) |  3.091E-04 2.713E-03
     162 4.1926E-02 3.0910E-04  (-1.302E-03,  5.339E-02,   0.00    ) |  3.091E-04 2.713E-03
     163 4.2235E-02 3.0909E-04  (-1.302E-03,  5.339E-02,   0.00    ) |  3.091E-04 2.713E-03
     164 4.2544E-02 3.0909E-04  (-1.302E-03,  5.339E-02,   0.00    ) |  3.091E-04 2.713E-03
     165 4.2853E-02 3.0908E-04  (-1.302E-03,  5.339E-02,   0.00    ) |  3.091E-04 2.713E-03
     166 4.3162E-02 3.0908E-04  (-1.302E-03,  5.339E-02,   0.00    ) |  3.091E-04 2.713E-03
     167 4.3471E-02 3.0907E-04  (-1.302E-03,  5.339E-02,   0.00    ) |  3.091E-04 2.713E-03
     168 4.3780E-02 3.0907E-04  (-1.302E-03,  5.339E-02,   0.00    ) |  3.091E-04 2.713E-03
     169 4.4089E-02 3.0906E-04  (-1.302E-03,  5.339E-02,   0.00    ) |  3.091E-04 2.713E-03
     170 4.4398E-02 3.0906E-04  (-1.302E-03,  5.339E-02,   0.00    ) |  3.091E-04 2.713E-03
     171 4.4707E-02 3.0905E-04  (-1.302E-03,  5.339E-02,   0.00    ) |  3.091E-04 2.713E-03
     172 4.5016E-02 3.0905E-04  (-1.302E-03,  5.339E-02,   0.00    ) |  3.090E-04 2.713E-03
     173 4.5326E-02 3.0904E-04  (-1.302E-03,  5.339E-02,   0.00    ) |  3.090E-04 2.713E-03
     174 4.5635E-02 3.0904E-04  (-1.302E-03,  5.339E-02,   0.00    ) |  3.090E-04 2.713E-03
     175 4.5944E-02 3.0903E-04  (-1.302E-03,  5.339E-02,   0.00    ) |  3.090E-04 2.713E-03
     176 4.6253E-02 3.0903E-04  (-1.302E-03,  5.339E-02,   0.00    ) |  3.090E-04 2.713E-03
     177 4.6562E-02 3.0903E-04  (-1.302E-03,  5.339E-02,   0.00    ) |  3.090E-04 2.713E-03
     178 4.6871E-02 3.0902E-04  (-1.302E-03,  5.339E-02,   0.00    ) |  3.090E-04 2.713E-03
     179 4.7180E-02 3.0902E-04  (-1.302E-03,  5.339E-02,   0.00    ) |  3.090E-04 2.713E-03
     180 4.7489E-02 3.0901E-04  (-1.302E-03,  5.339E-02,   0.00    ) |  3.090E-04 2.713E-03
     181 4.7798E-02 3.0901E-04  (-1.302E-03,  5.339E-02,   0.00    ) |  3.090E-04 2.713E-03
     182 4.8107E-02 3.0900E-04  (-1.302E-03,  5.339E-02,   0.00    ) |  3.090E-04 2.713E-03
     183 4.8416E-02 3.0900E-04  (-1.302E-03,  5.339E-02,   0.00    ) |  3.090E-04 2.713E-03
     184 4.8725E-02 3.0899E-04  (-1.302E-03,  5.339E-02,   0.00    ) |  3.090E-04 2.713E-03
     185 4.9034E-02 3.0899E-04  (-1.302E-03,  5.339E-02,   0.00    ) |  3.090E-04 2.713E-03
     186 4.9343E-02 3.0899E-04  (-1.302E-03,  5.339E-02,   0.00    ) |  3.090E-04 2.713E-03
     187 4.9652E-02 3.0898E-04  (-1.302E-03,  5.339E-02,   0.00    ) |  3.090E-04 2.713E-03
     188 4.9961E-02 3.0898E-04  (-1.302E-03,  5.339E-02,   0.00    ) |  3.090E-04 2.713E-03
 *** Wrote plotfile to flash_run_hdf5_plt_cnt_0002 ****
     189 5.0270E-02 3.0897E-04  (-1.302E-03,  5.339E-02,   0.00    ) |  3.090E-04 2.713E-03
     190 5.0579E-02 3.0897E-04  (-1.302E-03,  5.339E-02,   0.00    ) |  3.090E-04 2.713E-03
     191 5.0888E-02 3.0897E-04  (-1.302E-03,  5.339E-02,   0.00    ) |  3.090E-04 2.713E-03
     192 5.1197E-02 3.0896E-04  (-1.302E-03,  5.339E-02,   0.00    ) |  3.090E-04 2.713E-03
     193 5.1506E-02 3.0896E-04  (-1.302E-03,  5.339E-02,   0.00    ) |  3.090E-04 2.713E-03
     194 5.1815E-02 3.0895E-04  (-1.302E-03,  5.339E-02,   0.00    ) |  3.090E-04 2.713E-03
     195 5.2123E-02 3.0895E-04  (-1.302E-03,  5.339E-02,   0.00    ) |  3.090E-04 2.713E-03
     196 5.2432E-02 3.0895E-04  (-1.302E-03,  5.339E-02,   0.00    ) |  3.089E-04 2.713E-03
     197 5.2741E-02 3.0894E-04  (-1.302E-03,  5.339E-02,   0.00    ) |  3.089E-04 2.713E-03
     198 5.3050E-02 3.0894E-04  (-1.302E-03,  5.339E-02,   0.00    ) |  3.089E-04 2.713E-03
     199 5.3359E-02 3.0894E-04  (-1.302E-03,  5.339E-02,   0.00    ) |  3.089E-04 2.713E-03
     200 5.3668E-02 3.0893E-04  (-1.302E-03,  5.339E-02,   0.00    ) |  3.089E-04 2.713E-03
     201 5.3977E-02 3.0893E-04  (-1.302E-03,  5.339E-02,   0.00    ) |  3.089E-04 2.713E-03
     202 5.4286E-02 3.0893E-04  (-1.302E-03,  5.339E-02,   0.00    ) |  3.089E-04 2.713E-03
     203 5.4595E-02 3.0892E-04  (-1.302E-03,  5.339E-02,   0.00    ) |  3.089E-04 2.713E-03
     204 5.4904E-02 3.0892E-04  (-1.302E-03,  5.339E-02,   0.00    ) |  3.089E-04 2.713E-03
     205 5.5213E-02 3.0891E-04  (-1.302E-03,  5.339E-02,   0.00    ) |  3.089E-04 2.713E-03
     206 5.5522E-02 3.0891E-04  (-1.302E-03,  5.339E-02,   0.00    ) |  3.089E-04 2.713E-03
     207 5.5831E-02 3.0891E-04  (-1.302E-03,  5.339E-02,   0.00    ) |  3.089E-04 2.713E-03
     208 5.6140E-02 3.0890E-04  (-1.302E-03,  5.339E-02,   0.00    ) |  3.089E-04 2.713E-03
     209 5.6448E-02 3.0890E-04  (-1.302E-03,  5.339E-02,   0.00    ) |  3.089E-04 2.713E-03
     210 5.6757E-02 3.0890E-04  (-1.302E-03,  5.339E-02,   0.00    ) |  3.089E-04 2.713E-03
     211 5.7066E-02 3.0889E-04  (-1.302E-03,  5.339E-02,   0.00    ) |  3.089E-04 2.713E-03
     212 5.7375E-02 3.0889E-04  (-1.302E-03,  5.339E-02,   0.00    ) |  3.089E-04 2.713E-03
     213 5.7684E-02 3.0889E-04  (-1.302E-03,  5.339E-02,   0.00    ) |  3.089E-04 2.713E-03
     214 5.7993E-02 3.0888E-04  (-1.302E-03,  5.339E-02,   0.00    ) |  3.089E-04 2.713E-03
     215 5.8302E-02 3.0888E-04  (-1.302E-03,  5.339E-02,   0.00    ) |  3.089E-04 2.713E-03
     216 5.8611E-02 3.0888E-04  (-1.302E-03,  5.339E-02,   0.00    ) |  3.089E-04 2.713E-03
     217 5.8920E-02 3.0888E-04  (-1.302E-03,  5.339E-02,   0.00    ) |  3.089E-04 2.713E-03
     218 5.9228E-02 3.0887E-04  (-1.302E-03,  5.339E-02,   0.00    ) |  3.089E-04 2.713E-03
     219 5.9537E-02 3.0887E-04  (-1.302E-03,  5.339E-02,   0.00    ) |  3.089E-04 2.713E-03
     220 5.9846E-02 3.0887E-04  (-1.302E-03,  5.339E-02,   0.00    ) |  3.089E-04 2.713E-03
     221 6.0155E-02 3.0886E-04  (-1.302E-03,  5.339E-02,   0.00    ) |  3.089E-04 2.713E-03
     222 6.0464E-02 3.0886E-04  (-1.302E-03,  5.339E-02,   0.00    ) |  3.089E-04 2.713E-03
     223 6.0773E-02 3.0886E-04  (-1.302E-03,  5.339E-02,   0.00    ) |  3.089E-04 2.713E-03
     224 6.1082E-02 3.0885E-04  (-1.302E-03,  5.339E-02,   0.00    ) |  3.089E-04 2.713E-03
     225 6.1390E-02 3.0885E-04  (-1.302E-03,  5.339E-02,   0.00    ) |  3.089E-04 2.713E-03
     226 6.1699E-02 3.0885E-04  (-1.302E-03,  5.339E-02,   0.00    ) |  3.088E-04 2.713E-03
     227 6.2008E-02 3.0885E-04  (-1.302E-03,  5.339E-02,   0.00    ) |  3.088E-04 2.713E-03
     228 6.2317E-02 3.0884E-04  (-1.302E-03,  5.339E-02,   0.00    ) |  3.088E-04 2.713E-03
     229 6.2626E-02 3.0884E-04  ( 1.302E-03, -5.339E-02,   0.00    ) |  3.088E-04 2.713E-03
     230 6.2935E-02 3.0884E-04  ( 1.302E-03, -5.339E-02,   0.00    ) |  3.088E-04 2.713E-03
     231 6.3244E-02 3.0883E-04  ( 1.302E-03, -5.339E-02,   0.00    ) |  3.088E-04 2.713E-03
     232 6.3552E-02 3.0883E-04  (-1.302E-03,  5.339E-02,   0.00    ) |  3.088E-04 2.713E-03
     233 6.3861E-02 3.0883E-04  ( 1.302E-03, -5.339E-02,   0.00    ) |  3.088E-04 2.713E-03
     234 6.4170E-02 3.0883E-04  ( 1.302E-03, -5.339E-02,   0.00    ) |  3.088E-04 2.713E-03
     235 6.4479E-02 3.0882E-04  ( 1.302E-03, -5.339E-02,   0.00    ) |  3.088E-04 2.713E-03
     236 6.4788E-02 3.0882E-04  ( 1.302E-03, -5.339E-02,   0.00    ) |  3.088E-04 2.713E-03
     237 6.5097E-02 3.0882E-04  ( 1.302E-03, -5.339E-02,   0.00    ) |  3.088E-04 2.713E-03
     238 6.5405E-02 3.0881E-04  ( 1.302E-03, -5.339E-02,   0.00    ) |  3.088E-04 2.713E-03
     239 6.5714E-02 3.0881E-04  (-1.302E-03,  5.339E-02,   0.00    ) |  3.088E-04 2.713E-03
     240 6.6023E-02 3.0881E-04  ( 1.302E-03, -5.339E-02,   0.00    ) |  3.088E-04 2.713E-03
     241 6.6332E-02 3.0881E-04  (-1.302E-03,  5.339E-02,   0.00    ) |  3.088E-04 2.713E-03
     242 6.6641E-02 3.0880E-04  ( 1.302E-03, -5.339E-02,   0.00    ) |  3.088E-04 2.713E-03
     243 6.6949E-02 3.0880E-04  ( 1.302E-03, -5.339E-02,   0.00    ) |  3.088E-04 2.713E-03
     244 6.7258E-02 3.0880E-04  ( 1.302E-03, -5.339E-02,   0.00    ) |  3.088E-04 2.713E-03
     245 6.7567E-02 3.0880E-04  ( 1.302E-03,  5.339E-02,   0.00    ) |  3.088E-04 2.713E-03
     246 6.7876E-02 3.0879E-04  (-1.302E-03,  5.339E-02,   0.00    ) |  3.088E-04 2.713E-03
     247 6.8185E-02 3.0879E-04  ( 1.302E-03, -5.339E-02,   0.00    ) |  3.088E-04 2.713E-03
     248 6.8493E-02 3.0879E-04  ( 1.302E-03, -5.339E-02,   0.00    ) |  3.088E-04 2.713E-03
     249 6.8802E-02 3.0879E-04  ( 1.302E-03, -5.339E-02,   0.00    ) |  3.088E-04 2.713E-03
     250 6.9111E-02 3.0878E-04  ( 1.302E-03, -5.339E-02,   0.00    ) |  3.088E-04 2.713E-03
     251 6.9420E-02 3.0878E-04  ( 1.302E-03, -5.339E-02,   0.00    ) |  3.088E-04 2.713E-03
     252 6.9729E-02 3.0878E-04  ( 1.302E-03, -5.339E-02,   0.00    ) |  3.088E-04 2.713E-03
     253 7.0037E-02 3.0878E-04  ( 1.302E-03, -5.339E-02,   0.00    ) |  3.088E-04 2.713E-03
     254 7.0346E-02 3.0877E-04  ( 1.302E-03, -5.339E-02,   0.00    ) |  3.088E-04 2.713E-03
     255 7.0655E-02 3.0877E-04  ( 1.302E-03, -5.339E-02,   0.00    ) |  3.088E-04 2.713E-03
     256 7.0964E-02 3.0877E-04  ( 1.302E-03, -5.339E-02,   0.00    ) |  3.088E-04 2.713E-03
     257 7.1272E-02 3.0877E-04  ( 1.302E-03, -5.339E-02,   0.00    ) |  3.088E-04 2.713E-03
     258 7.1581E-02 3.0876E-04  ( 1.302E-03, -5.339E-02,   0.00    ) |  3.088E-04 2.713E-03
     259 7.1890E-02 3.0876E-04  ( 1.302E-03, -5.339E-02,   0.00    ) |  3.088E-04 2.713E-03
     260 7.2199E-02 3.0876E-04  ( 1.302E-03, -5.339E-02,   0.00    ) |  3.088E-04 2.713E-03
     261 7.2507E-02 3.0876E-04  ( 1.302E-03, -5.339E-02,   0.00    ) |  3.088E-04 2.713E-03
     262 7.2816E-02 3.0876E-04  ( 1.302E-03, -5.339E-02,   0.00    ) |  3.088E-04 2.713E-03
     263 7.3125E-02 3.0875E-04  ( 1.302E-03, -5.339E-02,   0.00    ) |  3.088E-04 2.713E-03
     264 7.3434E-02 3.0875E-04  ( 1.302E-03, -5.339E-02,   0.00    ) |  3.088E-04 2.713E-03
     265 7.3742E-02 3.0875E-04  ( 1.302E-03, -5.339E-02,   0.00    ) |  3.087E-04 2.713E-03
     266 7.4051E-02 3.0875E-04  ( 1.302E-03, -5.339E-02,   0.00    ) |  3.087E-04 2.713E-03
     267 7.4360E-02 3.0874E-04  ( 1.302E-03, -5.339E-02,   0.00    ) |  3.087E-04 2.713E-03
     268 7.4669E-02 3.0874E-04  ( 1.302E-03, -5.339E-02,   0.00    ) |  3.087E-04 2.713E-03
     269 7.4977E-02 3.0874E-04  ( 1.302E-03, -5.339E-02,   0.00    ) |  3.087E-04 2.713E-03
 *** Wrote plotfile to flash_run_hdf5_plt_cnt_0003 ****
     270 7.5286E-02 3.0874E-04  ( 1.302E-03, -5.339E-02,   0.00    ) |  3.087E-04 2.713E-03
     271 7.5595E-02 3.0874E-04  (-1.302E-03,  5.339E-02,   0.00    ) |  3.087E-04 2.713E-03
     272 7.5904E-02 3.0873E-04  ( 1.302E-03, -5.339E-02,   0.00    ) |  3.087E-04 2.713E-03
     273 7.6212E-02 3.0873E-04  ( 1.302E-03, -5.339E-02,   0.00    ) |  3.087E-04 2.713E-03
     274 7.6521E-02 3.0873E-04  ( 1.302E-03, -5.339E-02,   0.00    ) |  3.087E-04 2.713E-03
     275 7.6830E-02 3.0873E-04  ( 1.302E-03, -5.339E-02,   0.00    ) |  3.087E-04 2.713E-03
     276 7.7139E-02 3.0873E-04  ( 1.302E-03, -5.339E-02,   0.00    ) |  3.087E-04 2.713E-03
     277 7.7447E-02 3.0872E-04  ( 1.302E-03, -5.339E-02,   0.00    ) |  3.087E-04 2.713E-03
     278 7.7756E-02 3.0872E-04  (-1.302E-03,  5.339E-02,   0.00    ) |  3.087E-04 2.713E-03
     279 7.8065E-02 3.0872E-04  (-1.302E-03,  5.339E-02,   0.00    ) |  3.087E-04 2.713E-03
     280 7.8373E-02 3.0872E-04  (-1.302E-03,  5.339E-02,   0.00    ) |  3.087E-04 2.713E-03
     281 7.8682E-02 3.0871E-04  (-1.302E-03,  5.339E-02,   0.00    ) |  3.087E-04 2.713E-03
     282 7.8991E-02 3.0871E-04  (-1.302E-03,  5.339E-02,   0.00    ) |  3.087E-04 2.713E-03
     283 7.9300E-02 3.0871E-04  (-1.302E-03,  5.339E-02,   0.00    ) |  3.087E-04 2.713E-03
     284 7.9608E-02 3.0871E-04  (-1.302E-03,  5.339E-02,   0.00    ) |  3.087E-04 2.713E-03
     285 7.9917E-02 3.0871E-04  (-1.302E-03,  5.339E-02,   0.00    ) |  3.087E-04 2.713E-03
     286 8.0226E-02 3.0870E-04  (-1.302E-03,  5.339E-02,   0.00    ) |  3.087E-04 2.713E-03
     287 8.0534E-02 3.0870E-04  (-1.302E-03,  5.339E-02,   0.00    ) |  3.087E-04 2.713E-03
     288 8.0843E-02 3.0870E-04  (-1.302E-03,  5.339E-02,   0.00    ) |  3.087E-04 2.713E-03
     289 8.1152E-02 3.0870E-04  (-1.302E-03,  5.339E-02,   0.00    ) |  3.087E-04 2.713E-03
     290 8.1461E-02 3.0870E-04  (-1.302E-03,  5.339E-02,   0.00    ) |  3.087E-04 2.713E-03
     291 8.1769E-02 3.0869E-04  (-1.302E-03,  5.339E-02,   0.00    ) |  3.087E-04 2.713E-03
     292 8.2078E-02 3.0869E-04  (-1.302E-03,  5.339E-02,   0.00    ) |  3.087E-04 2.713E-03
     293 8.2387E-02 3.0869E-04  (-1.302E-03,  5.339E-02,   0.00    ) |  3.087E-04 2.713E-03
     294 8.2695E-02 3.0869E-04  (-1.302E-03,  5.339E-02,   0.00    ) |  3.087E-04 2.713E-03
     295 8.3004E-02 3.0869E-04  ( 1.302E-03, -5.339E-02,   0.00    ) |  3.087E-04 2.713E-03
     296 8.3313E-02 3.0869E-04  (-1.302E-03,  5.339E-02,   0.00    ) |  3.087E-04 2.713E-03
     297 8.3621E-02 3.0868E-04  (-1.302E-03,  5.339E-02,   0.00    ) |  3.087E-04 2.713E-03
     298 8.3930E-02 3.0868E-04  (-1.302E-03,  5.339E-02,   0.00    ) |  3.087E-04 2.713E-03
     299 8.4239E-02 3.0868E-04  (-1.302E-03,  5.339E-02,   0.00    ) |  3.087E-04 2.713E-03
     300 8.4547E-02 3.0868E-04  (-1.302E-03,  5.339E-02,   0.00    ) |  3.087E-04 2.713E-03
     301 8.4856E-02 3.0868E-04  (-1.302E-03,  5.339E-02,   0.00    ) |  3.087E-04 2.713E-03
     302 8.5165E-02 3.0868E-04  ( 1.302E-03, -5.339E-02,   0.00    ) |  3.087E-04 2.713E-03
     303 8.5473E-02 3.0867E-04  (-1.302E-03,  5.339E-02,   0.00    ) |  3.087E-04 2.713E-03
     304 8.5782E-02 3.0867E-04  ( 1.302E-03, -5.339E-02,   0.00    ) |  3.087E-04 2.713E-03
     305 8.6091E-02 3.0867E-04  ( 1.302E-03, -5.339E-02,   0.00    ) |  3.087E-04 2.713E-03
     306 8.6399E-02 3.0867E-04  ( 1.302E-03, -5.339E-02,   0.00    ) |  3.087E-04 2.713E-03
     307 8.6708E-02 3.0867E-04  (-1.302E-03,  5.339E-02,   0.00    ) |  3.087E-04 2.713E-03
     308 8.7017E-02 3.0867E-04  (-1.302E-03,  5.339E-02,   0.00    ) |  3.087E-04 2.713E-03
     309 8.7325E-02 3.0866E-04  (-1.302E-03,  5.339E-02,   0.00    ) |  3.087E-04 2.713E-03
     310 8.7634E-02 3.0866E-04  (-1.302E-03,  5.339E-02,   0.00    ) |  3.087E-04 2.713E-03
     311 8.7943E-02 3.0866E-04  (-1.302E-03,  5.339E-02,   0.00    ) |  3.087E-04 2.713E-03
     312 8.8251E-02 3.0866E-04  (-1.302E-03,  5.339E-02,   0.00    ) |  3.087E-04 2.713E-03
     313 8.8560E-02 3.0866E-04  (-1.302E-03,  5.339E-02,   0.00    ) |  3.087E-04 2.713E-03
     314 8.8869E-02 3.0866E-04  (-1.302E-03,  5.339E-02,   0.00    ) |  3.087E-04 2.713E-03
     315 8.9177E-02 3.0866E-04  (-1.302E-03,  5.339E-02,   0.00    ) |  3.087E-04 2.713E-03
     316 8.9486E-02 3.0865E-04  (-1.302E-03,  5.339E-02,   0.00    ) |  3.087E-04 2.713E-03
     317 8.9795E-02 3.0865E-04  (-1.302E-03,  5.339E-02,   0.00    ) |  3.087E-04 2.713E-03
     318 9.0103E-02 3.0865E-04  (-1.302E-03,  5.339E-02,   0.00    ) |  3.087E-04 2.713E-03
     319 9.0412E-02 3.0865E-04  (-1.302E-03,  5.339E-02,   0.00    ) |  3.086E-04 2.713E-03
     320 9.0721E-02 3.0865E-04  (-1.302E-03,  5.339E-02,   0.00    ) |  3.086E-04 2.713E-03
     321 9.1029E-02 3.0865E-04  (-1.302E-03,  5.339E-02,   0.00    ) |  3.086E-04 2.713E-03
     322 9.1338E-02 3.0864E-04  (-1.302E-03,  5.339E-02,   0.00    ) |  3.086E-04 2.713E-03
     323 9.1647E-02 3.0864E-04  (-1.302E-03,  5.339E-02,   0.00    ) |  3.086E-04 2.713E-03
     324 9.1955E-02 3.0864E-04  (-1.302E-03,  5.339E-02,   0.00    ) |  3.086E-04 2.713E-03
     325 9.2264E-02 3.0864E-04  (-1.302E-03,  5.339E-02,   0.00    ) |  3.086E-04 2.713E-03
     326 9.2573E-02 3.0864E-04  (-1.302E-03,  5.339E-02,   0.00    ) |  3.086E-04 2.713E-03
     327 9.2881E-02 3.0864E-04  (-1.302E-03,  5.339E-02,   0.00    ) |  3.086E-04 2.713E-03
     328 9.3190E-02 3.0864E-04  (-1.302E-03,  5.339E-02,   0.00    ) |  3.086E-04 2.713E-03
     329 9.3498E-02 3.0864E-04  (-1.302E-03,  5.339E-02,   0.00    ) |  3.086E-04 2.713E-03
     330 9.3807E-02 3.0863E-04  (-1.302E-03,  5.339E-02,   0.00    ) |  3.086E-04 2.713E-03
     331 9.4116E-02 3.0863E-04  (-1.302E-03,  5.339E-02,   0.00    ) |  3.086E-04 2.713E-03
     332 9.4424E-02 3.0863E-04  (-1.302E-03,  5.339E-02,   0.00    ) |  3.086E-04 2.713E-03
     333 9.4733E-02 3.0863E-04  (-1.302E-03,  5.339E-02,   0.00    ) |  3.086E-04 2.713E-03
     334 9.5042E-02 3.0863E-04  (-1.302E-03,  5.339E-02,   0.00    ) |  3.086E-04 2.713E-03
     335 9.5350E-02 3.0863E-04  (-1.302E-03,  5.339E-02,   0.00    ) |  3.086E-04 2.713E-03
     336 9.5659E-02 3.0863E-04  (-1.302E-03,  5.339E-02,   0.00    ) |  3.086E-04 2.713E-03
     337 9.5967E-02 3.0863E-04  (-1.302E-03,  5.339E-02,   0.00    ) |  3.086E-04 2.713E-03
     338 9.6276E-02 3.0862E-04  (-1.302E-03,  5.339E-02,   0.00    ) |  3.086E-04 2.713E-03
     339 9.6585E-02 3.0862E-04  (-1.302E-03,  5.339E-02,   0.00    ) |  3.086E-04 2.713E-03
     340 9.6893E-02 3.0862E-04  (-1.302E-03,  5.339E-02,   0.00    ) |  3.086E-04 2.713E-03
     341 9.7202E-02 3.0862E-04  (-1.302E-03,  5.339E-02,   0.00    ) |  3.086E-04 2.713E-03
     342 9.7511E-02 3.0862E-04  (-1.302E-03,  5.339E-02,   0.00    ) |  3.086E-04 2.713E-03
     343 9.7819E-02 3.0862E-04  (-1.302E-03,  5.339E-02,   0.00    ) |  3.086E-04 2.713E-03
     344 9.8128E-02 3.0862E-04  (-1.302E-03,  5.339E-02,   0.00    ) |  3.086E-04 2.713E-03
     345 9.8436E-02 3.0862E-04  (-1.302E-03,  5.339E-02,   0.00    ) |  3.086E-04 2.713E-03
     346 9.8745E-02 3.0862E-04  (-1.302E-03,  5.339E-02,   0.00    ) |  3.086E-04 2.713E-03
     347 9.9054E-02 3.0861E-04  (-1.302E-03,  5.339E-02,   0.00    ) |  3.086E-04 2.713E-03
     348 9.9362E-02 3.0861E-04  (-1.302E-03,  5.339E-02,   0.00    ) |  3.086E-04 2.713E-03
     349 9.9671E-02 3.0861E-04  (-1.302E-03,  5.339E-02,   0.00    ) |  3.086E-04 2.713E-03
     350 9.9980E-02 3.0861E-04  (-1.302E-03,  5.339E-02,   0.00    ) |  3.086E-04 2.713E-03
 *** Wrote plotfile to flash_run_hdf5_plt_cnt_0004 ****
     351 1.0029E-01 3.0861E-04  (-1.302E-03,  5.339E-02,   0.00    ) |  3.086E-04 2.713E-03
     352 1.0060E-01 3.0861E-04  (-1.302E-03,  5.339E-02,   0.00    ) |  3.086E-04 2.713E-03
     353 1.0091E-01 3.0861E-04  (-1.302E-03,  5.339E-02,   0.00    ) |  3.086E-04 2.713E-03
     354 1.0121E-01 3.0861E-04  (-1.302E-03,  5.339E-02,   0.00    ) |  3.086E-04 2.713E-03
     355 1.0152E-01 3.0861E-04  (-1.302E-03,  5.339E-02,   0.00    ) |  3.086E-04 2.713E-03
     356 1.0183E-01 3.0861E-04  (-1.302E-03,  5.339E-02,   0.00    ) |  3.086E-04 2.713E-03
     357 1.0214E-01 3.0861E-04  (-1.302E-03,  5.339E-02,   0.00    ) |  3.086E-04 2.713E-03
     358 1.0245E-01 3.0860E-04  (-1.302E-03,  5.339E-02,   0.00    ) |  3.086E-04 2.713E-03
     359 1.0276E-01 3.0860E-04  (-1.302E-03,  5.339E-02,   0.00    ) |  3.086E-04 2.713E-03
     360 1.0307E-01 3.0860E-04  (-1.302E-03,  5.339E-02,   0.00    ) |  3.086E-04 2.713E-03
     361 1.0337E-01 3.0860E-04  (-1.302E-03,  5.339E-02,   0.00    ) |  3.086E-04 2.713E-03
     362 1.0368E-01 3.0860E-04  (-1.302E-03,  5.339E-02,   0.00    ) |  3.086E-04 2.713E-03
     363 1.0399E-01 3.0860E-04  (-1.302E-03,  5.339E-02,   0.00    ) |  3.086E-04 2.713E-03
     364 1.0430E-01 3.0860E-04  (-1.302E-03,  5.339E-02,   0.00    ) |  3.086E-04 2.713E-03
     365 1.0461E-01 3.0860E-04  (-1.302E-03,  5.339E-02,   0.00    ) |  3.086E-04 2.713E-03
     366 1.0492E-01 3.0860E-04  (-1.302E-03,  5.339E-02,   0.00    ) |  3.086E-04 2.713E-03
     367 1.0523E-01 3.0860E-04  (-1.302E-03,  5.339E-02,   0.00    ) |  3.086E-04 2.713E-03
     368 1.0553E-01 3.0859E-04  (-1.302E-03,  5.339E-02,   0.00    ) |  3.086E-04 2.713E-03
     369 1.0584E-01 3.0859E-04  (-1.302E-03,  5.339E-02,   0.00    ) |  3.086E-04 2.713E-03
     370 1.0615E-01 3.0859E-04  (-1.302E-03,  5.339E-02,   0.00    ) |  3.086E-04 2.713E-03
     371 1.0646E-01 3.0859E-04  (-1.302E-03,  5.339E-02,   0.00    ) |  3.086E-04 2.713E-03
     372 1.0677E-01 3.0859E-04  (-1.302E-03,  5.339E-02,   0.00    ) |  3.086E-04 2.713E-03
     373 1.0708E-01 3.0859E-04  (-1.302E-03,  5.339E-02,   0.00    ) |  3.086E-04 2.713E-03
     374 1.0739E-01 3.0859E-04  (-1.302E-03,  5.339E-02,   0.00    ) |  3.086E-04 2.713E-03
     375 1.0769E-01 3.0859E-04  (-1.302E-03,  5.339E-02,   0.00    ) |  3.086E-04 2.713E-03
     376 1.0800E-01 3.0859E-04  ( 1.302E-03, -5.339E-02,   0.00    ) |  3.086E-04 2.713E-03
     377 1.0831E-01 3.0859E-04  (-1.302E-03,  5.339E-02,   0.00    ) |  3.086E-04 2.713E-03
     378 1.0862E-01 3.0859E-04  ( 1.302E-03, -5.339E-02,   0.00    ) |  3.086E-04 2.713E-03
     379 1.0893E-01 3.0859E-04  (-1.302E-03,  5.339E-02,   0.00    ) |  3.086E-04 2.713E-03
     380 1.0924E-01 3.0859E-04  (-1.302E-03,  5.339E-02,   0.00    ) |  3.086E-04 2.713E-03
     381 1.0955E-01 3.0859E-04  (-1.302E-03,  5.339E-02,   0.00    ) |  3.086E-04 2.713E-03
     382 1.0985E-01 3.0859E-04  (-1.302E-03,  5.339E-02,   0.00    ) |  3.086E-04 2.713E-03
     383 1.1016E-01 3.0858E-04  (-1.302E-03,  5.339E-02,   0.00    ) |  3.086E-04 2.713E-03
     384 1.1047E-01 3.0858E-04  (-1.302E-03,  5.339E-02,   0.00    ) |  3.086E-04 2.713E-03
     385 1.1078E-01 3.0858E-04  (-1.302E-03,  5.339E-02,   0.00    ) |  3.086E-04 2.713E-03
     386 1.1109E-01 3.0858E-04  (-1.302E-03,  5.339E-02,   0.00    ) |  3.086E-04 2.713E-03
     387 1.1140E-01 3.0858E-04  (-1.302E-03,  5.339E-02,   0.00    ) |  3.086E-04 2.713E-03
     388 1.1171E-01 3.0858E-04  (-1.302E-03,  5.339E-02,   0.00    ) |  3.086E-04 2.713E-03
     389 1.1201E-01 3.0858E-04  (-1.302E-03,  5.339E-02,   0.00    ) |  3.086E-04 2.713E-03
     390 1.1232E-01 3.0858E-04  (-1.302E-03,  5.339E-02,   0.00    ) |  3.086E-04 2.713E-03
     391 1.1263E-01 3.0858E-04  (-1.302E-03,  5.339E-02,   0.00    ) |  3.086E-04 2.713E-03
     392 1.1294E-01 3.0858E-04  (-1.302E-03,  5.339E-02,   0.00    ) |  3.086E-04 2.713E-03
     393 1.1325E-01 3.0858E-04  (-1.302E-03,  5.339E-02,   0.00    ) |  3.086E-04 2.713E-03
     394 1.1356E-01 3.0858E-04  (-1.302E-03,  5.339E-02,   0.00    ) |  3.086E-04 2.713E-03
     395 1.1387E-01 3.0858E-04  (-1.302E-03,  5.339E-02,   0.00    ) |  3.086E-04 2.713E-03
     396 1.1417E-01 3.0858E-04  ( 1.302E-03, -5.339E-02,   0.00    ) |  3.086E-04 2.713E-03
     397 1.1448E-01 3.0858E-04  (-1.302E-03,  5.339E-02,   0.00    ) |  3.086E-04 2.713E-03
     398 1.1479E-01 3.0858E-04  (-1.302E-03,  5.339E-02,   0.00    ) |  3.086E-04 2.713E-03
     399 1.1510E-01 3.0858E-04  ( 1.302E-03, -5.339E-02,   0.00    ) |  3.086E-04 2.713E-03
     400 1.1541E-01 3.0858E-04  (-1.302E-03,  5.339E-02,   0.00    ) |  3.086E-04 2.713E-03
     401 1.1572E-01 3.0858E-04  ( 1.302E-03, -5.339E-02,   0.00    ) |  3.086E-04 2.713E-03
     402 1.1603E-01 3.0857E-04  ( 1.302E-03, -5.339E-02,   0.00    ) |  3.086E-04 2.713E-03
     403 1.1633E-01 3.0857E-04  ( 1.302E-03, -5.339E-02,   0.00    ) |  3.086E-04 2.713E-03
     404 1.1664E-01 3.0857E-04  ( 1.302E-03, -5.339E-02,   0.00    ) |  3.086E-04 2.713E-03
     405 1.1695E-01 3.0857E-04  ( 1.302E-03, -5.339E-02,   0.00    ) |  3.086E-04 2.713E-03
     406 1.1726E-01 3.0857E-04  (-1.302E-03,  5.339E-02,   0.00    ) |  3.086E-04 2.713E-03
     407 1.1757E-01 3.0857E-04  ( 1.302E-03, -5.339E-02,   0.00    ) |  3.086E-04 2.713E-03
     408 1.1788E-01 3.0857E-04  ( 1.302E-03, -5.339E-02,   0.00    ) |  3.086E-04 2.713E-03
     409 1.1819E-01 3.0857E-04  (-1.302E-03,  5.339E-02,   0.00    ) |  3.086E-04 2.713E-03
     410 1.1849E-01 3.0857E-04  (-1.302E-03,  5.339E-02,   0.00    ) |  3.086E-04 2.713E-03
     411 1.1880E-01 3.0857E-04  (-1.302E-03,  5.339E-02,   0.00    ) |  3.086E-04 2.713E-03
     412 1.1911E-01 3.0857E-04  (-1.302E-03,  5.339E-02,   0.00    ) |  3.086E-04 2.713E-03
     413 1.1942E-01 3.0857E-04  (-1.302E-03,  5.339E-02,   0.00    ) |  3.086E-04 2.713E-03
     414 1.1973E-01 3.0857E-04  (-1.302E-03,  5.339E-02,   0.00    ) |  3.086E-04 2.713E-03
     415 1.2004E-01 3.0857E-04  (-1.302E-03,  5.339E-02,   0.00    ) |  3.086E-04 2.713E-03
     416 1.2035E-01 3.0857E-04  (-1.302E-03,  5.339E-02,   0.00    ) |  3.086E-04 2.713E-03
     417 1.2065E-01 3.0857E-04  (-1.302E-03,  5.339E-02,   0.00    ) |  3.086E-04 2.713E-03
     418 1.2096E-01 3.0857E-04  (-1.302E-03,  5.339E-02,   0.00    ) |  3.086E-04 2.713E-03
     419 1.2127E-01 3.0857E-04  (-1.302E-03,  5.339E-02,   0.00    ) |  3.086E-04 2.713E-03
     420 1.2158E-01 3.0857E-04  (-1.302E-03,  5.339E-02,   0.00    ) |  3.086E-04 2.713E-03
     421 1.2189E-01 3.0857E-04  (-1.302E-03,  5.339E-02,   0.00    ) |  3.086E-04 2.713E-03
     422 1.2220E-01 3.0857E-04  ( 1.302E-03, -5.339E-02,   0.00    ) |  3.086E-04 2.713E-03
     423 1.2251E-01 3.0857E-04  (-1.302E-03,  5.339E-02,   0.00    ) |  3.086E-04 2.713E-03
     424 1.2281E-01 3.0857E-04  ( 1.302E-03, -5.339E-02,   0.00    ) |  3.086E-04 2.713E-03
     425 1.2312E-01 3.0857E-04  ( 1.302E-03, -5.339E-02,   0.00    ) |  3.086E-04 2.713E-03
     426 1.2343E-01 3.0857E-04  (-1.302E-03,  5.339E-02,   0.00    ) |  3.086E-04 2.713E-03
     427 1.2374E-01 3.0857E-04  (-1.302E-03,  5.339E-02,   0.00    ) |  3.086E-04 2.713E-03
     428 1.2405E-01 3.0857E-04  (-1.302E-03,  5.339E-02,   0.00    ) |  3.086E-04 2.713E-03
     429 1.2436E-01 3.0857E-04  (-1.302E-03,  5.339E-02,   0.00    ) |  3.086E-04 2.713E-03
     430 1.2467E-01 3.0857E-04  (-1.302E-03,  5.339E-02,   0.00    ) |  3.086E-04 2.713E-03
     431 1.2497E-01 3.0857E-04  (-1.302E-03,  5.339E-02,   0.00    ) |  3.086E-04 2.713E-03
 *** Wrote plotfile to flash_run_hdf5_plt_cnt_0005 ****
     432 1.2528E-01 3.0857E-04  (-1.302E-03,  5.339E-02,   0.00    ) |  3.086E-04 2.713E-03
     433 1.2559E-01 3.0857E-04  (-1.302E-03,  5.339E-02,   0.00    ) |  3.086E-04 2.713E-03
     434 1.2590E-01 3.0857E-04  (-1.302E-03,  5.339E-02,   0.00    ) |  3.086E-04 2.713E-03
     435 1.2621E-01 3.0857E-04  (-1.302E-03,  5.339E-02,   0.00    ) |  3.086E-04 2.713E-03
     436 1.2652E-01 3.0857E-04  (-1.302E-03,  5.339E-02,   0.00    ) |  3.086E-04 2.713E-03
     437 1.2683E-01 3.0857E-04  (-1.302E-03,  5.339E-02,   0.00    ) |  3.086E-04 2.713E-03
     438 1.2713E-01 3.0857E-04  (-1.302E-03,  5.339E-02,   0.00    ) |  3.086E-04 2.713E-03
     439 1.2744E-01 3.0857E-04  (-1.302E-03,  5.339E-02,   0.00    ) |  3.086E-04 2.713E-03
     440 1.2775E-01 3.0857E-04  (-1.302E-03,  5.339E-02,   0.00    ) |  3.086E-04 2.713E-03
     441 1.2806E-01 3.0857E-04  (-1.302E-03,  5.339E-02,   0.00    ) |  3.086E-04 2.713E-03
     442 1.2837E-01 3.0857E-04  (-1.302E-03,  5.339E-02,   0.00    ) |  3.086E-04 2.713E-03
     443 1.2868E-01 3.0857E-04  (-1.302E-03,  5.339E-02,   0.00    ) |  3.086E-04 2.713E-03
     444 1.2899E-01 3.0857E-04  (-1.302E-03,  5.339E-02,   0.00    ) |  3.086E-04 2.713E-03
     445 1.2929E-01 3.0857E-04  (-1.302E-03,  5.339E-02,   0.00    ) |  3.086E-04 2.713E-03
     446 1.2960E-01 3.0857E-04  (-1.302E-03,  5.339E-02,   0.00    ) |  3.086E-04 2.713E-03
     447 1.2991E-01 3.0857E-04  (-1.302E-03,  5.339E-02,   0.00    ) |  3.086E-04 2.713E-03
     448 1.3022E-01 3.0857E-04  (-1.302E-03,  5.339E-02,   0.00    ) |  3.086E-04 2.713E-03
     449 1.3053E-01 3.0857E-04  (-1.302E-03,  5.339E-02,   0.00    ) |  3.086E-04 2.713E-03
     450 1.3084E-01 3.0857E-04  (-1.302E-03,  5.339E-02,   0.00    ) |  3.086E-04 2.713E-03
     451 1.3115E-01 3.0857E-04  (-1.302E-03,  5.339E-02,   0.00    ) |  3.086E-04 2.713E-03
     452 1.3145E-01 3.0857E-04  (-1.302E-03,  5.339E-02,   0.00    ) |  3.086E-04 2.713E-03
     453 1.3176E-01 3.0857E-04  (-1.302E-03,  5.339E-02,   0.00    ) |  3.086E-04 2.713E-03
     454 1.3207E-01 3.0857E-04  (-1.302E-03,  5.339E-02,   0.00    ) |  3.086E-04 2.713E-03
     455 1.3238E-01 3.0857E-04  (-1.302E-03,  5.339E-02,   0.00    ) |  3.086E-04 2.713E-03
     456 1.3269E-01 3.0857E-04  ( 1.302E-03, -5.339E-02,   0.00    ) |  3.086E-04 2.713E-03
     457 1.3300E-01 3.0857E-04  (-1.302E-03,  5.339E-02,   0.00    ) |  3.086E-04 2.713E-03
     458 1.3331E-01 3.0857E-04  (-1.302E-03,  5.339E-02,   0.00    ) |  3.086E-04 2.713E-03
     459 1.3361E-01 3.0853E-04  (-0.254    ,  1.302E-03,   0.00    ) |  3.085E-04 2.713E-03
     460 1.3392E-01 3.0848E-04  (-0.254    ,  1.302E-03,   0.00    ) |  3.085E-04 2.713E-03
     461 1.3423E-01 3.0843E-04  (-0.254    ,  1.302E-03,   0.00    ) |  3.084E-04 2.713E-03
     462 1.3454E-01 3.0839E-04  (-0.254    ,  1.302E-03,   0.00    ) |  3.084E-04 2.713E-03
     463 1.3485E-01 3.0834E-04  (-0.254    ,  1.302E-03,   0.00    ) |  3.083E-04 2.713E-03
     464 1.3516E-01 3.0830E-04  (-0.254    ,  1.302E-03,   0.00    ) |  3.083E-04 2.713E-03
     465 1.3547E-01 3.0825E-04  (-0.254    ,  1.302E-03,   0.00    ) |  3.082E-04 2.713E-03
     466 1.3577E-01 3.0820E-04  (-0.254    ,  1.302E-03,   0.00    ) |  3.082E-04 2.713E-03
     467 1.3608E-01 3.0816E-04  (-0.254    ,  1.302E-03,   0.00    ) |  3.082E-04 2.713E-03
     468 1.3639E-01 3.0811E-04  (-0.254    ,  1.302E-03,   0.00    ) |  3.081E-04 2.713E-03
     469 1.3670E-01 3.0806E-04  (-0.254    ,  1.302E-03,   0.00    ) |  3.081E-04 2.713E-03
     470 1.3701E-01 3.0802E-04  (-0.254    ,  1.302E-03,   0.00    ) |  3.080E-04 2.713E-03
     471 1.3731E-01 3.0797E-04  (-0.254    ,  1.302E-03,   0.00    ) |  3.080E-04 2.713E-03
     472 1.3762E-01 3.0793E-04  (-0.254    ,  1.302E-03,   0.00    ) |  3.079E-04 2.713E-03
     473 1.3793E-01 3.0788E-04  (-0.254    ,  1.302E-03,   0.00    ) |  3.079E-04 2.713E-03
     474 1.3824E-01 3.0784E-04  (-0.254    ,  1.302E-03,   0.00    ) |  3.078E-04 2.713E-03
     475 1.3855E-01 3.0779E-04  (-0.254    ,  1.302E-03,   0.00    ) |  3.078E-04 2.713E-03
     476 1.3885E-01 3.0774E-04  (-0.254    ,  1.302E-03,   0.00    ) |  3.077E-04 2.713E-03
     477 1.3916E-01 3.0770E-04  (-0.254    ,  1.302E-03,   0.00    ) |  3.077E-04 2.713E-03
     478 1.3947E-01 3.0765E-04  (-0.254    ,  1.302E-03,   0.00    ) |  3.077E-04 2.713E-03
     479 1.3978E-01 3.0761E-04  (-0.254    ,  1.302E-03,   0.00    ) |  3.076E-04 2.713E-03
     480 1.4008E-01 3.0756E-04  (-0.254    ,  1.302E-03,   0.00    ) |  3.076E-04 2.713E-03
     481 1.4039E-01 3.0751E-04  (-0.254    ,  1.302E-03,   0.00    ) |  3.075E-04 2.713E-03
     482 1.4070E-01 3.0747E-04  (-0.254    ,  1.302E-03,   0.00    ) |  3.075E-04 2.713E-03
     483 1.4101E-01 3.0742E-04  (-0.254    ,  1.302E-03,   0.00    ) |  3.074E-04 2.713E-03
     484 1.4131E-01 3.0738E-04  (-0.254    ,  1.302E-03,   0.00    ) |  3.074E-04 2.713E-03
     485 1.4162E-01 3.0733E-04  (-0.254    ,  1.302E-03,   0.00    ) |  3.073E-04 2.713E-03
     486 1.4193E-01 3.0729E-04  (-0.254    ,  1.302E-03,   0.00    ) |  3.073E-04 2.713E-03
     487 1.4224E-01 3.0724E-04  (-0.254    ,  1.302E-03,   0.00    ) |  3.072E-04 2.713E-03
     488 1.4254E-01 3.0720E-04  (-0.254    ,  1.302E-03,   0.00    ) |  3.072E-04 2.713E-03
     489 1.4285E-01 3.0715E-04  (-0.254    ,  1.302E-03,   0.00    ) |  3.072E-04 2.713E-03
     490 1.4316E-01 3.0710E-04  (-0.254    ,  1.302E-03,   0.00    ) |  3.071E-04 2.713E-03
     491 1.4346E-01 3.0706E-04  (-0.254    ,  1.302E-03,   0.00    ) |  3.071E-04 2.713E-03
     492 1.4377E-01 3.0701E-04  (-0.254    ,  1.302E-03,   0.00    ) |  3.070E-04 2.713E-03
     493 1.4408E-01 3.0697E-04  (-0.254    ,  1.302E-03,   0.00    ) |  3.070E-04 2.713E-03
     494 1.4439E-01 3.0692E-04  (-0.254    ,  1.302E-03,   0.00    ) |  3.069E-04 2.713E-03
     495 1.4469E-01 3.0688E-04  (-0.254    ,  1.302E-03,   0.00    ) |  3.069E-04 2.713E-03
     496 1.4500E-01 3.0683E-04  (-0.254    ,  1.302E-03,   0.00    ) |  3.068E-04 2.713E-03
     497 1.4531E-01 3.0679E-04  (-0.254    ,  1.302E-03,   0.00    ) |  3.068E-04 2.713E-03
     498 1.4561E-01 3.0674E-04  (-0.254    ,  1.302E-03,   0.00    ) |  3.067E-04 2.713E-03
     499 1.4592E-01 3.0670E-04  (-0.254    ,  1.302E-03,   0.00    ) |  3.067E-04 2.713E-03
     500 1.4623E-01 3.0665E-04  (-0.254    ,  1.302E-03,   0.00    ) |  3.067E-04 2.713E-03
     501 1.4653E-01 3.0661E-04  (-0.254    ,  1.302E-03,   0.00    ) |  3.066E-04 2.713E-03
     502 1.4684E-01 3.0656E-04  (-0.254    ,  1.302E-03,   0.00    ) |  3.066E-04 2.713E-03
     503 1.4715E-01 3.0652E-04  (-0.254    ,  1.302E-03,   0.00    ) |  3.065E-04 2.713E-03
