hwloc/linux: failed to find sysfs cpu topology directory, aborting linux discovery.
hwloc/linux: failed to find sysfs cpu topology directory, aborting linux discovery.
hwloc/linux: failed to find sysfs cpu topology directory, aborting linux discovery.
hwloc/linux: failed to find sysfs cpu topology directory, aborting linux discovery.
hwloc/linux: failed to find sysfs cpu topology directory, aborting linux discovery.
hwloc/linux: failed to find sysfs cpu topology directory, aborting linux discovery.
hwloc/linux: failed to find sysfs cpu topology directory, aborting linux discovery.
hwloc/linux: failed to find sysfs cpu topology directory, aborting linux discovery.
hwloc/linux: failed to find sysfs cpu topology directory, aborting linux discovery.
hwloc/linux: failed to find sysfs cpu topology directory, aborting linux discovery.
[1791445350.781538] [Rog-GA401:9    :0]       tcp_iface.c:893  UCX  ERROR scandir(/sys/class/net) failed: No such file or directory
[1791445350.781517] [Rog-GA401:10   :0]       tcp_iface.c:893  UCX  ERROR scandir(/sys/class/net) failed: No such file or directory
[1791445350.781538] [Rog-GA401:7    :0]       tcp_iface.c:893  UCX  ERROR scandir(/sys/class/net) failed: No such file or directory
[1791445350.781538] [Rog-GA401:8    :0]       tcp_iface.c:893  UCX  ERROR scandir(/sys/class/net) failed: No such file or directory
 MaterialProperties initialized
 Cosmology initialized
 Source terms initialized
  Finished with Grid_initDomain, no restart
 Ready to call Hydro_init
 Hydro initialized
 Gravity initialized
 Initial dt verified
 *** Wrote checkpoint file to flash_run_hdf5_chk_0000 ****
 *** Wrote plotfile to flash_run_hdf5_plt_cnt_0000 ****
 Initial plotfile written
 Driver init all done
       n          t         dt  (         x,          y,          z) |  dt_hydro  dt_Diff  
       1 1.0000E-06 1.2000E-06  (-1.953E-03, -5.273E-02,   0.00    ) |  9.284E-04 1.526E-03
       2 2.2000E-06 1.4400E-06  (-1.953E-03, -5.273E-02,   0.00    ) |  9.284E-04 1.526E-03
       3 3.6400E-06 1.7280E-06  (-1.953E-03, -5.273E-02,   0.00    ) |  9.284E-04 1.526E-03
       4 5.3680E-06 2.0736E-06  (-1.953E-03, -5.273E-02,   0.00    ) |  9.284E-04 1.526E-03
       5 7.4416E-06 2.4883E-06  (-1.953E-03, -5.273E-02,   0.00    ) |  9.284E-04 1.526E-03
       6 9.9299E-06 2.9860E-06  (-1.953E-03, -5.273E-02,   0.00    ) |  9.284E-04 1.526E-03
       7 1.2916E-05 3.5832E-06  (-1.953E-03, -5.273E-02,   0.00    ) |  9.284E-04 1.526E-03
       8 1.6499E-05 4.2998E-06  (-1.953E-03, -5.273E-02,   0.00    ) |  9.284E-04 1.526E-03
       9 2.0799E-05 5.1598E-06  (-1.953E-03, -5.273E-02,   0.00    ) |  9.284E-04 1.526E-03
      10 2.5959E-05 6.1917E-06  (-1.953E-03, -5.273E-02,   0.00    ) |  9.284E-04 1.526E-03
      11 3.2150E-05 7.4301E-06  (-1.953E-03, -5.273E-02,   0.00    ) |  9.284E-04 1.526E-03
      12 3.9581E-05 8.9161E-06  (-1.953E-03, -5.273E-02,   0.00    ) |  9.284E-04 1.526E-03
      13 4.8497E-05 1.0699E-05  (-1.953E-03, -5.273E-02,   0.00    ) |  9.284E-04 1.526E-03
      14 5.9196E-05 1.2839E-05  (-1.953E-03, -5.273E-02,   0.00    ) |  9.284E-04 1.526E-03
      15 7.2035E-05 1.5407E-05  (-1.953E-03, -5.273E-02,   0.00    ) |  9.284E-04 1.526E-03
      16 8.7442E-05 1.8488E-05  (-1.953E-03, -5.273E-02,   0.00    ) |  9.284E-04 1.526E-03
      17 1.0593E-04 2.2186E-05  (-1.953E-03, -5.273E-02,   0.00    ) |  9.284E-04 1.526E-03
      18 1.2812E-04 2.6623E-05  (-1.953E-03, -5.273E-02,   0.00    ) |  9.284E-04 1.526E-03
      19 1.5474E-04 3.1948E-05  (-1.953E-03, -5.273E-02,   0.00    ) |  9.284E-04 1.526E-03
      20 1.8669E-04 3.8338E-05  (-1.953E-03, -5.273E-02,   0.00    ) |  9.284E-04 1.526E-03
      21 2.2503E-04 4.6005E-05  (-1.953E-03, -5.273E-02,   0.00    ) |  9.284E-04 1.526E-03
      22 2.7103E-04 5.5206E-05  (-1.953E-03, -5.273E-02,   0.00    ) |  9.284E-04 1.526E-03
      23 3.2624E-04 6.6247E-05  (-1.953E-03, -5.273E-02,   0.00    ) |  9.284E-04 1.526E-03
      24 3.9248E-04 7.9497E-05  (-1.953E-03, -5.273E-02,   0.00    ) |  9.284E-04 1.526E-03
      25 4.7198E-04 9.5396E-05  (-1.953E-03, -5.273E-02,   0.00    ) |  9.285E-04 1.526E-03
      26 5.6738E-04 1.1448E-04  (-1.953E-03, -5.273E-02,   0.00    ) |  9.285E-04 1.526E-03
      27 6.8185E-04 1.3737E-04  (-1.953E-03, -5.273E-02,   0.00    ) |  9.285E-04 1.526E-03
      28 8.1922E-04 1.6484E-04  (-1.953E-03, -5.273E-02,   0.00    ) |  9.285E-04 1.526E-03
      29 9.8407E-04 1.9781E-04  (-1.953E-03, -5.273E-02,   0.00    ) |  9.285E-04 1.526E-03
      30 1.1819E-03 2.3738E-04  (-1.953E-03, -5.273E-02,   0.00    ) |  9.286E-04 1.526E-03
      31 1.4193E-03 2.8485E-04  (-1.953E-03, -5.273E-02,   0.00    ) |  9.286E-04 1.526E-03
      32 1.7041E-03 3.4182E-04  (-1.953E-03, -5.273E-02,   0.00    ) |  9.287E-04 1.526E-03
      33 2.0459E-03 4.1019E-04  (-1.953E-03, -5.273E-02,   0.00    ) |  9.287E-04 1.526E-03
      34 2.4561E-03 4.9222E-04  (-1.953E-03, -5.273E-02,   0.00    ) |  9.288E-04 1.526E-03
      35 2.9483E-03 5.9067E-04  (-1.953E-03, -5.273E-02,   0.00    ) |  9.288E-04 1.526E-03
      36 3.5390E-03 7.0880E-04  ( 1.953E-03,  5.273E-02,   0.00    ) |  9.289E-04 1.526E-03
      37 4.2478E-03 8.5056E-04  ( 1.953E-03,  5.273E-02,   0.00    ) |  9.289E-04 1.526E-03
      38 5.0984E-03 9.2901E-04  ( 1.953E-03,  5.273E-02,   0.00    ) |  9.290E-04 1.526E-03
      39 6.0274E-03 9.2907E-04  ( 1.953E-03,  5.273E-02,   0.00    ) |  9.291E-04 1.526E-03
      40 6.9565E-03 9.2911E-04  (-1.953E-03, -5.664E-02,   0.00    ) |  9.291E-04 1.526E-03
      41 7.8856E-03 9.2914E-04  (-1.953E-03, -5.664E-02,   0.00    ) |  9.291E-04 1.526E-03
      42 8.8147E-03 9.2918E-04  (-1.953E-03, -5.664E-02,   0.00    ) |  9.292E-04 1.526E-03
      43 9.7439E-03 9.2922E-04  (-1.953E-03, -5.664E-02,   0.00    ) |  9.292E-04 1.526E-03
      44 1.0673E-02 9.2927E-04  (-1.953E-03, -5.664E-02,   0.00    ) |  9.293E-04 1.526E-03
      45 1.1602E-02 9.2934E-04  (-1.953E-03, -5.664E-02,   0.00    ) |  9.293E-04 1.526E-03
      46 1.2532E-02 9.2942E-04  (-1.953E-03, -5.664E-02,   0.00    ) |  9.294E-04 1.526E-03
      47 1.3461E-02 9.2951E-04  (-1.953E-03, -5.664E-02,   0.00    ) |  9.295E-04 1.526E-03
      48 1.4391E-02 9.2963E-04  (-1.953E-03, -5.664E-02,   0.00    ) |  9.296E-04 1.526E-03
      49 1.5320E-02 9.2976E-04  (-1.953E-03, -5.664E-02,   0.00    ) |  9.298E-04 1.526E-03
      50 1.6250E-02 9.2990E-04  (-1.953E-03, -5.664E-02,   0.00    ) |  9.299E-04 1.526E-03
      51 1.7180E-02 9.3005E-04  (-1.953E-03, -5.664E-02,   0.00    ) |  9.300E-04 1.526E-03
      52 1.8110E-02 9.3019E-04  (-1.953E-03, -5.664E-02,   0.00    ) |  9.302E-04 1.526E-03
      53 1.9040E-02 9.3032E-04  (-1.953E-03,  5.664E-02,   0.00    ) |  9.303E-04 1.526E-03
      54 1.9970E-02 9.3045E-04  (-1.953E-03, -5.664E-02,   0.00    ) |  9.304E-04 1.526E-03
      55 2.0901E-02 9.3055E-04  (-1.953E-03, -5.664E-02,   0.00    ) |  9.305E-04 1.526E-03
      56 2.1831E-02 9.3063E-04  (-1.953E-03,  5.664E-02,   0.00    ) |  9.306E-04 1.526E-03
      57 2.2762E-02 9.3069E-04  (-1.953E-03, -5.664E-02,   0.00    ) |  9.307E-04 1.526E-03
      58 2.3693E-02 9.3073E-04  (-1.953E-03,  5.664E-02,   0.00    ) |  9.307E-04 1.526E-03
      59 2.4624E-02 9.3075E-04  (-1.953E-03,  5.664E-02,   0.00    ) |  9.307E-04 1.526E-03
 *** Wrote plotfile to flash_run_hdf5_plt_cnt_0001 ****
      60 2.5554E-02 9.3075E-04  (-1.953E-03,  5.664E-02,   0.00    ) |  9.308E-04 1.526E-03
      61 2.6485E-02 9.3074E-04  (-1.953E-03,  5.664E-02,   0.00    ) |  9.307E-04 1.526E-03
      62 2.7416E-02 9.3072E-04  (-1.953E-03,  5.664E-02,   0.00    ) |  9.307E-04 1.526E-03
      63 2.8347E-02 9.3069E-04  (-1.953E-03, -5.664E-02,   0.00    ) |  9.307E-04 1.526E-03
      64 2.9277E-02 9.3065E-04  (-1.953E-03,  5.664E-02,   0.00    ) |  9.307E-04 1.526E-03
      65 3.0208E-02 9.3061E-04  (-1.953E-03,  5.664E-02,   0.00    ) |  9.306E-04 1.526E-03
      66 3.1138E-02 9.3057E-04  (-1.953E-03, -5.664E-02,   0.00    ) |  9.306E-04 1.526E-03
      67 3.2069E-02 9.3053E-04  (-1.953E-03, -5.664E-02,   0.00    ) |  9.305E-04 1.526E-03
      68 3.3000E-02 9.3050E-04  (-1.953E-03,  5.664E-02,   0.00    ) |  9.305E-04 1.526E-03
      69 3.3930E-02 9.3047E-04  (-1.953E-03, -5.664E-02,   0.00    ) |  9.305E-04 1.526E-03
      70 3.4861E-02 9.3045E-04  (-1.953E-03, -5.664E-02,   0.00    ) |  9.304E-04 1.526E-03
      71 3.5791E-02 9.3043E-04  (-1.953E-03, -5.664E-02,   0.00    ) |  9.304E-04 1.526E-03
      72 3.6721E-02 9.3042E-04  (-1.953E-03,  5.664E-02,   0.00    ) |  9.304E-04 1.526E-03
      73 3.7652E-02 9.3041E-04  (-1.953E-03,  5.664E-02,   0.00    ) |  9.304E-04 1.526E-03
      74 3.8582E-02 9.3041E-04  (-1.953E-03,  5.664E-02,   0.00    ) |  9.304E-04 1.526E-03
      75 3.9513E-02 9.3041E-04  (-1.953E-03,  5.664E-02,   0.00    ) |  9.304E-04 1.526E-03
      76 4.0443E-02 9.3042E-04  (-1.953E-03,  5.664E-02,   0.00    ) |  9.304E-04 1.526E-03
      77 4.1373E-02 9.3043E-04  ( 1.953E-03, -5.664E-02,   0.00    ) |  9.304E-04 1.526E-03
      78 4.2304E-02 9.3045E-04  ( 1.953E-03, -5.664E-02,   0.00    ) |  9.304E-04 1.526E-03
      79 4.3234E-02 9.3046E-04  ( 1.953E-03, -5.664E-02,   0.00    ) |  9.305E-04 1.526E-03
      80 4.4165E-02 9.3048E-04  ( 1.953E-03, -5.664E-02,   0.00    ) |  9.305E-04 1.526E-03
      81 4.5095E-02 9.3050E-04  (-1.953E-03, -6.055E-02,   0.00    ) |  9.305E-04 1.526E-03
      82 4.6026E-02 9.3051E-04  (-1.953E-03, -6.055E-02,   0.00    ) |  9.305E-04 1.526E-03
      83 4.6956E-02 9.3053E-04  ( 1.953E-03,  6.055E-02,   0.00    ) |  9.305E-04 1.526E-03
      84 4.7887E-02 9.3054E-04  ( 1.953E-03,  6.055E-02,   0.00    ) |  9.305E-04 1.526E-03
      85 4.8817E-02 9.3056E-04  (-1.953E-03, -6.055E-02,   0.00    ) |  9.306E-04 1.526E-03
      86 4.9748E-02 9.3058E-04  (-1.953E-03, -6.055E-02,   0.00    ) |  9.306E-04 1.526E-03
 *** Wrote plotfile to flash_run_hdf5_plt_cnt_0002 ****
      87 5.0679E-02 9.3060E-04  (-1.953E-03, -6.055E-02,   0.00    ) |  9.306E-04 1.526E-03
      88 5.1609E-02 9.3062E-04  (-1.953E-03, -6.055E-02,   0.00    ) |  9.306E-04 1.526E-03
      89 5.2540E-02 9.3065E-04  ( 1.953E-03,  6.055E-02,   0.00    ) |  9.306E-04 1.526E-03
      90 5.3470E-02 9.3067E-04  (-1.953E-03, -6.055E-02,   0.00    ) |  9.307E-04 1.526E-03
      91 5.4401E-02 9.3069E-04  (-1.953E-03, -6.055E-02,   0.00    ) |  9.307E-04 1.526E-03
      92 5.5332E-02 9.3072E-04  (-1.953E-03, -6.055E-02,   0.00    ) |  9.307E-04 1.526E-03
      93 5.6262E-02 9.3075E-04  (-1.953E-03, -6.055E-02,   0.00    ) |  9.307E-04 1.526E-03
      94 5.7193E-02 9.3078E-04  (-1.953E-03, -6.055E-02,   0.00    ) |  9.308E-04 1.526E-03
      95 5.8124E-02 9.3081E-04  (-1.953E-03, -6.055E-02,   0.00    ) |  9.308E-04 1.526E-03
      96 5.9055E-02 9.3083E-04  (-1.953E-03, -6.055E-02,   0.00    ) |  9.308E-04 1.526E-03
      97 5.9986E-02 9.3086E-04  (-1.953E-03, -6.055E-02,   0.00    ) |  9.309E-04 1.526E-03
      98 6.0916E-02 9.3089E-04  (-1.953E-03, -6.055E-02,   0.00    ) |  9.309E-04 1.526E-03
      99 6.1847E-02 9.3091E-04  (-1.953E-03, -6.055E-02,   0.00    ) |  9.309E-04 1.526E-03
     100 6.2778E-02 9.3094E-04  (-1.953E-03, -6.055E-02,   0.00    ) |  9.309E-04 1.526E-03
     101 6.3709E-02 9.3097E-04  (-1.953E-03, -6.055E-02,   0.00    ) |  9.310E-04 1.526E-03
     102 6.4640E-02 9.3099E-04  (-1.953E-03, -6.055E-02,   0.00    ) |  9.310E-04 1.526E-03
     103 6.5571E-02 9.3102E-04  (-1.953E-03, -6.055E-02,   0.00    ) |  9.310E-04 1.526E-03
     104 6.6502E-02 9.3105E-04  (-1.953E-03, -6.055E-02,   0.00    ) |  9.310E-04 1.526E-03
     105 6.7433E-02 9.3108E-04  (-1.953E-03, -6.055E-02,   0.00    ) |  9.311E-04 1.526E-03
     106 6.8364E-02 9.3110E-04  (-1.953E-03, -6.055E-02,   0.00    ) |  9.311E-04 1.526E-03
     107 6.9295E-02 9.3113E-04  (-1.953E-03, -6.055E-02,   0.00    ) |  9.311E-04 1.526E-03
     108 7.0227E-02 9.3116E-04  (-1.953E-03, -6.055E-02,   0.00    ) |  9.312E-04 1.526E-03
     109 7.1158E-02 9.3119E-04  (-1.953E-03, -6.055E-02,   0.00    ) |  9.312E-04 1.526E-03
     110 7.2089E-02 9.3122E-04  (-1.953E-03, -6.055E-02,   0.00    ) |  9.312E-04 1.526E-03
     111 7.3020E-02 9.3125E-04  (-1.953E-03, -6.055E-02,   0.00    ) |  9.312E-04 1.526E-03
     112 7.3951E-02 9.3128E-04  (-1.953E-03, -6.055E-02,   0.00    ) |  9.313E-04 1.526E-03
     113 7.4883E-02 9.3131E-04  (-1.953E-03, -6.055E-02,   0.00    ) |  9.313E-04 1.526E-03
 *** Wrote plotfile to flash_run_hdf5_plt_cnt_0003 ****
     114 7.5814E-02 9.3133E-04  (-1.953E-03, -6.055E-02,   0.00    ) |  9.313E-04 1.526E-03
     115 7.6745E-02 9.3136E-04  (-1.953E-03, -6.055E-02,   0.00    ) |  9.314E-04 1.526E-03
     116 7.7677E-02 9.3139E-04  (-1.953E-03, -6.055E-02,   0.00    ) |  9.314E-04 1.526E-03
     117 7.8608E-02 9.3142E-04  (-1.953E-03, -6.055E-02,   0.00    ) |  9.314E-04 1.526E-03
     118 7.9539E-02 9.3145E-04  (-1.953E-03, -6.055E-02,   0.00    ) |  9.315E-04 1.526E-03
     119 8.0471E-02 9.3148E-04  (-1.953E-03, -6.055E-02,   0.00    ) |  9.315E-04 1.526E-03
     120 8.1402E-02 9.3151E-04  (-1.953E-03, -6.055E-02,   0.00    ) |  9.315E-04 1.526E-03
     121 8.2334E-02 9.3154E-04  (-1.953E-03,  6.055E-02,   0.00    ) |  9.315E-04 1.526E-03
     122 8.3265E-02 9.3157E-04  (-1.953E-03, -6.055E-02,   0.00    ) |  9.316E-04 1.526E-03
     123 8.4197E-02 9.3160E-04  (-1.953E-03, -6.055E-02,   0.00    ) |  9.316E-04 1.526E-03
     124 8.5129E-02 9.3163E-04  ( 1.953E-03,  6.055E-02,   0.00    ) |  9.316E-04 1.526E-03
     125 8.6060E-02 9.3166E-04  (-1.953E-03, -6.055E-02,   0.00    ) |  9.317E-04 1.526E-03
     126 8.6992E-02 9.3169E-04  (-1.953E-03, -6.055E-02,   0.00    ) |  9.317E-04 1.526E-03
     127 8.7924E-02 9.3172E-04  (-1.953E-03, -6.055E-02,   0.00    ) |  9.317E-04 1.526E-03
     128 8.8855E-02 9.3175E-04  (-1.953E-03, -6.055E-02,   0.00    ) |  9.318E-04 1.526E-03
     129 8.9787E-02 9.3178E-04  (-1.953E-03, -6.055E-02,   0.00    ) |  9.318E-04 1.526E-03
     130 9.0719E-02 9.3181E-04  (-1.953E-03, -6.055E-02,   0.00    ) |  9.318E-04 1.526E-03
     131 9.1651E-02 9.3185E-04  (-1.953E-03, -6.055E-02,   0.00    ) |  9.318E-04 1.526E-03
     132 9.2583E-02 9.3188E-04  ( 1.953E-03,  6.055E-02,   0.00    ) |  9.319E-04 1.526E-03
     133 9.3514E-02 9.3191E-04  ( 1.953E-03,  6.055E-02,   0.00    ) |  9.319E-04 1.526E-03
     134 9.4446E-02 9.3194E-04  ( 1.953E-03,  6.055E-02,   0.00    ) |  9.319E-04 1.526E-03
     135 9.5378E-02 9.3197E-04  ( 1.953E-03,  6.055E-02,   0.00    ) |  9.320E-04 1.526E-03
     136 9.6310E-02 9.3200E-04  ( 1.953E-03,  6.055E-02,   0.00    ) |  9.320E-04 1.526E-03
     137 9.7242E-02 9.3203E-04  ( 1.953E-03,  6.055E-02,   0.00    ) |  9.320E-04 1.526E-03
     138 9.8174E-02 9.3207E-04  ( 1.953E-03,  6.055E-02,   0.00    ) |  9.321E-04 1.526E-03
     139 9.9106E-02 9.3210E-04  ( 1.953E-03,  6.055E-02,   0.00    ) |  9.321E-04 1.526E-03
 *** Wrote plotfile to flash_run_hdf5_plt_cnt_0004 ****
     140 1.0004E-01 9.3213E-04  ( 1.953E-03,  6.055E-02,   0.00    ) |  9.321E-04 1.526E-03
     141 1.0097E-01 9.3216E-04  ( 1.953E-03,  6.055E-02,   0.00    ) |  9.322E-04 1.526E-03
     142 1.0190E-01 9.3220E-04  ( 1.953E-03,  6.055E-02,   0.00    ) |  9.322E-04 1.526E-03
     143 1.0283E-01 9.3223E-04  ( 1.953E-03,  6.055E-02,   0.00    ) |  9.322E-04 1.526E-03
     144 1.0377E-01 9.3216E-04  ( 0.244    ,  1.953E-03,   0.00    ) |  9.322E-04 1.526E-03
     145 1.0470E-01 9.3169E-04  ( 0.244    ,  1.953E-03,   0.00    ) |  9.317E-04 1.526E-03
     146 1.0563E-01 9.3122E-04  ( 0.244    ,  1.953E-03,   0.00    ) |  9.312E-04 1.526E-03
     147 1.0656E-01 9.3075E-04  ( 0.244    ,  1.953E-03,   0.00    ) |  9.308E-04 1.526E-03
     148 1.0749E-01 9.3028E-04  ( 0.244    ,  1.953E-03,   0.00    ) |  9.303E-04 1.526E-03
     149 1.0842E-01 9.2982E-04  ( 0.244    ,  1.953E-03,   0.00    ) |  9.298E-04 1.526E-03
     150 1.0935E-01 9.2935E-04  ( 0.244    ,  1.953E-03,   0.00    ) |  9.294E-04 1.526E-03
     151 1.1028E-01 9.2889E-04  ( 0.244    ,  1.953E-03,   0.00    ) |  9.289E-04 1.526E-03
     152 1.1121E-01 9.2843E-04  ( 0.244    ,  1.953E-03,   0.00    ) |  9.284E-04 1.526E-03
     153 1.1214E-01 9.2797E-04  ( 0.244    ,  1.953E-03,   0.00    ) |  9.280E-04 1.526E-03
     154 1.1307E-01 9.2751E-04  ( 0.244    ,  1.953E-03,   0.00    ) |  9.275E-04 1.526E-03
     155 1.1400E-01 9.2705E-04  ( 0.244    ,  1.953E-03,   0.00    ) |  9.271E-04 1.526E-03
     156 1.1492E-01 9.2660E-04  ( 0.244    ,  1.953E-03,   0.00    ) |  9.266E-04 1.526E-03
     157 1.1585E-01 9.2614E-04  ( 0.244    ,  1.953E-03,   0.00    ) |  9.261E-04 1.526E-03
     158 1.1678E-01 9.2569E-04  ( 0.244    ,  1.953E-03,   0.00    ) |  9.257E-04 1.526E-03
     159 1.1770E-01 9.2524E-04  ( 0.244    ,  1.953E-03,   0.00    ) |  9.252E-04 1.526E-03
     160 1.1863E-01 9.2479E-04  ( 0.244    ,  1.953E-03,   0.00    ) |  9.248E-04 1.526E-03
     161 1.1955E-01 9.2434E-04  ( 0.244    ,  1.953E-03,   0.00    ) |  9.243E-04 1.526E-03
     162 1.2048E-01 9.2390E-04  ( 0.244    ,  1.953E-03,   0.00    ) |  9.239E-04 1.526E-03
     163 1.2140E-01 9.2345E-04  ( 0.244    ,  1.953E-03,   0.00    ) |  9.235E-04 1.526E-03
     164 1.2232E-01 9.2301E-04  ( 0.244    ,  1.953E-03,   0.00    ) |  9.230E-04 1.526E-03
     165 1.2325E-01 9.2257E-04  ( 0.244    ,  1.953E-03,   0.00    ) |  9.226E-04 1.526E-03
     166 1.2417E-01 9.2213E-04  ( 0.244    ,  1.953E-03,   0.00    ) |  9.221E-04 1.526E-03
 *** Wrote plotfile to flash_run_hdf5_plt_cnt_0005 ****
     167 1.2509E-01 9.2170E-04  ( 0.244    ,  1.953E-03,   0.00    ) |  9.217E-04 1.526E-03
     168 1.2601E-01 9.2126E-04  ( 0.244    ,  1.953E-03,   0.00    ) |  9.213E-04 1.526E-03
     169 1.2693E-01 9.2083E-04  ( 0.244    ,  1.953E-03,   0.00    ) |  9.208E-04 1.526E-03
     170 1.2785E-01 9.2039E-04  ( 0.244    ,  1.953E-03,   0.00    ) |  9.204E-04 1.526E-03
     171 1.2877E-01 9.1996E-04  ( 0.244    ,  1.953E-03,   0.00    ) |  9.200E-04 1.526E-03
     172 1.2969E-01 9.1953E-04  ( 0.244    ,  1.953E-03,   0.00    ) |  9.195E-04 1.526E-03
     173 1.3061E-01 9.1911E-04  ( 0.244    ,  1.953E-03,   0.00    ) |  9.191E-04 1.526E-03
     174 1.3153E-01 9.1868E-04  ( 0.244    ,  1.953E-03,   0.00    ) |  9.187E-04 1.526E-03
     175 1.3245E-01 9.1826E-04  ( 0.244    ,  1.953E-03,   0.00    ) |  9.183E-04 1.526E-03
     176 1.3337E-01 9.1784E-04  ( 0.244    ,  1.953E-03,   0.00    ) |  9.178E-04 1.526E-03
     177 1.3429E-01 9.1742E-04  ( 0.244    ,  1.953E-03,   0.00    ) |  9.174E-04 1.526E-03
     178 1.3521E-01 9.1700E-04  ( 0.244    ,  1.953E-03,   0.00    ) |  9.170E-04 1.526E-03
     179 1.3612E-01 9.1658E-04  ( 0.244    ,  1.953E-03,   0.00    ) |  9.166E-04 1.526E-03
     180 1.3704E-01 9.1616E-04  ( 0.244    ,  1.953E-03,   0.00    ) |  9.162E-04 1.526E-03
     181 1.3795E-01 9.1575E-04  ( 0.248    ,  1.953E-03,   0.00    ) |  9.158E-04 1.526E-03
     182 1.3887E-01 9.1534E-04  ( 0.248    ,  1.953E-03,   0.00    ) |  9.153E-04 1.526E-03
     183 1.3979E-01 9.1493E-04  ( 0.248    ,  1.953E-03,   0.00    ) |  9.149E-04 1.526E-03
     184 1.4070E-01 9.1452E-04  ( 0.248    ,  1.953E-03,   0.00    ) |  9.145E-04 1.526E-03
     185 1.4162E-01 9.1411E-04  ( 0.248    ,  1.953E-03,   0.00    ) |  9.141E-04 1.526E-03
     186 1.4253E-01 9.1370E-04  ( 0.248    ,  1.953E-03,   0.00    ) |  9.137E-04 1.526E-03
     187 1.4344E-01 9.1330E-04  ( 0.248    ,  1.953E-03,   0.00    ) |  9.133E-04 1.526E-03
     188 1.4436E-01 9.1289E-04  ( 0.248    ,  1.953E-03,   0.00    ) |  9.129E-04 1.526E-03
     189 1.4527E-01 9.1249E-04  ( 0.248    ,  1.953E-03,   0.00    ) |  9.125E-04 1.526E-03
     190 1.4618E-01 9.1209E-04  ( 0.248    ,  1.953E-03,   0.00    ) |  9.121E-04 1.526E-03
     191 1.4709E-01 9.1170E-04  ( 0.248    ,  1.953E-03,   0.00    ) |  9.117E-04 1.526E-03
     192 1.4801E-01 9.1130E-04  ( 0.248    ,  1.953E-03,   0.00    ) |  9.113E-04 1.526E-03
     193 1.4892E-01 9.1090E-04  ( 0.248    ,  1.953E-03,   0.00    ) |  9.109E-04 1.526E-03
     194 1.4983E-01 9.1051E-04  ( 0.248    ,  1.953E-03,   0.00    ) |  9.105E-04 1.526E-03
 *** Wrote plotfile to flash_run_hdf5_plt_cnt_0006 ****
     195 1.5074E-01 9.1012E-04  ( 0.248    ,  1.953E-03,   0.00    ) |  9.101E-04 1.526E-03
     196 1.5165E-01 9.0973E-04  ( 0.248    ,  1.953E-03,   0.00    ) |  9.097E-04 1.526E-03
     197 1.5256E-01 9.0934E-04  ( 0.248    ,  1.953E-03,   0.00    ) |  9.093E-04 1.526E-03
     198 1.5347E-01 9.0895E-04  ( 0.248    ,  1.953E-03,   0.00    ) |  9.090E-04 1.526E-03
     199 1.5438E-01 9.0857E-04  ( 0.248    ,  1.953E-03,   0.00    ) |  9.086E-04 1.526E-03
     200 1.5529E-01 9.0818E-04  ( 0.248    ,  1.953E-03,   0.00    ) |  9.082E-04 1.526E-03
     201 1.5619E-01 9.0780E-04  (-0.248    ,  1.953E-03,   0.00    ) |  9.078E-04 1.526E-03
     202 1.5710E-01 9.0742E-04  (-0.248    ,  1.953E-03,   0.00    ) |  9.074E-04 1.526E-03
     203 1.5801E-01 9.0704E-04  (-0.248    ,  1.953E-03,   0.00    ) |  9.070E-04 1.526E-03
     204 1.5892E-01 9.0666E-04  (-0.248    ,  1.953E-03,   0.00    ) |  9.067E-04 1.526E-03
     205 1.5982E-01 9.0628E-04  (-0.248    ,  1.953E-03,   0.00    ) |  9.063E-04 1.526E-03
     206 1.6073E-01 9.0590E-04  (-0.248    ,  1.953E-03,   0.00    ) |  9.059E-04 1.526E-03
     207 1.6163E-01 9.0553E-04  (-0.248    ,  1.953E-03,   0.00    ) |  9.055E-04 1.526E-03
     208 1.6254E-01 9.0516E-04  (-0.248    ,  1.953E-03,   0.00    ) |  9.052E-04 1.526E-03
     209 1.6345E-01 9.0479E-04  (-0.248    ,  1.953E-03,   0.00    ) |  9.048E-04 1.526E-03
     210 1.6435E-01 9.0442E-04  (-0.248    ,  1.953E-03,   0.00    ) |  9.044E-04 1.526E-03
     211 1.6525E-01 9.0405E-04  (-0.248    ,  1.953E-03,   0.00    ) |  9.040E-04 1.526E-03
     212 1.6616E-01 9.0368E-04  (-0.248    ,  1.953E-03,   0.00    ) |  9.037E-04 1.526E-03
     213 1.6706E-01 9.0331E-04  (-0.248    ,  1.953E-03,   0.00    ) |  9.033E-04 1.526E-03
     214 1.6797E-01 9.0295E-04  (-0.248    ,  1.953E-03,   0.00    ) |  9.029E-04 1.526E-03
     215 1.6887E-01 9.0258E-04  (-0.248    ,  1.953E-03,   0.00    ) |  9.026E-04 1.526E-03
     216 1.6977E-01 9.0222E-04  ( 0.248    , -1.953E-03,   0.00    ) |  9.022E-04 1.526E-03
     217 1.7067E-01 9.0186E-04  (-0.248    ,  1.953E-03,   0.00    ) |  9.019E-04 1.526E-03
     218 1.7157E-01 9.0150E-04  ( 0.248    , -1.953E-03,   0.00    ) |  9.015E-04 1.526E-03
     219 1.7248E-01 9.0114E-04  (-0.248    ,  1.953E-03,   0.00    ) |  9.011E-04 1.526E-03
     220 1.7338E-01 9.0078E-04  ( 0.248    , -1.953E-03,   0.00    ) |  9.008E-04 1.526E-03
     221 1.7428E-01 9.0042E-04  (-0.248    ,  1.953E-03,   0.00    ) |  9.004E-04 1.526E-03
 *** Wrote plotfile to flash_run_hdf5_plt_cnt_0007 ****
     222 1.7518E-01 9.0007E-04  (-0.248    ,  1.953E-03,   0.00    ) |  9.001E-04 1.526E-03
     223 1.7608E-01 8.9971E-04  (-0.248    ,  1.953E-03,   0.00    ) |  8.997E-04 1.526E-03
     224 1.7698E-01 8.9936E-04  (-0.248    ,  1.953E-03,   0.00    ) |  8.994E-04 1.526E-03
     225 1.7788E-01 8.9901E-04  (-0.248    ,  1.953E-03,   0.00    ) |  8.990E-04 1.526E-03
     226 1.7878E-01 8.9866E-04  (-0.248    ,  1.953E-03,   0.00    ) |  8.987E-04 1.526E-03
     227 1.7968E-01 8.9831E-04  (-0.248    ,  1.953E-03,   0.00    ) |  8.983E-04 1.526E-03
     228 1.8057E-01 8.9796E-04  (-0.248    ,  1.953E-03,   0.00    ) |  8.980E-04 1.526E-03
     229 1.8147E-01 8.9761E-04  (-0.248    ,  1.953E-03,   0.00    ) |  8.976E-04 1.526E-03
     230 1.8237E-01 8.9726E-04  (-0.248    ,  1.953E-03,   0.00    ) |  8.973E-04 1.526E-03
     231 1.8327E-01 8.9691E-04  (-0.248    ,  1.953E-03,   0.00    ) |  8.969E-04 1.526E-03
     232 1.8416E-01 8.9657E-04  (-0.248    ,  1.953E-03,   0.00    ) |  8.966E-04 1.526E-03
     233 1.8506E-01 8.9622E-04  (-0.248    ,  1.953E-03,   0.00    ) |  8.962E-04 1.526E-03
     234 1.8596E-01 8.9588E-04  (-0.248    ,  1.953E-03,   0.00    ) |  8.959E-04 1.526E-03
     235 1.8685E-01 8.9554E-04  (-0.248    ,  1.953E-03,   0.00    ) |  8.955E-04 1.526E-03
     236 1.8775E-01 8.9520E-04  (-0.248    ,  1.953E-03,   0.00    ) |  8.952E-04 1.526E-03
     237 1.8864E-01 8.9486E-04  (-0.248    ,  1.953E-03,   0.00    ) |  8.949E-04 1.526E-03
     238 1.8954E-01 8.9452E-04  (-0.248    ,  1.953E-03,   0.00    ) |  8.945E-04 1.526E-03
     239 1.9043E-01 8.9418E-04  (-0.248    , -1.953E-03,   0.00    ) |  8.942E-04 1.526E-03
     240 1.9133E-01 8.9384E-04  (-0.248    , -1.953E-03,   0.00    ) |  8.938E-04 1.526E-03
     241 1.9222E-01 8.9350E-04  (-0.248    , -1.953E-03,   0.00    ) |  8.935E-04 1.526E-03
     242 1.9311E-01 8.9316E-04  (-0.248    , -1.953E-03,   0.00    ) |  8.932E-04 1.526E-03
     243 1.9401E-01 8.9283E-04  (-0.248    , -1.953E-03,   0.00    ) |  8.928E-04 1.526E-03
     244 1.9490E-01 8.9249E-04  (-0.248    , -1.953E-03,   0.00    ) |  8.925E-04 1.526E-03
     245 1.9579E-01 8.9216E-04  (-0.248    , -1.953E-03,   0.00    ) |  8.922E-04 1.526E-03
     246 1.9668E-01 8.9182E-04  (-0.248    , -1.953E-03,   0.00    ) |  8.918E-04 1.526E-03
     247 1.9758E-01 8.9149E-04  (-0.248    ,  1.953E-03,   0.00    ) |  8.915E-04 1.526E-03
     248 1.9847E-01 8.9116E-04  (-0.248    , -1.953E-03,   0.00    ) |  8.912E-04 1.526E-03
     249 1.9936E-01 8.9083E-04  (-0.248    , -1.953E-03,   0.00    ) |  8.908E-04 1.526E-03
 *** Wrote plotfile to flash_run_hdf5_plt_cnt_0008 ****
     250 2.0025E-01 8.9050E-04  (-0.248    , -1.953E-03,   0.00    ) |  8.905E-04 1.526E-03
     251 2.0114E-01 8.9017E-04  (-0.248    , -1.953E-03,   0.00    ) |  8.902E-04 1.526E-03
     252 2.0203E-01 8.8984E-04  (-0.248    , -1.953E-03,   0.00    ) |  8.898E-04 1.526E-03
     253 2.0292E-01 8.8951E-04  (-0.248    , -1.953E-03,   0.00    ) |  8.895E-04 1.526E-03
     254 2.0381E-01 8.8918E-04  (-0.248    , -1.953E-03,   0.00    ) |  8.892E-04 1.526E-03
     255 2.0470E-01 8.8885E-04  (-0.248    , -1.953E-03,   0.00    ) |  8.889E-04 1.526E-03
     256 2.0559E-01 8.8852E-04  (-0.248    , -1.953E-03,   0.00    ) |  8.885E-04 1.526E-03
     257 2.0648E-01 8.8820E-04  (-0.248    , -1.953E-03,   0.00    ) |  8.882E-04 1.526E-03
     258 2.0736E-01 8.8787E-04  (-0.248    ,  1.953E-03,   0.00    ) |  8.879E-04 1.526E-03
     259 2.0825E-01 8.8754E-04  (-0.248    , -1.953E-03,   0.00    ) |  8.875E-04 1.526E-03
     260 2.0914E-01 8.8722E-04  (-0.248    , -1.953E-03,   0.00    ) |  8.872E-04 1.526E-03
     261 2.1003E-01 8.8690E-04  (-0.248    , -1.953E-03,   0.00    ) |  8.869E-04 1.526E-03
     262 2.1091E-01 8.8657E-04  (-0.248    , -1.953E-03,   0.00    ) |  8.866E-04 1.526E-03
     263 2.1180E-01 8.8625E-04  ( 0.248    ,  1.953E-03,   0.00    ) |  8.862E-04 1.526E-03
     264 2.1269E-01 8.8592E-04  (-0.248    , -1.953E-03,   0.00    ) |  8.859E-04 1.526E-03
     265 2.1357E-01 8.8560E-04  (-0.248    , -1.953E-03,   0.00    ) |  8.856E-04 1.526E-03
     266 2.1446E-01 8.8528E-04  ( 0.248    ,  1.953E-03,   0.00    ) |  8.853E-04 1.526E-03
     267 2.1534E-01 8.8496E-04  ( 0.248    ,  1.953E-03,   0.00    ) |  8.850E-04 1.526E-03
     268 2.1623E-01 8.8464E-04  ( 0.248    ,  1.953E-03,   0.00    ) |  8.846E-04 1.526E-03
     269 2.1711E-01 8.8432E-04  (-0.248    ,  1.953E-03,   0.00    ) |  8.843E-04 1.526E-03
     270 2.1800E-01 8.8400E-04  (-0.248    ,  1.953E-03,   0.00    ) |  8.840E-04 1.526E-03
     271 2.1888E-01 8.8368E-04  (-0.248    ,  1.953E-03,   0.00    ) |  8.837E-04 1.526E-03
     272 2.1977E-01 8.8336E-04  (-0.248    ,  1.953E-03,   0.00    ) |  8.834E-04 1.526E-03
     273 2.2065E-01 8.8304E-04  (-0.248    ,  1.953E-03,   0.00    ) |  8.830E-04 1.526E-03
     274 2.2153E-01 8.8272E-04  ( 0.248    ,  1.953E-03,   0.00    ) |  8.827E-04 1.526E-03
     275 2.2241E-01 8.8241E-04  ( 0.248    ,  1.953E-03,   0.00    ) |  8.824E-04 1.526E-03
     276 2.2330E-01 8.8209E-04  ( 0.248    ,  1.953E-03,   0.00    ) |  8.821E-04 1.526E-03
     277 2.2418E-01 8.8177E-04  ( 0.248    ,  1.953E-03,   0.00    ) |  8.818E-04 1.526E-03
 *** Wrote plotfile to flash_run_hdf5_plt_cnt_0009 ****
     278 2.2506E-01 8.8146E-04  ( 0.248    ,  1.953E-03,   0.00    ) |  8.815E-04 1.526E-03
     279 2.2594E-01 8.8114E-04  ( 0.248    ,  1.953E-03,   0.00    ) |  8.811E-04 1.526E-03
     280 2.2682E-01 8.8083E-04  ( 0.248    ,  1.953E-03,   0.00    ) |  8.808E-04 1.526E-03
     281 2.2770E-01 8.8051E-04  ( 0.248    ,  1.953E-03,   0.00    ) |  8.805E-04 1.526E-03
     282 2.2858E-01 8.8020E-04  ( 0.248    ,  1.953E-03,   0.00    ) |  8.802E-04 1.526E-03
     283 2.2946E-01 8.7989E-04  ( 0.248    ,  1.953E-03,   0.00    ) |  8.799E-04 1.526E-03
     284 2.3034E-01 8.7957E-04  ( 0.248    ,  1.953E-03,   0.00    ) |  8.796E-04 1.526E-03
     285 2.3122E-01 8.7926E-04  ( 0.248    ,  1.953E-03,   0.00    ) |  8.793E-04 1.526E-03
     286 2.3210E-01 8.7895E-04  ( 0.248    ,  1.953E-03,   0.00    ) |  8.790E-04 1.526E-03
     287 2.3298E-01 8.7864E-04  ( 0.248    ,  1.953E-03,   0.00    ) |  8.786E-04 1.526E-03
     288 2.3386E-01 8.7833E-04  ( 0.248    ,  1.953E-03,   0.00    ) |  8.783E-04 1.526E-03
     289 2.3474E-01 8.7802E-04  ( 0.248    ,  1.953E-03,   0.00    ) |  8.780E-04 1.526E-03
     290 2.3562E-01 8.7771E-04  ( 0.248    ,  1.953E-03,   0.00    ) |  8.777E-04 1.526E-03
     291 2.3650E-01 8.7740E-04  ( 0.248    ,  1.953E-03,   0.00    ) |  8.774E-04 1.526E-03
     292 2.3737E-01 8.7709E-04  ( 0.248    ,  1.953E-03,   0.00    ) |  8.771E-04 1.526E-03
     293 2.3825E-01 8.7678E-04  ( 0.248    ,  1.953E-03,   0.00    ) |  8.768E-04 1.526E-03
     294 2.3913E-01 8.7647E-04  ( 0.248    ,  1.953E-03,   0.00    ) |  8.765E-04 1.526E-03
     295 2.4000E-01 8.7617E-04  ( 0.248    ,  1.953E-03,   0.00    ) |  8.762E-04 1.526E-03
     296 2.4088E-01 8.7586E-04  ( 0.248    ,  1.953E-03,   0.00    ) |  8.759E-04 1.526E-03
     297 2.4176E-01 8.7555E-04  ( 0.248    ,  1.953E-03,   0.00    ) |  8.756E-04 1.526E-03
     298 2.4263E-01 8.7525E-04  ( 0.248    ,  1.953E-03,   0.00    ) |  8.752E-04 1.526E-03
     299 2.4351E-01 8.7494E-04  ( 0.248    ,  1.953E-03,   0.00    ) |  8.749E-04 1.526E-03
     300 2.4438E-01 8.7464E-04  ( 0.248    ,  1.953E-03,   0.00    ) |  8.746E-04 1.526E-03
     301 2.4526E-01 8.7433E-04  ( 0.248    ,  1.953E-03,   0.00    ) |  8.743E-04 1.526E-03
     302 2.4613E-01 8.7403E-04  ( 0.248    ,  1.953E-03,   0.00    ) |  8.740E-04 1.526E-03
     303 2.4700E-01 8.7373E-04  ( 0.248    ,  1.953E-03,   0.00    ) |  8.737E-04 1.526E-03
     304 2.4788E-01 8.7342E-04  ( 0.248    ,  1.953E-03,   0.00    ) |  8.734E-04 1.526E-03
     305 2.4875E-01 8.7312E-04  ( 0.248    ,  1.953E-03,   0.00    ) |  8.731E-04 1.526E-03
     306 2.4962E-01 8.7282E-04  ( 0.248    ,  1.953E-03,   0.00    ) |  8.728E-04 1.526E-03
 *** Wrote plotfile to flash_run_hdf5_plt_cnt_0010 ****
     307 2.5050E-01 8.7252E-04  ( 0.248    ,  1.953E-03,   0.00    ) |  8.725E-04 1.526E-03
     308 2.5137E-01 8.7222E-04  (-0.248    , -1.953E-03,   0.00    ) |  8.722E-04 1.526E-03
     309 2.5224E-01 8.7192E-04  (-0.248    , -1.953E-03,   0.00    ) |  8.719E-04 1.526E-03
     310 2.5311E-01 8.7162E-04  (-0.248    , -1.953E-03,   0.00    ) |  8.716E-04 1.526E-03
     311 2.5399E-01 8.7132E-04  (-0.248    , -1.953E-03,   0.00    ) |  8.713E-04 1.526E-03
     312 2.5486E-01 8.7102E-04  ( 0.248    , -1.953E-03,   0.00    ) |  8.710E-04 1.526E-03
     313 2.5573E-01 8.7072E-04  (-0.248    , -1.953E-03,   0.00    ) |  8.707E-04 1.526E-03
     314 2.5660E-01 8.7042E-04  (-0.248    , -1.953E-03,   0.00    ) |  8.704E-04 1.526E-03
     315 2.5747E-01 8.7012E-04  (-0.248    , -1.953E-03,   0.00    ) |  8.701E-04 1.526E-03
     316 2.5834E-01 8.6982E-04  (-0.248    , -1.953E-03,   0.00    ) |  8.698E-04 1.526E-03
     317 2.5921E-01 8.6953E-04  (-0.248    , -1.953E-03,   0.00    ) |  8.695E-04 1.526E-03
     318 2.6008E-01 8.6923E-04  (-0.248    , -1.953E-03,   0.00    ) |  8.692E-04 1.526E-03
     319 2.6095E-01 8.6893E-04  (-0.248    , -1.953E-03,   0.00    ) |  8.689E-04 1.526E-03
     320 2.6182E-01 8.6864E-04  (-0.248    , -1.953E-03,   0.00    ) |  8.686E-04 1.526E-03
     321 2.6268E-01 8.6834E-04  (-0.248    , -1.953E-03,   0.00    ) |  8.683E-04 1.526E-03
     322 2.6355E-01 8.6804E-04  (-0.248    , -1.953E-03,   0.00    ) |  8.680E-04 1.526E-03
     323 2.6442E-01 8.6775E-04  (-0.248    , -1.953E-03,   0.00    ) |  8.677E-04 1.526E-03
     324 2.6529E-01 8.6745E-04  (-0.248    , -1.953E-03,   0.00    ) |  8.675E-04 1.526E-03
     325 2.6616E-01 8.6716E-04  ( 0.248    , -1.953E-03,   0.00    ) |  8.672E-04 1.526E-03
     326 2.6702E-01 8.6686E-04  (-0.248    , -1.953E-03,   0.00    ) |  8.669E-04 1.526E-03
     327 2.6789E-01 8.6657E-04  (-0.248    , -1.953E-03,   0.00    ) |  8.666E-04 1.526E-03
     328 2.6876E-01 8.6627E-04  (-0.248    , -1.953E-03,   0.00    ) |  8.663E-04 1.526E-03
     329 2.6962E-01 8.6598E-04  ( 0.248    , -1.953E-03,   0.00    ) |  8.660E-04 1.526E-03
     330 2.7049E-01 8.6568E-04  (-0.248    , -1.953E-03,   0.00    ) |  8.657E-04 1.526E-03
     331 2.7135E-01 8.6539E-04  ( 0.248    , -1.953E-03,   0.00    ) |  8.654E-04 1.526E-03
     332 2.7222E-01 8.6509E-04  ( 0.248    , -1.953E-03,   0.00    ) |  8.651E-04 1.526E-03
     333 2.7309E-01 8.6480E-04  ( 0.248    , -1.953E-03,   0.00    ) |  8.648E-04 1.526E-03
     334 2.7395E-01 8.6450E-04  ( 0.248    , -1.953E-03,   0.00    ) |  8.645E-04 1.526E-03
     335 2.7481E-01 8.6421E-04  (-0.248    ,  1.953E-03,   0.00    ) |  8.642E-04 1.526E-03
 *** Wrote plotfile to flash_run_hdf5_plt_cnt_0011 ****
     336 2.7568E-01 8.6391E-04  (-0.248    ,  1.953E-03,   0.00    ) |  8.639E-04 1.526E-03
     337 2.7654E-01 8.6362E-04  ( 0.248    , -1.953E-03,   0.00    ) |  8.636E-04 1.526E-03
     338 2.7741E-01 8.6332E-04  ( 0.248    , -1.953E-03,   0.00    ) |  8.633E-04 1.526E-03
     339 2.7827E-01 8.6303E-04  ( 0.248    , -1.953E-03,   0.00    ) |  8.630E-04 1.526E-03
     340 2.7913E-01 8.6273E-04  ( 0.248    , -1.953E-03,   0.00    ) |  8.627E-04 1.526E-03
     341 2.8000E-01 8.6244E-04  ( 0.248    , -1.953E-03,   0.00    ) |  8.624E-04 1.526E-03
     342 2.8086E-01 8.6214E-04  ( 0.248    , -1.953E-03,   0.00    ) |  8.621E-04 1.526E-03
     343 2.8172E-01 8.6185E-04  ( 0.248    , -1.953E-03,   0.00    ) |  8.618E-04 1.526E-03
     344 2.8258E-01 8.6155E-04  ( 0.248    , -1.953E-03,   0.00    ) |  8.616E-04 1.526E-03
     345 2.8344E-01 8.6126E-04  ( 0.248    , -1.953E-03,   0.00    ) |  8.613E-04 1.526E-03
     346 2.8430E-01 8.6097E-04  ( 0.248    , -1.953E-03,   0.00    ) |  8.610E-04 1.526E-03
     347 2.8517E-01 8.6068E-04  ( 0.248    , -1.953E-03,   0.00    ) |  8.607E-04 1.526E-03
     348 2.8603E-01 8.6038E-04  ( 0.248    , -1.953E-03,   0.00    ) |  8.604E-04 1.526E-03
     349 2.8689E-01 8.6009E-04  ( 0.248    , -1.953E-03,   0.00    ) |  8.601E-04 1.526E-03
     350 2.8775E-01 8.5980E-04  ( 0.248    , -1.953E-03,   0.00    ) |  8.598E-04 1.526E-03
     351 2.8861E-01 8.5952E-04  ( 0.248    , -1.953E-03,   0.00    ) |  8.595E-04 1.526E-03
     352 2.8947E-01 8.5923E-04  ( 0.248    , -1.953E-03,   0.00    ) |  8.592E-04 1.526E-03
     353 2.9033E-01 8.5895E-04  ( 0.248    , -1.953E-03,   0.00    ) |  8.590E-04 1.526E-03
     354 2.9118E-01 8.5868E-04  ( 0.248    , -1.953E-03,   0.00    ) |  8.587E-04 1.526E-03
     355 2.9204E-01 8.5840E-04  ( 0.248    , -1.953E-03,   0.00    ) |  8.584E-04 1.526E-03
     356 2.9290E-01 8.5814E-04  ( 0.248    , -1.953E-03,   0.00    ) |  8.581E-04 1.526E-03
     357 2.9376E-01 8.5787E-04  ( 0.248    , -1.953E-03,   0.00    ) |  8.579E-04 1.526E-03
     358 2.9462E-01 8.5761E-04  ( 0.248    , -1.953E-03,   0.00    ) |  8.576E-04 1.526E-03
     359 2.9548E-01 8.5736E-04  ( 0.248    , -1.953E-03,   0.00    ) |  8.574E-04 1.526E-03
     360 2.9633E-01 8.5711E-04  ( 0.248    , -1.953E-03,   0.00    ) |  8.571E-04 1.526E-03
     361 2.9719E-01 8.5686E-04  ( 0.248    , -1.953E-03,   0.00    ) |  8.569E-04 1.526E-03
     362 2.9805E-01 8.5662E-04  ( 0.248    , -1.953E-03,   0.00    ) |  8.566E-04 1.526E-03
     363 2.9890E-01 8.5638E-04  ( 0.248    , -1.953E-03,   0.00    ) |  8.564E-04 1.526E-03
     364 2.9976E-01 8.5614E-04  ( 0.252    , -1.953E-03,   0.00    ) |  8.561E-04 1.526E-03
 *** Wrote plotfile to flash_run_hdf5_plt_cnt_0012 ****
     365 3.0062E-01 8.5590E-04  ( 0.252    , -1.953E-03,   0.00    ) |  8.559E-04 1.526E-03
     366 3.0147E-01 8.5566E-04  ( 0.252    , -1.953E-03,   0.00    ) |  8.557E-04 1.526E-03
     367 3.0233E-01 8.5542E-04  ( 0.248    ,  1.953E-03,   0.00    ) |  8.554E-04 1.526E-03
     368 3.0318E-01 8.5517E-04  ( 0.252    , -1.953E-03,   0.00    ) |  8.552E-04 1.526E-03
     369 3.0404E-01 8.5492E-04  ( 0.248    ,  1.953E-03,   0.00    ) |  8.549E-04 1.526E-03
     370 3.0489E-01 8.5466E-04  ( 0.248    ,  1.953E-03,   0.00    ) |  8.547E-04 1.526E-03
     371 3.0575E-01 8.5439E-04  ( 0.248    ,  1.953E-03,   0.00    ) |  8.544E-04 1.526E-03
     372 3.0660E-01 8.5412E-04  ( 0.248    ,  1.953E-03,   0.00    ) |  8.541E-04 1.526E-03
     373 3.0746E-01 8.5383E-04  ( 0.248    ,  1.953E-03,   0.00    ) |  8.538E-04 1.526E-03
     374 3.0831E-01 8.5353E-04  ( 0.248    ,  1.953E-03,   0.00    ) |  8.535E-04 1.526E-03
     375 3.0916E-01 8.5323E-04  ( 0.248    ,  1.953E-03,   0.00    ) |  8.532E-04 1.526E-03
     376 3.1002E-01 8.5292E-04  ( 0.248    ,  1.953E-03,   0.00    ) |  8.529E-04 1.526E-03
     377 3.1087E-01 8.5260E-04  ( 0.248    ,  1.953E-03,   0.00    ) |  8.526E-04 1.526E-03
     378 3.1172E-01 8.5228E-04  ( 0.248    ,  1.953E-03,   0.00    ) |  8.523E-04 1.526E-03
     379 3.1257E-01 8.5196E-04  ( 0.248    ,  1.953E-03,   0.00    ) |  8.520E-04 1.526E-03
     380 3.1343E-01 8.5165E-04  ( 0.248    ,  1.953E-03,   0.00    ) |  8.516E-04 1.526E-03
     381 3.1428E-01 8.5134E-04  ( 0.248    ,  1.953E-03,   0.00    ) |  8.513E-04 1.526E-03
     382 3.1513E-01 8.5103E-04  ( 0.248    ,  1.953E-03,   0.00    ) |  8.510E-04 1.526E-03
     383 3.1598E-01 8.5073E-04  ( 0.248    ,  1.953E-03,   0.00    ) |  8.507E-04 1.526E-03
     384 3.1683E-01 8.5044E-04  ( 0.248    ,  1.953E-03,   0.00    ) |  8.504E-04 1.526E-03
     385 3.1768E-01 8.5015E-04  ( 0.248    ,  1.953E-03,   0.00    ) |  8.502E-04 1.526E-03
     386 3.1853E-01 8.4987E-04  ( 0.248    ,  1.953E-03,   0.00    ) |  8.499E-04 1.526E-03
     387 3.1938E-01 8.4960E-04  ( 0.248    ,  1.953E-03,   0.00    ) |  8.496E-04 1.526E-03
     388 3.2023E-01 8.4934E-04  ( 0.248    ,  1.953E-03,   0.00    ) |  8.493E-04 1.526E-03
     389 3.2108E-01 8.4909E-04  ( 0.248    ,  1.953E-03,   0.00    ) |  8.491E-04 1.526E-03
     390 3.2193E-01 8.4885E-04  ( 0.248    ,  1.953E-03,   0.00    ) |  8.488E-04 1.526E-03
     391 3.2278E-01 8.4861E-04  ( 0.248    ,  1.953E-03,   0.00    ) |  8.486E-04 1.526E-03
     392 3.2363E-01 8.4839E-04  ( 0.248    ,  1.953E-03,   0.00    ) |  8.484E-04 1.526E-03
     393 3.2448E-01 8.4816E-04  ( 0.252    ,  1.953E-03,   0.00    ) |  8.482E-04 1.526E-03
 *** Wrote plotfile to flash_run_hdf5_plt_cnt_0013 ****
     394 3.2532E-01 8.4793E-04  ( 0.252    ,  1.953E-03,   0.00    ) |  8.479E-04 1.526E-03
     395 3.2617E-01 8.4770E-04  ( 0.252    ,  1.953E-03,   0.00    ) |  8.477E-04 1.526E-03
     396 3.2702E-01 8.4748E-04  ( 0.252    ,  1.953E-03,   0.00    ) |  8.475E-04 1.526E-03
     397 3.2787E-01 8.4725E-04  ( 0.252    ,  1.953E-03,   0.00    ) |  8.473E-04 1.526E-03
     398 3.2871E-01 8.4702E-04  ( 0.252    ,  1.953E-03,   0.00    ) |  8.470E-04 1.526E-03
     399 3.2956E-01 8.4679E-04  ( 0.252    ,  1.953E-03,   0.00    ) |  8.468E-04 1.526E-03
     400 3.3041E-01 8.4656E-04  (-0.252    ,  1.953E-03,   0.00    ) |  8.466E-04 1.526E-03
     401 3.3125E-01 8.4632E-04  (-0.252    ,  1.953E-03,   0.00    ) |  8.463E-04 1.526E-03
     402 3.3210E-01 8.4609E-04  (-0.252    ,  1.953E-03,   0.00    ) |  8.461E-04 1.526E-03
     403 3.3295E-01 8.4585E-04  ( 0.252    ,  1.953E-03,   0.00    ) |  8.458E-04 1.526E-03
     404 3.3379E-01 8.4561E-04  (-0.252    ,  1.953E-03,   0.00    ) |  8.456E-04 1.526E-03
     405 3.3464E-01 8.4537E-04  (-0.252    ,  1.953E-03,   0.00    ) |  8.454E-04 1.526E-03
     406 3.3548E-01 8.4512E-04  (-0.252    ,  1.953E-03,   0.00    ) |  8.451E-04 1.526E-03
     407 3.3633E-01 8.4488E-04  (-0.252    ,  1.953E-03,   0.00    ) |  8.449E-04 1.526E-03
     408 3.3717E-01 8.4463E-04  (-0.252    ,  1.953E-03,   0.00    ) |  8.446E-04 1.526E-03
     409 3.3802E-01 8.4438E-04  (-0.252    ,  1.953E-03,   0.00    ) |  8.444E-04 1.526E-03
     410 3.3886E-01 8.4413E-04  (-0.252    ,  1.953E-03,   0.00    ) |  8.441E-04 1.526E-03
     411 3.3971E-01 8.4388E-04  (-0.252    ,  1.953E-03,   0.00    ) |  8.439E-04 1.526E-03
     412 3.4055E-01 8.4363E-04  (-0.252    ,  1.953E-03,   0.00    ) |  8.436E-04 1.526E-03
     413 3.4139E-01 8.4338E-04  (-0.252    ,  1.953E-03,   0.00    ) |  8.434E-04 1.526E-03
     414 3.4224E-01 8.4313E-04  (-0.252    ,  1.953E-03,   0.00    ) |  8.431E-04 1.526E-03
     415 3.4308E-01 8.4288E-04  (-0.252    ,  1.953E-03,   0.00    ) |  8.429E-04 1.526E-03
     416 3.4392E-01 8.4262E-04  (-0.252    ,  1.953E-03,   0.00    ) |  8.426E-04 1.526E-03
     417 3.4477E-01 8.4237E-04  (-0.252    ,  1.953E-03,   0.00    ) |  8.424E-04 1.526E-03
     418 3.4561E-01 8.4212E-04  (-0.252    ,  1.953E-03,   0.00    ) |  8.421E-04 1.526E-03
     419 3.4645E-01 8.4187E-04  (-0.252    ,  1.953E-03,   0.00    ) |  8.419E-04 1.526E-03
     420 3.4729E-01 8.4161E-04  (-0.252    ,  1.953E-03,   0.00    ) |  8.416E-04 1.526E-03
     421 3.4813E-01 8.4136E-04  (-0.252    ,  1.953E-03,   0.00    ) |  8.414E-04 1.526E-03
     422 3.4898E-01 8.4111E-04  (-0.252    ,  1.953E-03,   0.00    ) |  8.411E-04 1.526E-03
     423 3.4982E-01 8.4086E-04  ( 0.252    ,  1.953E-03,   0.00    ) |  8.409E-04 1.526E-03
 *** Wrote plotfile to flash_run_hdf5_plt_cnt_0014 ****
     424 3.5066E-01 8.4060E-04  ( 0.252    ,  1.953E-03,   0.00    ) |  8.406E-04 1.526E-03
     425 3.5150E-01 8.4035E-04  ( 0.252    ,  1.953E-03,   0.00    ) |  8.404E-04 1.526E-03
     426 3.5234E-01 8.4010E-04  ( 0.252    ,  1.953E-03,   0.00    ) |  8.401E-04 1.526E-03
     427 3.5318E-01 8.3985E-04  ( 0.252    ,  1.953E-03,   0.00    ) |  8.398E-04 1.526E-03
     428 3.5402E-01 8.3959E-04  ( 0.252    ,  1.953E-03,   0.00    ) |  8.396E-04 1.526E-03
     429 3.5486E-01 8.3934E-04  ( 0.252    ,  1.953E-03,   0.00    ) |  8.393E-04 1.526E-03
     430 3.5570E-01 8.3909E-04  ( 0.252    ,  1.953E-03,   0.00    ) |  8.391E-04 1.526E-03
     431 3.5654E-01 8.3884E-04  (-0.252    ,  1.953E-03,   0.00    ) |  8.388E-04 1.526E-03
     432 3.5738E-01 8.3859E-04  ( 0.252    ,  1.953E-03,   0.00    ) |  8.386E-04 1.526E-03
     433 3.5821E-01 8.3834E-04  ( 0.252    ,  1.953E-03,   0.00    ) |  8.383E-04 1.526E-03
     434 3.5905E-01 8.3808E-04  ( 0.252    ,  1.953E-03,   0.00    ) |  8.381E-04 1.526E-03
     435 3.5989E-01 8.3783E-04  (-0.252    ,  1.953E-03,   0.00    ) |  8.378E-04 1.526E-03
     436 3.6073E-01 8.3758E-04  (-0.252    ,  1.953E-03,   0.00    ) |  8.376E-04 1.526E-03
     437 3.6157E-01 8.3733E-04  (-0.252    ,  1.953E-03,   0.00    ) |  8.373E-04 1.526E-03
     438 3.6240E-01 8.3708E-04  (-0.252    ,  1.953E-03,   0.00    ) |  8.371E-04 1.526E-03
     439 3.6324E-01 8.3682E-04  (-0.252    ,  1.953E-03,   0.00    ) |  8.368E-04 1.526E-03
     440 3.6408E-01 8.3657E-04  (-0.252    ,  1.953E-03,   0.00    ) |  8.366E-04 1.526E-03
     441 3.6491E-01 8.3632E-04  (-0.252    ,  1.953E-03,   0.00    ) |  8.363E-04 1.526E-03
     442 3.6575E-01 8.3607E-04  (-0.252    , -1.953E-03,   0.00    ) |  8.361E-04 1.526E-03
     443 3.6659E-01 8.3582E-04  (-0.252    ,  1.953E-03,   0.00    ) |  8.358E-04 1.526E-03
     444 3.6742E-01 8.3557E-04  ( 0.252    ,  1.953E-03,   0.00    ) |  8.356E-04 1.526E-03
     445 3.6826E-01 8.3532E-04  ( 0.252    ,  1.953E-03,   0.00    ) |  8.353E-04 1.526E-03
     446 3.6909E-01 8.3507E-04  ( 0.252    ,  1.953E-03,   0.00    ) |  8.351E-04 1.526E-03
     447 3.6993E-01 8.3482E-04  (-0.252    , -1.953E-03,   0.00    ) |  8.348E-04 1.526E-03
     448 3.7076E-01 8.3457E-04  ( 0.252    ,  1.953E-03,   0.00    ) |  8.346E-04 1.526E-03
     449 3.7160E-01 8.3432E-04  (-0.252    , -1.953E-03,   0.00    ) |  8.343E-04 1.526E-03
     450 3.7243E-01 8.3407E-04  (-0.252    , -1.953E-03,   0.00    ) |  8.341E-04 1.526E-03
     451 3.7327E-01 8.3382E-04  (-0.252    , -1.953E-03,   0.00    ) |  8.338E-04 1.526E-03
     452 3.7410E-01 8.3357E-04  (-0.252    , -1.953E-03,   0.00    ) |  8.336E-04 1.526E-03
     453 3.7493E-01 8.3332E-04  (-0.252    , -1.953E-03,   0.00    ) |  8.333E-04 1.526E-03
 *** Wrote plotfile to flash_run_hdf5_plt_cnt_0015 ****
     454 3.7577E-01 8.3308E-04  (-0.252    , -1.953E-03,   0.00    ) |  8.331E-04 1.526E-03
     455 3.7660E-01 8.3283E-04  (-0.252    , -1.953E-03,   0.00    ) |  8.328E-04 1.526E-03
     456 3.7743E-01 8.3258E-04  (-0.252    , -1.953E-03,   0.00    ) |  8.326E-04 1.526E-03
     457 3.7826E-01 8.3233E-04  (-0.252    , -1.953E-03,   0.00    ) |  8.323E-04 1.526E-03
     458 3.7910E-01 8.3208E-04  (-0.252    , -1.953E-03,   0.00    ) |  8.321E-04 1.526E-03
     459 3.7993E-01 8.3184E-04  (-0.252    , -1.953E-03,   0.00    ) |  8.318E-04 1.526E-03
     460 3.8076E-01 8.3159E-04  (-0.252    , -1.953E-03,   0.00    ) |  8.316E-04 1.526E-03
     461 3.8159E-01 8.3134E-04  (-0.252    , -1.953E-03,   0.00    ) |  8.313E-04 1.526E-03
     462 3.8242E-01 8.3110E-04  (-0.252    , -1.953E-03,   0.00    ) |  8.311E-04 1.526E-03
     463 3.8325E-01 8.3085E-04  (-0.252    , -1.953E-03,   0.00    ) |  8.309E-04 1.526E-03
     464 3.8409E-01 8.3061E-04  (-0.252    , -1.953E-03,   0.00    ) |  8.306E-04 1.526E-03
     465 3.8492E-01 8.3036E-04  (-0.252    , -1.953E-03,   0.00    ) |  8.304E-04 1.526E-03
     466 3.8575E-01 8.3012E-04  (-0.252    , -1.953E-03,   0.00    ) |  8.301E-04 1.526E-03
     467 3.8658E-01 8.2987E-04  ( 0.252    ,  1.953E-03,   0.00    ) |  8.299E-04 1.526E-03
     468 3.8741E-01 8.2963E-04  (-0.252    , -1.953E-03,   0.00    ) |  8.296E-04 1.526E-03
     469 3.8824E-01 8.2938E-04  (-0.252    , -1.953E-03,   0.00    ) |  8.294E-04 1.526E-03
     470 3.8907E-01 8.2914E-04  (-0.252    , -1.953E-03,   0.00    ) |  8.291E-04 1.526E-03
     471 3.8989E-01 8.2890E-04  (-0.252    , -1.953E-03,   0.00    ) |  8.289E-04 1.526E-03
     472 3.9072E-01 8.2866E-04  ( 0.252    ,  1.953E-03,   0.00    ) |  8.287E-04 1.526E-03
     473 3.9155E-01 8.2842E-04  (-0.252    , -1.953E-03,   0.00    ) |  8.284E-04 1.526E-03
     474 3.9238E-01 8.2817E-04  (-0.252    , -1.953E-03,   0.00    ) |  8.282E-04 1.526E-03
     475 3.9321E-01 8.2793E-04  (-0.252    , -1.953E-03,   0.00    ) |  8.279E-04 1.526E-03
     476 3.9404E-01 8.2769E-04  (-0.252    , -1.953E-03,   0.00    ) |  8.277E-04 1.526E-03
     477 3.9486E-01 8.2745E-04  (-0.252    , -1.953E-03,   0.00    ) |  8.275E-04 1.526E-03
     478 3.9569E-01 8.2721E-04  (-0.252    , -1.953E-03,   0.00    ) |  8.272E-04 1.526E-03
     479 3.9652E-01 8.2698E-04  (-0.252    , -1.953E-03,   0.00    ) |  8.270E-04 1.526E-03
     480 3.9735E-01 8.2674E-04  (-0.252    , -1.953E-03,   0.00    ) |  8.267E-04 1.526E-03
     481 3.9817E-01 8.2650E-04  (-0.252    , -1.953E-03,   0.00    ) |  8.265E-04 1.526E-03
     482 3.9900E-01 8.2626E-04  (-0.252    , -1.953E-03,   0.00    ) |  8.263E-04 1.526E-03
     483 3.9983E-01 8.2602E-04  (-0.252    , -1.953E-03,   0.00    ) |  8.260E-04 1.526E-03
 *** Wrote plotfile to flash_run_hdf5_plt_cnt_0016 ****
     484 4.0065E-01 8.2579E-04  (-0.252    , -1.953E-03,   0.00    ) |  8.258E-04 1.526E-03
     485 4.0148E-01 8.2555E-04  (-0.252    , -1.953E-03,   0.00    ) |  8.256E-04 1.526E-03
     486 4.0230E-01 8.2532E-04  (-0.252    , -1.953E-03,   0.00    ) |  8.253E-04 1.526E-03
     487 4.0313E-01 8.2508E-04  (-0.252    , -1.953E-03,   0.00    ) |  8.251E-04 1.526E-03
     488 4.0395E-01 8.2485E-04  (-0.252    , -1.953E-03,   0.00    ) |  8.249E-04 1.526E-03
     489 4.0478E-01 8.2462E-04  (-0.252    , -1.953E-03,   0.00    ) |  8.246E-04 1.526E-03
     490 4.0560E-01 8.2438E-04  (-0.252    , -1.953E-03,   0.00    ) |  8.244E-04 1.526E-03
     491 4.0643E-01 8.2415E-04  (-0.252    , -1.953E-03,   0.00    ) |  8.242E-04 1.526E-03
     492 4.0725E-01 8.2392E-04  (-0.252    , -1.953E-03,   0.00    ) |  8.239E-04 1.526E-03
     493 4.0808E-01 8.2369E-04  ( 0.252    , -1.953E-03,   0.00    ) |  8.237E-04 1.526E-03
     494 4.0890E-01 8.2346E-04  ( 0.252    , -1.953E-03,   0.00    ) |  8.235E-04 1.526E-03
     495 4.0972E-01 8.2323E-04  ( 0.252    , -1.953E-03,   0.00    ) |  8.232E-04 1.526E-03
     496 4.1055E-01 8.2300E-04  ( 0.252    , -1.953E-03,   0.00    ) |  8.230E-04 1.526E-03
     497 4.1137E-01 8.2277E-04  ( 0.252    , -1.953E-03,   0.00    ) |  8.228E-04 1.526E-03
     498 4.1219E-01 8.2255E-04  (-0.252    , -1.953E-03,   0.00    ) |  8.225E-04 1.526E-03
     499 4.1301E-01 8.2232E-04  ( 0.252    , -1.953E-03,   0.00    ) |  8.223E-04 1.526E-03
     500 4.1384E-01 8.2209E-04  ( 0.252    , -1.953E-03,   0.00    ) |  8.221E-04 1.526E-03
     501 4.1466E-01 8.2187E-04  ( 0.252    , -1.953E-03,   0.00    ) |  8.219E-04 1.526E-03
     502 4.1548E-01 8.2164E-04  ( 0.252    , -1.953E-03,   0.00    ) |  8.216E-04 1.526E-03
     503 4.1630E-01 8.2142E-04  ( 0.252    , -1.953E-03,   0.00    ) |  8.214E-04 1.526E-03
     504 4.1712E-01 8.2120E-04  ( 0.252    , -1.953E-03,   0.00    ) |  8.212E-04 1.526E-03
     505 4.1794E-01 8.2097E-04  ( 0.256    , -1.953E-03,   0.00    ) |  8.210E-04 1.526E-03
     506 4.1877E-01 8.2075E-04  ( 0.256    , -1.953E-03,   0.00    ) |  8.207E-04 1.526E-03
     507 4.1959E-01 8.2053E-04  (-0.256    , -1.953E-03,   0.00    ) |  8.205E-04 1.526E-03
     508 4.2041E-01 8.2031E-04  ( 0.256    , -1.953E-03,   0.00    ) |  8.203E-04 1.526E-03
     509 4.2123E-01 8.2008E-04  (-0.256    , -1.953E-03,   0.00    ) |  8.201E-04 1.526E-03
     510 4.2205E-01 8.1986E-04  (-0.256    , -1.953E-03,   0.00    ) |  8.199E-04 1.526E-03
     511 4.2287E-01 8.1964E-04  ( 0.256    , -1.953E-03,   0.00    ) |  8.196E-04 1.526E-03
     512 4.2369E-01 8.1942E-04  ( 0.256    , -1.953E-03,   0.00    ) |  8.194E-04 1.526E-03
     513 4.2451E-01 8.1921E-04  ( 0.256    , -1.953E-03,   0.00    ) |  8.192E-04 1.526E-03
 *** Wrote plotfile to flash_run_hdf5_plt_cnt_0017 ****
     514 4.2533E-01 8.1899E-04  ( 0.256    , -1.953E-03,   0.00    ) |  8.190E-04 1.526E-03
     515 4.2614E-01 8.1877E-04  ( 0.256    , -1.953E-03,   0.00    ) |  8.188E-04 1.526E-03
     516 4.2696E-01 8.1856E-04  ( 0.256    , -1.953E-03,   0.00    ) |  8.186E-04 1.526E-03
     517 4.2778E-01 8.1834E-04  ( 0.256    , -1.953E-03,   0.00    ) |  8.183E-04 1.526E-03
     518 4.2860E-01 8.1813E-04  ( 0.256    , -1.953E-03,   0.00    ) |  8.181E-04 1.526E-03
     519 4.2942E-01 8.1791E-04  ( 0.256    , -1.953E-03,   0.00    ) |  8.179E-04 1.526E-03
     520 4.3024E-01 8.1770E-04  ( 0.256    , -1.953E-03,   0.00    ) |  8.177E-04 1.526E-03
     521 4.3105E-01 8.1749E-04  ( 0.256    , -1.953E-03,   0.00    ) |  8.175E-04 1.526E-03
     522 4.3187E-01 8.1727E-04  ( 0.256    ,  1.953E-03,   0.00    ) |  8.173E-04 1.526E-03
     523 4.3269E-01 8.1706E-04  ( 0.256    , -1.953E-03,   0.00    ) |  8.171E-04 1.526E-03
     524 4.3351E-01 8.1685E-04  ( 0.256    , -1.953E-03,   0.00    ) |  8.169E-04 1.526E-03
     525 4.3432E-01 8.1664E-04  ( 0.256    ,  1.953E-03,   0.00    ) |  8.166E-04 1.526E-03
     526 4.3514E-01 8.1643E-04  ( 0.256    ,  1.953E-03,   0.00    ) |  8.164E-04 1.526E-03
     527 4.3596E-01 8.1622E-04  ( 0.256    ,  1.953E-03,   0.00    ) |  8.162E-04 1.526E-03
     528 4.3677E-01 8.1601E-04  ( 0.256    ,  1.953E-03,   0.00    ) |  8.160E-04 1.526E-03
     529 4.3759E-01 8.1581E-04  ( 0.256    ,  1.953E-03,   0.00    ) |  8.158E-04 1.526E-03
     530 4.3840E-01 8.1560E-04  ( 0.256    ,  1.953E-03,   0.00    ) |  8.156E-04 1.526E-03
     531 4.3922E-01 8.1539E-04  ( 0.256    ,  1.953E-03,   0.00    ) |  8.154E-04 1.526E-03
     532 4.4003E-01 8.1519E-04  ( 0.256    ,  1.953E-03,   0.00    ) |  8.152E-04 1.526E-03
     533 4.4085E-01 8.1498E-04  ( 0.256    ,  1.953E-03,   0.00    ) |  8.150E-04 1.526E-03
     534 4.4166E-01 8.1478E-04  ( 0.256    ,  1.953E-03,   0.00    ) |  8.148E-04 1.526E-03
     535 4.4248E-01 8.1458E-04  ( 0.256    ,  1.953E-03,   0.00    ) |  8.146E-04 1.526E-03
     536 4.4329E-01 8.1437E-04  ( 0.256    ,  1.953E-03,   0.00    ) |  8.144E-04 1.526E-03
     537 4.4411E-01 8.1417E-04  ( 0.256    ,  1.953E-03,   0.00    ) |  8.142E-04 1.526E-03
     538 4.4492E-01 8.1397E-04  ( 0.256    ,  1.953E-03,   0.00    ) |  8.140E-04 1.526E-03
     539 4.4574E-01 8.1377E-04  ( 0.256    ,  1.953E-03,   0.00    ) |  8.138E-04 1.526E-03
     540 4.4655E-01 8.1357E-04  ( 0.256    ,  1.953E-03,   0.00    ) |  8.136E-04 1.526E-03
     541 4.4736E-01 8.1337E-04  ( 0.256    ,  1.953E-03,   0.00    ) |  8.134E-04 1.526E-03
     542 4.4818E-01 8.1317E-04  (-0.256    , -1.953E-03,   0.00    ) |  8.132E-04 1.526E-03
     543 4.4899E-01 8.1298E-04  (-0.256    , -1.953E-03,   0.00    ) |  8.130E-04 1.526E-03
     544 4.4980E-01 8.1278E-04  (-0.256    , -1.953E-03,   0.00    ) |  8.128E-04 1.526E-03
 *** Wrote plotfile to flash_run_hdf5_plt_cnt_0018 ****
     545 4.5062E-01 8.1258E-04  (-0.256    , -1.953E-03,   0.00    ) |  8.126E-04 1.526E-03
     546 4.5143E-01 8.1239E-04  (-0.256    , -1.953E-03,   0.00    ) |  8.124E-04 1.526E-03
     547 4.5224E-01 8.1219E-04  (-0.256    , -1.953E-03,   0.00    ) |  8.122E-04 1.526E-03
     548 4.5305E-01 8.1200E-04  (-0.256    , -1.953E-03,   0.00    ) |  8.120E-04 1.526E-03
     549 4.5387E-01 8.1181E-04  (-0.256    , -1.953E-03,   0.00    ) |  8.118E-04 1.526E-03
     550 4.5468E-01 8.1161E-04  (-0.256    , -1.953E-03,   0.00    ) |  8.116E-04 1.526E-03
     551 4.5549E-01 8.1142E-04  (-0.256    , -1.953E-03,   0.00    ) |  8.114E-04 1.526E-03
     552 4.5630E-01 8.1123E-04  (-0.256    , -1.953E-03,   0.00    ) |  8.112E-04 1.526E-03
     553 4.5711E-01 8.1104E-04  (-0.256    , -1.953E-03,   0.00    ) |  8.110E-04 1.526E-03
     554 4.5792E-01 8.1085E-04  (-0.256    , -1.953E-03,   0.00    ) |  8.108E-04 1.526E-03
     555 4.5873E-01 8.1066E-04  (-0.256    , -1.953E-03,   0.00    ) |  8.107E-04 1.526E-03
     556 4.5954E-01 8.1047E-04  (-0.256    , -1.953E-03,   0.00    ) |  8.105E-04 1.526E-03
     557 4.6035E-01 8.1028E-04  (-0.256    , -1.953E-03,   0.00    ) |  8.103E-04 1.526E-03
     558 4.6116E-01 8.1010E-04  (-0.256    , -1.953E-03,   0.00    ) |  8.101E-04 1.526E-03
     559 4.6197E-01 8.0991E-04  (-0.256    , -1.953E-03,   0.00    ) |  8.099E-04 1.526E-03
     560 4.6278E-01 8.0972E-04  (-0.256    , -1.953E-03,   0.00    ) |  8.097E-04 1.526E-03
     561 4.6359E-01 8.0954E-04  (-0.260    , -1.953E-03,   0.00    ) |  8.095E-04 1.526E-03
     562 4.6440E-01 8.0935E-04  (-0.260    , -1.953E-03,   0.00    ) |  8.094E-04 1.526E-03
     563 4.6521E-01 8.0917E-04  (-0.260    , -1.953E-03,   0.00    ) |  8.092E-04 1.526E-03
     564 4.6602E-01 8.0898E-04  (-0.260    , -1.953E-03,   0.00    ) |  8.090E-04 1.526E-03
     565 4.6683E-01 8.0880E-04  (-0.260    , -1.953E-03,   0.00    ) |  8.088E-04 1.526E-03
     566 4.6764E-01 8.0862E-04  (-0.260    , -1.953E-03,   0.00    ) |  8.086E-04 1.526E-03
     567 4.6845E-01 8.0844E-04  (-0.260    , -1.953E-03,   0.00    ) |  8.084E-04 1.526E-03
     568 4.6926E-01 8.0826E-04  (-0.260    , -1.953E-03,   0.00    ) |  8.083E-04 1.526E-03
     569 4.7007E-01 8.0807E-04  (-0.260    , -1.953E-03,   0.00    ) |  8.081E-04 1.526E-03
     570 4.7087E-01 8.0789E-04  (-0.260    , -1.953E-03,   0.00    ) |  8.079E-04 1.526E-03
     571 4.7168E-01 8.0772E-04  (-0.260    , -1.953E-03,   0.00    ) |  8.077E-04 1.526E-03
     572 4.7249E-01 8.0754E-04  (-0.260    , -1.953E-03,   0.00    ) |  8.075E-04 1.526E-03
     573 4.7330E-01 8.0736E-04  (-0.260    , -1.953E-03,   0.00    ) |  8.074E-04 1.526E-03
     574 4.7410E-01 8.0718E-04  (-0.260    , -1.953E-03,   0.00    ) |  8.072E-04 1.526E-03
     575 4.7491E-01 8.0701E-04  (-0.260    , -1.953E-03,   0.00    ) |  8.070E-04 1.526E-03
 *** Wrote plotfile to flash_run_hdf5_plt_cnt_0019 ****
     576 4.7572E-01 8.0683E-04  (-0.260    , -1.953E-03,   0.00    ) |  8.068E-04 1.526E-03
     577 4.7653E-01 8.0666E-04  (-0.260    , -1.953E-03,   0.00    ) |  8.067E-04 1.526E-03
     578 4.7733E-01 8.0648E-04  (-0.260    , -1.953E-03,   0.00    ) |  8.065E-04 1.526E-03
     579 4.7814E-01 8.0631E-04  (-0.260    , -1.953E-03,   0.00    ) |  8.063E-04 1.526E-03
     580 4.7894E-01 8.0613E-04  (-0.260    , -1.953E-03,   0.00    ) |  8.061E-04 1.526E-03
     581 4.7975E-01 8.0596E-04  (-0.260    , -1.953E-03,   0.00    ) |  8.060E-04 1.526E-03
     582 4.8056E-01 8.0579E-04  (-0.260    , -1.953E-03,   0.00    ) |  8.058E-04 1.526E-03
     583 4.8136E-01 8.0562E-04  (-0.260    , -1.953E-03,   0.00    ) |  8.056E-04 1.526E-03
     584 4.8217E-01 8.0545E-04  (-0.260    , -1.953E-03,   0.00    ) |  8.054E-04 1.526E-03
     585 4.8297E-01 8.0528E-04  (-0.260    , -1.953E-03,   0.00    ) |  8.053E-04 1.526E-03
     586 4.8378E-01 8.0511E-04  (-0.260    , -1.953E-03,   0.00    ) |  8.051E-04 1.526E-03
     587 4.8458E-01 8.0494E-04  (-0.260    , -1.953E-03,   0.00    ) |  8.049E-04 1.526E-03
     588 4.8539E-01 8.0477E-04  (-0.260    , -1.953E-03,   0.00    ) |  8.048E-04 1.526E-03
     589 4.8619E-01 8.0460E-04  (-0.260    , -1.953E-03,   0.00    ) |  8.046E-04 1.526E-03
     590 4.8700E-01 8.0444E-04  (-0.260    , -1.953E-03,   0.00    ) |  8.044E-04 1.526E-03
     591 4.8780E-01 8.0427E-04  (-0.260    , -1.953E-03,   0.00    ) |  8.043E-04 1.526E-03
     592 4.8861E-01 8.0410E-04  (-0.260    , -1.953E-03,   0.00    ) |  8.041E-04 1.526E-03
     593 4.8941E-01 8.0394E-04  (-0.260    , -1.953E-03,   0.00    ) |  8.039E-04 1.526E-03
     594 4.9022E-01 8.0378E-04  (-0.260    , -1.953E-03,   0.00    ) |  8.038E-04 1.526E-03
     595 4.9102E-01 8.0361E-04  (-0.260    , -1.953E-03,   0.00    ) |  8.036E-04 1.526E-03
     596 4.9182E-01 8.0345E-04  (-0.260    , -1.953E-03,   0.00    ) |  8.034E-04 1.526E-03
     597 4.9263E-01 8.0329E-04  (-0.260    , -1.953E-03,   0.00    ) |  8.033E-04 1.526E-03
     598 4.9343E-01 8.0313E-04  (-0.260    , -1.953E-03,   0.00    ) |  8.031E-04 1.526E-03
     599 4.9423E-01 8.0296E-04  (-0.260    , -1.953E-03,   0.00    ) |  8.030E-04 1.526E-03
     600 4.9504E-01 8.0280E-04  (-0.260    , -1.953E-03,   0.00    ) |  8.028E-04 1.526E-03
     601 4.9584E-01 8.0264E-04  (-0.260    , -1.953E-03,   0.00    ) |  8.026E-04 1.526E-03
     602 4.9664E-01 8.0249E-04  (-0.260    , -1.953E-03,   0.00    ) |  8.025E-04 1.526E-03
     603 4.9744E-01 8.0233E-04  (-0.260    , -1.953E-03,   0.00    ) |  8.023E-04 1.526E-03
     604 4.9825E-01 8.0217E-04  (-0.260    , -1.953E-03,   0.00    ) |  8.022E-04 1.526E-03
     605 4.9905E-01 8.0201E-04  (-0.260    , -1.953E-03,   0.00    ) |  8.020E-04 1.526E-03
     606 4.9985E-01 8.0186E-04  (-0.260    , -1.953E-03,   0.00    ) |  8.019E-04 1.526E-03
 *** Wrote plotfile to flash_run_hdf5_plt_cnt_0020 ****
     607 5.0065E-01 8.0170E-04  (-0.260    , -1.953E-03,   0.00    ) |  8.017E-04 1.526E-03
     608 5.0145E-01 8.0155E-04  (-0.260    , -1.953E-03,   0.00    ) |  8.015E-04 1.526E-03
     609 5.0225E-01 8.0139E-04  (-0.260    , -1.953E-03,   0.00    ) |  8.014E-04 1.526E-03
     610 5.0306E-01 8.0124E-04  (-0.260    , -1.953E-03,   0.00    ) |  8.012E-04 1.526E-03
     611 5.0386E-01 8.0108E-04  (-0.260    , -1.953E-03,   0.00    ) |  8.011E-04 1.526E-03
     612 5.0466E-01 8.0093E-04  (-0.260    , -1.953E-03,   0.00    ) |  8.009E-04 1.526E-03
     613 5.0546E-01 8.0078E-04  (-0.260    , -1.953E-03,   0.00    ) |  8.008E-04 1.526E-03
     614 5.0626E-01 8.0063E-04  (-0.260    , -1.953E-03,   0.00    ) |  8.006E-04 1.526E-03
     615 5.0706E-01 8.0048E-04  (-0.260    , -1.953E-03,   0.00    ) |  8.005E-04 1.526E-03
     616 5.0786E-01 8.0033E-04  (-0.260    , -1.953E-03,   0.00    ) |  8.003E-04 1.526E-03
     617 5.0866E-01 8.0018E-04  (-0.260    , -1.953E-03,   0.00    ) |  8.002E-04 1.526E-03
     618 5.0946E-01 8.0003E-04  (-0.260    , -1.953E-03,   0.00    ) |  8.000E-04 1.526E-03
     619 5.1026E-01 7.9989E-04  (-0.260    , -1.953E-03,   0.00    ) |  7.999E-04 1.526E-03
     620 5.1106E-01 7.9974E-04  (-0.260    , -1.953E-03,   0.00    ) |  7.997E-04 1.526E-03
     621 5.1186E-01 7.9959E-04  (-0.260    , -1.953E-03,   0.00    ) |  7.996E-04 1.526E-03
     622 5.1266E-01 7.9945E-04  (-0.260    , -1.953E-03,   0.00    ) |  7.994E-04 1.526E-03
     623 5.1346E-01 7.9930E-04  (-0.260    , -1.953E-03,   0.00    ) |  7.993E-04 1.526E-03
     624 5.1426E-01 7.9916E-04  (-0.260    , -1.953E-03,   0.00    ) |  7.992E-04 1.526E-03
     625 5.1506E-01 7.9901E-04  (-0.264    , -1.953E-03,   0.00    ) |  7.990E-04 1.526E-03
     626 5.1586E-01 7.9887E-04  (-0.264    , -1.953E-03,   0.00    ) |  7.989E-04 1.526E-03
     627 5.1666E-01 7.9872E-04  ( 0.264    , -1.953E-03,   0.00    ) |  7.987E-04 1.526E-03
     628 5.1746E-01 7.9858E-04  (-0.264    , -1.953E-03,   0.00    ) |  7.986E-04 1.526E-03
     629 5.1825E-01 7.9844E-04  ( 0.264    , -1.953E-03,   0.00    ) |  7.984E-04 1.526E-03
     630 5.1905E-01 7.9830E-04  ( 0.264    , -1.953E-03,   0.00    ) |  7.983E-04 1.526E-03
     631 5.1985E-01 7.9815E-04  (-0.264    , -1.953E-03,   0.00    ) |  7.982E-04 1.526E-03
     632 5.2065E-01 7.9801E-04  (-0.264    , -1.953E-03,   0.00    ) |  7.980E-04 1.526E-03
     633 5.2145E-01 7.9787E-04  (-0.264    , -1.953E-03,   0.00    ) |  7.979E-04 1.526E-03
     634 5.2225E-01 7.9774E-04  (-0.264    , -1.953E-03,   0.00    ) |  7.977E-04 1.526E-03
     635 5.2304E-01 7.9760E-04  (-0.264    , -1.953E-03,   0.00    ) |  7.976E-04 1.526E-03
     636 5.2384E-01 7.9746E-04  (-0.264    , -1.953E-03,   0.00    ) |  7.975E-04 1.526E-03
     637 5.2464E-01 7.9732E-04  (-0.264    , -1.953E-03,   0.00    ) |  7.973E-04 1.526E-03
 *** Wrote plotfile to flash_run_hdf5_plt_cnt_0021 ****
     638 5.2544E-01 7.9719E-04  (-0.264    , -1.953E-03,   0.00    ) |  7.972E-04 1.526E-03
     639 5.2623E-01 7.9705E-04  ( 0.264    ,  1.953E-03,   0.00    ) |  7.971E-04 1.526E-03
     640 5.2703E-01 7.9692E-04  (-0.264    , -1.953E-03,   0.00    ) |  7.969E-04 1.526E-03
     641 5.2783E-01 7.9678E-04  ( 0.264    ,  1.953E-03,   0.00    ) |  7.968E-04 1.526E-03
     642 5.2862E-01 7.9665E-04  (-0.264    , -1.953E-03,   0.00    ) |  7.966E-04 1.526E-03
     643 5.2942E-01 7.9651E-04  (-0.264    , -1.953E-03,   0.00    ) |  7.965E-04 1.526E-03
     644 5.3022E-01 7.9638E-04  (-0.264    , -1.953E-03,   0.00    ) |  7.964E-04 1.526E-03
     645 5.3101E-01 7.9625E-04  (-0.264    , -1.953E-03,   0.00    ) |  7.963E-04 1.526E-03
     646 5.3181E-01 7.9612E-04  ( 0.264    ,  1.953E-03,   0.00    ) |  7.961E-04 1.526E-03
     647 5.3261E-01 7.9599E-04  ( 0.264    ,  1.953E-03,   0.00    ) |  7.960E-04 1.526E-03
     648 5.3340E-01 7.9586E-04  ( 0.264    ,  1.953E-03,   0.00    ) |  7.959E-04 1.526E-03
     649 5.3420E-01 7.9573E-04  ( 0.264    ,  1.953E-03,   0.00    ) |  7.957E-04 1.526E-03
     650 5.3499E-01 7.9561E-04  ( 0.264    ,  1.953E-03,   0.00    ) |  7.956E-04 1.526E-03
     651 5.3579E-01 7.9548E-04  ( 0.264    ,  1.953E-03,   0.00    ) |  7.955E-04 1.526E-03
     652 5.3658E-01 7.9535E-04  ( 0.264    ,  1.953E-03,   0.00    ) |  7.954E-04 1.526E-03
     653 5.3738E-01 7.9523E-04  ( 0.264    ,  1.953E-03,   0.00    ) |  7.952E-04 1.526E-03
     654 5.3817E-01 7.9511E-04  ( 0.264    ,  1.953E-03,   0.00    ) |  7.951E-04 1.526E-03
     655 5.3897E-01 7.9498E-04  (-0.264    ,  1.953E-03,   0.00    ) |  7.950E-04 1.526E-03
     656 5.3976E-01 7.9486E-04  (-0.264    ,  1.953E-03,   0.00    ) |  7.949E-04 1.526E-03
     657 5.4056E-01 7.9474E-04  (-0.264    ,  1.953E-03,   0.00    ) |  7.947E-04 1.526E-03
     658 5.4135E-01 7.9461E-04  (-0.264    ,  1.953E-03,   0.00    ) |  7.946E-04 1.526E-03
     659 5.4215E-01 7.9449E-04  ( 0.264    ,  1.953E-03,   0.00    ) |  7.945E-04 1.526E-03
     660 5.4294E-01 7.9437E-04  ( 0.264    ,  1.953E-03,   0.00    ) |  7.944E-04 1.526E-03
     661 5.4374E-01 7.9425E-04  ( 0.264    ,  1.953E-03,   0.00    ) |  7.943E-04 1.526E-03
     662 5.4453E-01 7.9414E-04  ( 0.264    ,  1.953E-03,   0.00    ) |  7.941E-04 1.526E-03
     663 5.4533E-01 7.9402E-04  ( 0.264    ,  1.953E-03,   0.00    ) |  7.940E-04 1.526E-03
     664 5.4612E-01 7.9390E-04  ( 0.264    ,  1.953E-03,   0.00    ) |  7.939E-04 1.526E-03
     665 5.4691E-01 7.9378E-04  (-0.268    ,  1.953E-03,   0.00    ) |  7.938E-04 1.526E-03
     666 5.4771E-01 7.9366E-04  (-0.268    ,  1.953E-03,   0.00    ) |  7.937E-04 1.526E-03
     667 5.4850E-01 7.9355E-04  (-0.268    ,  1.953E-03,   0.00    ) |  7.935E-04 1.526E-03
     668 5.4929E-01 7.9343E-04  ( 0.268    ,  1.953E-03,   0.00    ) |  7.934E-04 1.526E-03
 *** Wrote plotfile to flash_run_hdf5_plt_cnt_0022 ****
     669 5.5009E-01 7.9331E-04  ( 0.268    ,  1.953E-03,   0.00    ) |  7.933E-04 1.526E-03
     670 5.5088E-01 7.9320E-04  ( 0.268    ,  1.953E-03,   0.00    ) |  7.932E-04 1.526E-03
     671 5.5167E-01 7.9308E-04  ( 0.268    ,  1.953E-03,   0.00    ) |  7.931E-04 1.526E-03
     672 5.5247E-01 7.9297E-04  ( 0.268    ,  1.953E-03,   0.00    ) |  7.930E-04 1.526E-03
     673 5.5326E-01 7.9286E-04  ( 0.268    ,  1.953E-03,   0.00    ) |  7.929E-04 1.526E-03
     674 5.5405E-01 7.9274E-04  ( 0.268    ,  1.953E-03,   0.00    ) |  7.927E-04 1.526E-03
     675 5.5485E-01 7.9263E-04  ( 0.268    ,  1.953E-03,   0.00    ) |  7.926E-04 1.526E-03
     676 5.5564E-01 7.9252E-04  ( 0.268    ,  1.953E-03,   0.00    ) |  7.925E-04 1.526E-03
     677 5.5643E-01 7.9241E-04  ( 0.268    ,  1.953E-03,   0.00    ) |  7.924E-04 1.526E-03
     678 5.5722E-01 7.9230E-04  ( 0.268    ,  1.953E-03,   0.00    ) |  7.923E-04 1.526E-03
     679 5.5802E-01 7.9219E-04  ( 0.268    ,  1.953E-03,   0.00    ) |  7.922E-04 1.526E-03
     680 5.5881E-01 7.9209E-04  ( 0.268    ,  1.953E-03,   0.00    ) |  7.921E-04 1.526E-03
     681 5.5960E-01 7.9198E-04  ( 0.268    ,  1.953E-03,   0.00    ) |  7.920E-04 1.526E-03
     682 5.6039E-01 7.9187E-04  ( 0.268    ,  1.953E-03,   0.00    ) |  7.919E-04 1.526E-03
     683 5.6118E-01 7.9177E-04  ( 0.268    ,  1.953E-03,   0.00    ) |  7.918E-04 1.526E-03
     684 5.6198E-01 7.9166E-04  ( 0.268    ,  1.953E-03,   0.00    ) |  7.917E-04 1.526E-03
     685 5.6277E-01 7.9156E-04  ( 0.268    ,  1.953E-03,   0.00    ) |  7.916E-04 1.526E-03
     686 5.6356E-01 7.9146E-04  ( 0.268    ,  1.953E-03,   0.00    ) |  7.915E-04 1.526E-03
     687 5.6435E-01 7.9135E-04  ( 0.268    ,  1.953E-03,   0.00    ) |  7.914E-04 1.526E-03
     688 5.6514E-01 7.9125E-04  ( 0.268    ,  1.953E-03,   0.00    ) |  7.913E-04 1.526E-03
     689 5.6593E-01 7.9115E-04  ( 0.268    ,  1.953E-03,   0.00    ) |  7.912E-04 1.526E-03
     690 5.6672E-01 7.9105E-04  ( 0.268    ,  1.953E-03,   0.00    ) |  7.910E-04 1.526E-03
     691 5.6752E-01 7.9095E-04  ( 0.268    ,  1.953E-03,   0.00    ) |  7.909E-04 1.526E-03
     692 5.6831E-01 7.9085E-04  ( 0.268    ,  1.953E-03,   0.00    ) |  7.909E-04 1.526E-03
     693 5.6910E-01 7.9075E-04  ( 0.268    ,  1.953E-03,   0.00    ) |  7.908E-04 1.526E-03
     694 5.6989E-01 7.9065E-04  ( 0.268    ,  1.953E-03,   0.00    ) |  7.907E-04 1.526E-03
     695 5.7068E-01 7.9056E-04  ( 0.268    ,  1.953E-03,   0.00    ) |  7.906E-04 1.526E-03
     696 5.7147E-01 7.9046E-04  ( 0.268    ,  1.953E-03,   0.00    ) |  7.905E-04 1.526E-03
     697 5.7226E-01 7.9036E-04  ( 0.268    ,  1.953E-03,   0.00    ) |  7.904E-04 1.526E-03
     698 5.7305E-01 7.9027E-04  ( 0.268    ,  1.953E-03,   0.00    ) |  7.903E-04 1.526E-03
     699 5.7384E-01 7.9017E-04  ( 0.268    ,  1.953E-03,   0.00    ) |  7.902E-04 1.526E-03
     700 5.7463E-01 7.9008E-04  ( 0.268    ,  1.953E-03,   0.00    ) |  7.901E-04 1.526E-03
 *** Wrote plotfile to flash_run_hdf5_plt_cnt_0023 ****
     701 5.7542E-01 7.8998E-04  ( 0.268    ,  1.953E-03,   0.00    ) |  7.900E-04 1.526E-03
     702 5.7621E-01 7.8989E-04  ( 0.268    ,  1.953E-03,   0.00    ) |  7.899E-04 1.526E-03
     703 5.7700E-01 7.8980E-04  ( 0.271    ,  1.953E-03,   0.00    ) |  7.898E-04 1.526E-03
     704 5.7779E-01 7.8970E-04  ( 0.271    ,  1.953E-03,   0.00    ) |  7.897E-04 1.526E-03
     705 5.7858E-01 7.8961E-04  ( 0.271    ,  1.953E-03,   0.00    ) |  7.896E-04 1.526E-03
     706 5.7937E-01 7.8952E-04  ( 0.271    ,  1.953E-03,   0.00    ) |  7.895E-04 1.526E-03
     707 5.8016E-01 7.8942E-04  ( 0.271    ,  1.953E-03,   0.00    ) |  7.894E-04 1.526E-03
     708 5.8095E-01 7.8933E-04  ( 0.271    ,  1.953E-03,   0.00    ) |  7.893E-04 1.526E-03
     709 5.8174E-01 7.8924E-04  (-0.271    ,  1.953E-03,   0.00    ) |  7.892E-04 1.526E-03
     710 5.8253E-01 7.8915E-04  (-0.271    ,  1.953E-03,   0.00    ) |  7.891E-04 1.526E-03
     711 5.8332E-01 7.8906E-04  (-0.271    ,  1.953E-03,   0.00    ) |  7.891E-04 1.526E-03
     712 5.8411E-01 7.8897E-04  (-0.271    ,  1.953E-03,   0.00    ) |  7.890E-04 1.526E-03
     713 5.8489E-01 7.8888E-04  (-0.271    ,  1.953E-03,   0.00    ) |  7.889E-04 1.526E-03
     714 5.8568E-01 7.8879E-04  (-0.271    ,  1.953E-03,   0.00    ) |  7.888E-04 1.526E-03
     715 5.8647E-01 7.8870E-04  (-0.271    ,  1.953E-03,   0.00    ) |  7.887E-04 1.526E-03
     716 5.8726E-01 7.8861E-04  ( 0.271    ,  1.953E-03,   0.00    ) |  7.886E-04 1.526E-03
     717 5.8805E-01 7.8852E-04  ( 0.271    ,  1.953E-03,   0.00    ) |  7.885E-04 1.526E-03
     718 5.8884E-01 7.8844E-04  ( 0.271    ,  1.953E-03,   0.00    ) |  7.884E-04 1.526E-03
     719 5.8963E-01 7.8835E-04  ( 0.271    ,  1.953E-03,   0.00    ) |  7.883E-04 1.526E-03
     720 5.9041E-01 7.8826E-04  ( 0.271    ,  1.953E-03,   0.00    ) |  7.883E-04 1.526E-03
     721 5.9120E-01 7.8818E-04  ( 0.271    ,  1.953E-03,   0.00    ) |  7.882E-04 1.526E-03
     722 5.9199E-01 7.8809E-04  ( 0.271    ,  1.953E-03,   0.00    ) |  7.881E-04 1.526E-03
     723 5.9278E-01 7.8801E-04  ( 0.271    ,  1.953E-03,   0.00    ) |  7.880E-04 1.526E-03
     724 5.9357E-01 7.8792E-04  ( 0.271    ,  1.953E-03,   0.00    ) |  7.879E-04 1.526E-03
     725 5.9436E-01 7.8784E-04  ( 0.271    ,  1.953E-03,   0.00    ) |  7.878E-04 1.526E-03
     726 5.9514E-01 7.8776E-04  ( 0.271    ,  1.953E-03,   0.00    ) |  7.878E-04 1.526E-03
     727 5.9593E-01 7.8768E-04  ( 0.271    ,  1.953E-03,   0.00    ) |  7.877E-04 1.526E-03
     728 5.9672E-01 7.8760E-04  ( 0.271    ,  1.953E-03,   0.00    ) |  7.876E-04 1.526E-03
     729 5.9751E-01 7.8752E-04  (-0.271    ,  1.953E-03,   0.00    ) |  7.875E-04 1.526E-03
     730 5.9829E-01 7.8744E-04  ( 0.271    ,  1.953E-03,   0.00    ) |  7.874E-04 1.526E-03
     731 5.9908E-01 7.8737E-04  ( 0.271    ,  1.953E-03,   0.00    ) |  7.874E-04 1.526E-03
     732 5.9987E-01 7.8730E-04  (-0.271    ,  1.953E-03,   0.00    ) |  7.873E-04 1.526E-03
Shortening dt from 7.8729770115731803181E-04 to 1.3164713178825948603E-04 for reaching tmax= 0.5999999999999999778    
     733 6.0000E-01 1.5798E-04  (-0.271    ,  1.953E-03,   0.00    ) |  7.873E-04 1.526E-03
 *** Wrote checkpoint file to flash_run_hdf5_chk_0001 ****
 *** Wrote plotfile to flash_run_forced_hdf5_plt_cnt_0000 ****
